[0.006s][info][gc] Using Concurrent Mark Sweep
[0.006s][info][gc,heap,coops] Heap address: 0x0000000700000000, size: 4096 MB, Compressed Oops mode: Zero based, Oop shift amount: 3
[0.045s][info][safepoint    ] Entering safepoint region: EnableBiasedLocking
[0.045s][info][safepoint    ] Leaving safepoint region
[0.045s][info][safepoint    ] Total time for which application threads were stopped: 0.0001085 seconds, Stopping threads took: 0.0000497 seconds
[0.048s][info][safepoint    ] Application time: 0.0026772 seconds
[0.048s][info][safepoint    ] Entering safepoint region: RevokeBias
[0.048s][info][safepoint    ] Leaving safepoint region
[0.048s][info][safepoint    ] Total time for which application threads were stopped: 0.0000840 seconds, Stopping threads took: 0.0000326 seconds
[0.127s][info][safepoint    ] Application time: 0.0791910 seconds
[0.127s][info][safepoint    ] Entering safepoint region: Deoptimize
[0.127s][info][safepoint    ] Leaving safepoint region
[0.127s][info][safepoint    ] Total time for which application threads were stopped: 0.0000678 seconds, Stopping threads took: 0.0000078 seconds
[1.128s][info][safepoint    ] Application time: 1.0001020 seconds
[1.128s][info][safepoint    ] Entering safepoint region: Cleanup
[1.128s][info][safepoint    ] Leaving safepoint region
[1.128s][info][safepoint    ] Total time for which application threads were stopped: 0.0001276 seconds, Stopping threads took: 0.0000118 seconds
[1.355s][info][safepoint    ] Application time: 0.2270313 seconds
[1.355s][info][safepoint    ] Entering safepoint region: Deoptimize
[1.355s][info][safepoint    ] Leaving safepoint region
[1.355s][info][safepoint    ] Total time for which application threads were stopped: 0.0001540 seconds, Stopping threads took: 0.0000074 seconds
[1.394s][info][safepoint    ] Application time: 0.0390975 seconds
[1.394s][info][safepoint    ] Entering safepoint region: Deoptimize
[1.394s][info][safepoint    ] Leaving safepoint region
[1.394s][info][safepoint    ] Total time for which application threads were stopped: 0.0001355 seconds, Stopping threads took: 0.0000082 seconds
[1.439s][info][safepoint    ] Application time: 0.0447862 seconds
[1.439s][info][safepoint    ] Entering safepoint region: Deoptimize
[1.439s][info][safepoint    ] Leaving safepoint region
[1.439s][info][safepoint    ] Total time for which application threads were stopped: 0.0001618 seconds, Stopping threads took: 0.0000075 seconds
[2.316s][info][safepoint    ] Application time: 0.8770743 seconds
[2.316s][info][safepoint    ] Entering safepoint region: Deoptimize
[2.317s][info][safepoint    ] Leaving safepoint region
[2.317s][info][safepoint    ] Total time for which application threads were stopped: 0.0002648 seconds, Stopping threads took: 0.0000105 seconds
[2.469s][info][safepoint    ] Application time: 0.1524315 seconds
[2.469s][info][safepoint    ] Entering safepoint region: Deoptimize
[2.469s][info][safepoint    ] Leaving safepoint region
[2.469s][info][safepoint    ] Total time for which application threads were stopped: 0.0003596 seconds, Stopping threads took: 0.0000083 seconds
[2.739s][info][safepoint    ] Application time: 0.2693818 seconds
[2.739s][info][safepoint    ] Entering safepoint region: ICBufferFull
[2.739s][info][safepoint    ] Leaving safepoint region
[2.739s][info][safepoint    ] Total time for which application threads were stopped: 0.0001463 seconds, Stopping threads took: 0.0000081 seconds
[2.860s][info][safepoint    ] Application time: 0.1206475 seconds
[2.860s][info][safepoint    ] Entering safepoint region: Deoptimize
[2.860s][info][safepoint    ] Leaving safepoint region
[2.860s][info][safepoint    ] Total time for which application threads were stopped: 0.0003409 seconds, Stopping threads took: 0.0000083 seconds
[2.873s][info][safepoint    ] Application time: 0.0130775 seconds
[2.873s][info][safepoint    ] Entering safepoint region: Deoptimize
[2.874s][info][safepoint    ] Leaving safepoint region
[2.874s][info][safepoint    ] Total time for which application threads were stopped: 0.0006057 seconds, Stopping threads took: 0.0000141 seconds
[2.991s][info][safepoint    ] Application time: 0.1167421 seconds
[2.991s][info][safepoint    ] Entering safepoint region: Deoptimize
[2.991s][info][safepoint    ] Leaving safepoint region
[2.991s][info][safepoint    ] Total time for which application threads were stopped: 0.0003396 seconds, Stopping threads took: 0.0000071 seconds
[3.385s][info][safepoint    ] Application time: 0.3944433 seconds
[3.385s][info][safepoint    ] Entering safepoint region: ICBufferFull
[3.385s][info][safepoint    ] Leaving safepoint region
[3.385s][info][safepoint    ] Total time for which application threads were stopped: 0.0001453 seconds, Stopping threads took: 0.0000082 seconds
[3.421s][info][safepoint    ] Application time: 0.0355754 seconds
[3.421s][info][safepoint    ] Entering safepoint region: Deoptimize
[3.421s][info][safepoint    ] Leaving safepoint region
[3.421s][info][safepoint    ] Total time for which application threads were stopped: 0.0003208 seconds, Stopping threads took: 0.0000083 seconds
[3.512s][info][safepoint    ] Application time: 0.0903106 seconds
[3.512s][info][safepoint    ] Entering safepoint region: CollectForMetadataAllocation
[3.512s][info][safepoint    ] Leaving safepoint region
[3.512s][info][safepoint    ] Total time for which application threads were stopped: 0.0001703 seconds, Stopping threads took: 0.0000073 seconds
[3.583s][info][safepoint    ] Application time: 0.0711986 seconds
[3.583s][info][safepoint    ] Entering safepoint region: GenCollectForAllocation
[3.583s][info][gc,start     ] GC(0) Pause Young (Allocation Failure)
[3.587s][info][gc,task      ] GC(0) Using 4 workers of 4 for evacuation
[3.640s][debug][gc,ref       ] GC(0) Skipped phase1 of Reference Processing due to unavailable references
[3.640s][debug][gc,ref       ] GC(0) Skipped phase3 of Reference Processing due to unavailable references
[3.640s][debug][gc,age       ] GC(0) Desired survivor size 15400960 bytes, new threshold 1 (max threshold 6)
[3.640s][info ][gc,heap      ] GC(0) ParNew: 240896K->30078K(270976K)
[3.640s][info ][gc,heap      ] GC(0) CMS: 0K->2813K(602112K)
[3.640s][info ][gc,metaspace ] GC(0) Metaspace: 20576K->20576K(1069056K)
[3.640s][info ][gc           ] GC(0) Pause Young (Allocation Failure) 235M->32M(852M) 56.624ms
[3.640s][info ][gc,cpu       ] GC(0) User=0.16s Sys=0.01s Real=0.05s
[3.640s][info ][safepoint    ] Leaving safepoint region
[3.640s][info ][safepoint    ] Total time for which application threads were stopped: 0.0567840 seconds, Stopping threads took: 0.0000433 seconds
[3.640s][info ][safepoint    ] Application time: 0.0002030 seconds
[3.640s][info ][safepoint    ] Entering safepoint region: CMS_Initial_Mark
[3.640s][info ][gc,start     ] GC(1) Pause Initial Mark
[3.647s][info ][gc           ] GC(1) Pause Initial Mark 36M->36M(852M) 6.898ms
[3.647s][info ][gc,cpu       ] GC(1) User=0.02s Sys=0.00s Real=0.01s
[3.647s][info ][safepoint    ] Leaving safepoint region
[3.647s][info ][safepoint    ] Total time for which application threads were stopped: 0.0070363 seconds, Stopping threads took: 0.0000326 seconds
[3.647s][info ][gc           ] GC(1) Concurrent Mark
[3.648s][info ][safepoint    ] Application time: 0.0010075 seconds
[3.648s][info ][safepoint    ] Entering safepoint region: RevokeBias
[3.648s][info ][safepoint    ] Leaving safepoint region
[3.648s][info ][safepoint    ] Total time for which application threads were stopped: 0.0001662 seconds, Stopping threads took: 0.0000967 seconds
[3.648s][info ][safepoint    ] Application time: 0.0000553 seconds
[3.649s][info ][safepoint    ] Entering safepoint region: RevokeBias
[3.649s][info ][safepoint    ] Leaving safepoint region
[3.649s][info ][safepoint    ] Total time for which application threads were stopped: 0.0002997 seconds, Stopping threads took: 0.0001521 seconds
[3.649s][info ][safepoint    ] Application time: 0.0001692 seconds
[3.649s][info ][safepoint    ] Entering safepoint region: RevokeBias
[3.649s][info ][safepoint    ] Leaving safepoint region
[3.649s][info ][safepoint    ] Total time for which application threads were stopped: 0.0001082 seconds, Stopping threads took: 0.0000517 seconds
[3.683s][info ][gc           ] GC(1) Concurrent Mark 35.388ms
[3.683s][info ][gc,cpu       ] GC(1) User=0.11s Sys=0.00s Real=0.04s
[3.683s][info ][gc           ] GC(1) Concurrent Preclean
[3.683s][debug][gc,ref       ] GC(1) Preclean SoftReferences 0.001ms
[3.683s][debug][gc,ref       ] GC(1) Preclean WeakReferences 0.000ms
[3.683s][debug][gc,ref       ] GC(1) Preclean FinalReferences 0.001ms
[3.683s][debug][gc,ref       ] GC(1) Preclean PhantomReferences 0.000ms
[3.684s][info ][gc           ] GC(1) Concurrent Preclean 1.046ms
[3.684s][info ][gc,cpu       ] GC(1) User=0.00s Sys=0.00s Real=0.00s
[3.684s][info ][gc           ] GC(1) Concurrent Abortable Preclean
[3.695s][info ][safepoint    ] Application time: 0.0458964 seconds
[3.695s][info ][safepoint    ] Entering safepoint region: CollectForMetadataAllocation
[3.695s][info ][safepoint    ] Leaving safepoint region
[3.695s][info ][safepoint    ] Total time for which application threads were stopped: 0.0001602 seconds, Stopping threads took: 0.0000904 seconds
[3.721s][info ][safepoint    ] Application time: 0.0253225 seconds
[3.721s][info ][safepoint    ] Entering safepoint region: CollectForMetadataAllocation
[3.721s][info ][safepoint    ] Leaving safepoint region
[3.721s][info ][safepoint    ] Total time for which application threads were stopped: 0.0000780 seconds, Stopping threads took: 0.0000084 seconds
[3.743s][info ][safepoint    ] Application time: 0.0222798 seconds
[3.743s][info ][safepoint    ] Entering safepoint region: CollectForMetadataAllocation
[3.743s][info ][safepoint    ] Leaving safepoint region
[3.743s][info ][safepoint    ] Total time for which application threads were stopped: 0.0001447 seconds, Stopping threads took: 0.0000529 seconds
[3.770s][info ][safepoint    ] Application time: 0.0271410 seconds
[3.770s][info ][safepoint    ] Entering safepoint region: CollectForMetadataAllocation
[3.770s][info ][safepoint    ] Leaving safepoint region
[3.770s][info ][safepoint    ] Total time for which application threads were stopped: 0.0001354 seconds, Stopping threads took: 0.0000083 seconds
[3.791s][info ][safepoint    ] Application time: 0.0203969 seconds
[3.791s][info ][safepoint    ] Entering safepoint region: RevokeBias
[3.791s][info ][safepoint    ] Leaving safepoint region
[3.791s][info ][safepoint    ] Total time for which application threads were stopped: 0.0000786 seconds, Stopping threads took: 0.0000131 seconds
[3.791s][info ][safepoint    ] Application time: 0.0001189 seconds
[3.791s][info ][safepoint    ] Entering safepoint region: RevokeBias
[3.791s][info ][safepoint    ] Leaving safepoint region
[3.791s][info ][safepoint    ] Total time for which application threads were stopped: 0.0001038 seconds, Stopping threads took: 0.0000575 seconds
[3.792s][info ][safepoint    ] Application time: 0.0005932 seconds
[3.792s][info ][safepoint    ] Entering safepoint region: RevokeBias
[3.792s][info ][safepoint    ] Leaving safepoint region
[3.792s][info ][safepoint    ] Total time for which application threads were stopped: 0.0000966 seconds, Stopping threads took: 0.0000466 seconds
[3.794s][info ][safepoint    ] Application time: 0.0026315 seconds
[3.795s][info ][safepoint    ] Entering safepoint region: RevokeBias
[3.795s][info ][safepoint    ] Leaving safepoint region
[3.795s][info ][safepoint    ] Total time for which application threads were stopped: 0.0002035 seconds, Stopping threads took: 0.0001009 seconds
[3.795s][info ][safepoint    ] Application time: 0.0001081 seconds
[3.795s][info ][safepoint    ] Entering safepoint region: RevokeBias
[3.795s][info ][safepoint    ] Leaving safepoint region
[3.795s][info ][safepoint    ] Total time for which application threads were stopped: 0.0001161 seconds, Stopping threads took: 0.0000427 seconds
[3.795s][info ][safepoint    ] Application time: 0.0001472 seconds
[3.795s][info ][safepoint    ] Entering safepoint region: RevokeBias
[3.795s][info ][safepoint    ] Leaving safepoint region
[3.795s][info ][safepoint    ] Total time for which application threads were stopped: 0.0001296 seconds, Stopping threads took: 0.0000634 seconds
[3.796s][info ][safepoint    ] Application time: 0.0003004 seconds
[3.796s][info ][safepoint    ] Entering safepoint region: RevokeBias
[3.796s][info ][safepoint    ] Leaving safepoint region
[3.796s][info ][safepoint    ] Total time for which application threads were stopped: 0.0000958 seconds, Stopping threads took: 0.0000501 seconds
[3.796s][info ][safepoint    ] Application time: 0.0001516 seconds
[3.796s][info ][safepoint    ] Entering safepoint region: RevokeBias
[3.796s][info ][safepoint    ] Leaving safepoint region
[3.796s][info ][safepoint    ] Total time for which application threads were stopped: 0.0003714 seconds, Stopping threads took: 0.0003154 seconds
[3.797s][info ][safepoint    ] Application time: 0.0003719 seconds
[3.797s][info ][safepoint    ] Entering safepoint region: RevokeBias
[3.797s][info ][safepoint    ] Leaving safepoint region
[3.797s][info ][safepoint    ] Total time for which application threads were stopped: 0.0001442 seconds, Stopping threads took: 0.0000874 seconds
[3.801s][info ][safepoint    ] Application time: 0.0037815 seconds
[3.801s][info ][safepoint    ] Entering safepoint region: RevokeBias
[3.801s][info ][safepoint    ] Leaving safepoint region
[3.801s][info ][safepoint    ] Total time for which application threads were stopped: 0.0001569 seconds, Stopping threads took: 0.0000998 seconds
[3.801s][info ][safepoint    ] Application time: 0.0001514 seconds
[3.801s][info ][safepoint    ] Entering safepoint region: RevokeBias
[3.801s][info ][safepoint    ] Leaving safepoint region
[3.801s][info ][safepoint    ] Total time for which application threads were stopped: 0.0002202 seconds, Stopping threads took: 0.0001090 seconds
[3.801s][info ][safepoint    ] Application time: 0.0001818 seconds
[3.801s][info ][safepoint    ] Entering safepoint region: RevokeBias
[3.801s][info ][safepoint    ] Leaving safepoint region
[3.802s][info ][safepoint    ] Total time for which application threads were stopped: 0.0001433 seconds, Stopping threads took: 0.0000619 seconds
[3.802s][info ][safepoint    ] Application time: 0.0001505 seconds
[3.802s][info ][safepoint    ] Entering safepoint region: RevokeBias
[3.802s][info ][safepoint    ] Leaving safepoint region
[3.802s][info ][safepoint    ] Total time for which application threads were stopped: 0.0003492 seconds, Stopping threads took: 0.0002883 seconds
[3.802s][info ][safepoint    ] Application time: 0.0000872 seconds
[3.802s][info ][safepoint    ] Entering safepoint region: RevokeBias
[3.802s][info ][safepoint    ] Leaving safepoint region
[3.802s][info ][safepoint    ] Total time for which application threads were stopped: 0.0000912 seconds, Stopping threads took: 0.0000422 seconds
[3.803s][info ][safepoint    ] Application time: 0.0002921 seconds
[3.803s][info ][safepoint    ] Entering safepoint region: RevokeBias
[3.803s][info ][safepoint    ] Leaving safepoint region
[3.803s][info ][safepoint    ] Total time for which application threads were stopped: 0.0001904 seconds, Stopping threads took: 0.0001176 seconds
[3.803s][info ][safepoint    ] Application time: 0.0002872 seconds
[3.803s][info ][safepoint    ] Entering safepoint region: RevokeBias
[3.803s][info ][safepoint    ] Leaving safepoint region
[3.803s][info ][safepoint    ] Total time for which application threads were stopped: 0.0001322 seconds, Stopping threads took: 0.0000226 seconds
[3.804s][info ][safepoint    ] Application time: 0.0004209 seconds
[3.804s][info ][safepoint    ] Entering safepoint region: RevokeBias
[3.804s][info ][safepoint    ] Leaving safepoint region
[3.804s][info ][safepoint    ] Total time for which application threads were stopped: 0.0002479 seconds, Stopping threads took: 0.0001724 seconds
[3.805s][info ][safepoint    ] Application time: 0.0015941 seconds
[3.806s][info ][safepoint    ] Entering safepoint region: RevokeBias
[3.806s][info ][safepoint    ] Leaving safepoint region
[3.806s][info ][safepoint    ] Total time for which application threads were stopped: 0.0001531 seconds, Stopping threads took: 0.0000657 seconds
[3.806s][info ][safepoint    ] Application time: 0.0003553 seconds
[3.806s][info ][safepoint    ] Entering safepoint region: RevokeBias
[3.806s][info ][safepoint    ] Leaving safepoint region
[3.806s][info ][safepoint    ] Total time for which application threads were stopped: 0.0001615 seconds, Stopping threads took: 0.0000872 seconds
[3.807s][info ][safepoint    ] Application time: 0.0004929 seconds
[3.807s][info ][safepoint    ] Entering safepoint region: RevokeBias
[3.807s][info ][safepoint    ] Leaving safepoint region
[3.807s][info ][safepoint    ] Total time for which application threads were stopped: 0.0002445 seconds, Stopping threads took: 0.0001276 seconds
[3.808s][info ][safepoint    ] Application time: 0.0012750 seconds
[3.808s][info ][safepoint    ] Entering safepoint region: RevokeBias
[3.808s][info ][safepoint    ] Leaving safepoint region
[3.808s][info ][safepoint    ] Total time for which application threads were stopped: 0.0001706 seconds, Stopping threads took: 0.0000341 seconds
[3.809s][info ][safepoint    ] Application time: 0.0008884 seconds
[3.809s][info ][safepoint    ] Entering safepoint region: RevokeBias
[3.809s][info ][safepoint    ] Leaving safepoint region
[3.809s][info ][safepoint    ] Total time for which application threads were stopped: 0.0001299 seconds, Stopping threads took: 0.0000593 seconds
[3.810s][info ][safepoint    ] Application time: 0.0001689 seconds
[3.810s][info ][safepoint    ] Entering safepoint region: RevokeBias
[3.810s][info ][safepoint    ] Leaving safepoint region
[3.810s][info ][safepoint    ] Total time for which application threads were stopped: 0.0001381 seconds, Stopping threads took: 0.0000840 seconds
[3.810s][info ][safepoint    ] Application time: 0.0002752 seconds
[3.810s][info ][safepoint    ] Entering safepoint region: RevokeBias
[3.810s][info ][safepoint    ] Leaving safepoint region
[3.810s][info ][safepoint    ] Total time for which application threads were stopped: 0.0001239 seconds, Stopping threads took: 0.0000537 seconds
[3.810s][info ][safepoint    ] Application time: 0.0001030 seconds
[3.811s][info ][safepoint    ] Entering safepoint region: RevokeBias
[3.811s][info ][safepoint    ] Leaving safepoint region
[3.811s][info ][safepoint    ] Total time for which application threads were stopped: 0.0003043 seconds, Stopping threads took: 0.0002226 seconds
[3.811s][info ][safepoint    ] Application time: 0.0008282 seconds
[3.811s][info ][safepoint    ] Entering safepoint region: RevokeBias
[3.812s][info ][safepoint    ] Leaving safepoint region
[3.812s][info ][safepoint    ] Total time for which application threads were stopped: 0.0000680 seconds, Stopping threads took: 0.0000061 seconds
[3.825s][info ][safepoint    ] Application time: 0.0135371 seconds
[3.825s][info ][safepoint    ] Entering safepoint region: RevokeBias
[3.825s][info ][safepoint    ] Leaving safepoint region
[3.825s][info ][safepoint    ] Total time for which application threads were stopped: 0.0002279 seconds, Stopping threads took: 0.0001174 seconds
[3.826s][info ][safepoint    ] Application time: 0.0007559 seconds
[3.826s][info ][safepoint    ] Entering safepoint region: RevokeBias
[3.826s][info ][safepoint    ] Leaving safepoint region
[3.826s][info ][safepoint    ] Total time for which application threads were stopped: 0.0001506 seconds, Stopping threads took: 0.0000252 seconds
[3.827s][info ][safepoint    ] Application time: 0.0005721 seconds
[3.830s][info ][safepoint    ] Entering safepoint region: BulkRevokeBias
[3.830s][info ][safepoint    ] Leaving safepoint region
[3.830s][info ][safepoint    ] Total time for which application threads were stopped: 0.0031372 seconds, Stopping threads took: 0.0028754 seconds
[3.831s][info ][safepoint    ] Application time: 0.0012190 seconds
[3.831s][info ][safepoint    ] Entering safepoint region: RevokeBias
[3.831s][info ][safepoint    ] Leaving safepoint region
[3.831s][info ][safepoint    ] Total time for which application threads were stopped: 0.0001250 seconds, Stopping threads took: 0.0000586 seconds
[3.832s][info ][safepoint    ] Application time: 0.0009145 seconds
[3.832s][info ][safepoint    ] Entering safepoint region: RevokeBias
[3.832s][info ][safepoint    ] Leaving safepoint region
[3.832s][info ][safepoint    ] Total time for which application threads were stopped: 0.0000384 seconds, Stopping threads took: 0.0000054 seconds
[3.832s][info ][safepoint    ] Application time: 0.0001418 seconds
[3.832s][info ][safepoint    ] Entering safepoint region: RevokeBias
[3.833s][info ][safepoint    ] Leaving safepoint region
[3.833s][info ][safepoint    ] Total time for which application threads were stopped: 0.0000522 seconds, Stopping threads took: 0.0000054 seconds
[3.835s][info ][safepoint    ] Application time: 0.0020052 seconds
[3.835s][info ][safepoint    ] Entering safepoint region: RevokeBias
[3.835s][info ][safepoint    ] Leaving safepoint region
[3.835s][info ][safepoint    ] Total time for which application threads were stopped: 0.0002554 seconds, Stopping threads took: 0.0000791 seconds
[3.835s][info ][safepoint    ] Application time: 0.0002159 seconds
[3.835s][info ][safepoint    ] Entering safepoint region: RevokeBias
[3.835s][info ][safepoint    ] Leaving safepoint region
[3.835s][info ][safepoint    ] Total time for which application threads were stopped: 0.0001236 seconds, Stopping threads took: 0.0000073 seconds
[3.836s][info ][safepoint    ] Application time: 0.0005291 seconds
[3.836s][info ][safepoint    ] Entering safepoint region: RevokeBias
[3.836s][info ][safepoint    ] Leaving safepoint region
[3.836s][info ][safepoint    ] Total time for which application threads were stopped: 0.0002349 seconds, Stopping threads took: 0.0000901 seconds
[3.839s][info ][safepoint    ] Application time: 0.0031693 seconds
[3.839s][info ][safepoint    ] Entering safepoint region: RevokeBias
[3.839s][info ][safepoint    ] Leaving safepoint region
[3.839s][info ][safepoint    ] Total time for which application threads were stopped: 0.0001149 seconds, Stopping threads took: 0.0000628 seconds
[3.840s][info ][safepoint    ] Application time: 0.0010625 seconds
[3.840s][info ][safepoint    ] Entering safepoint region: RevokeBias
[3.840s][info ][safepoint    ] Leaving safepoint region
[3.840s][info ][safepoint    ] Total time for which application threads were stopped: 0.0001216 seconds, Stopping threads took: 0.0000645 seconds
[3.845s][info ][safepoint    ] Application time: 0.0040489 seconds
[3.845s][info ][safepoint    ] Entering safepoint region: RevokeBias
[3.845s][info ][safepoint    ] Leaving safepoint region
[3.845s][info ][safepoint    ] Total time for which application threads were stopped: 0.0000900 seconds, Stopping threads took: 0.0000348 seconds
[3.845s][info ][safepoint    ] Application time: 0.0003358 seconds
[3.845s][info ][safepoint    ] Entering safepoint region: CollectForMetadataAllocation
[3.845s][info ][safepoint    ] Leaving safepoint region
[3.845s][info ][safepoint    ] Total time for which application threads were stopped: 0.0001307 seconds, Stopping threads took: 0.0000517 seconds
[3.846s][info ][safepoint    ] Application time: 0.0009174 seconds
[3.846s][info ][safepoint    ] Entering safepoint region: RevokeBias
[3.846s][info ][safepoint    ] Leaving safepoint region
[3.846s][info ][safepoint    ] Total time for which application threads were stopped: 0.0002408 seconds, Stopping threads took: 0.0001864 seconds
[3.849s][info ][safepoint    ] Application time: 0.0025670 seconds
[3.849s][info ][safepoint    ] Entering safepoint region: RevokeBias
[3.849s][info ][safepoint    ] Leaving safepoint region
[3.849s][info ][safepoint    ] Total time for which application threads were stopped: 0.0001809 seconds, Stopping threads took: 0.0000910 seconds
[3.851s][info ][safepoint    ] Application time: 0.0015612 seconds
[3.851s][info ][safepoint    ] Entering safepoint region: RevokeBias
[3.851s][info ][safepoint    ] Leaving safepoint region
[3.851s][info ][safepoint    ] Total time for which application threads were stopped: 0.0003697 seconds, Stopping threads took: 0.0003051 seconds
[3.852s][info ][safepoint    ] Application time: 0.0011128 seconds
[3.852s][info ][safepoint    ] Entering safepoint region: RevokeBias
[3.852s][info ][safepoint    ] Leaving safepoint region
[3.852s][info ][safepoint    ] Total time for which application threads were stopped: 0.0000975 seconds, Stopping threads took: 0.0000342 seconds
[3.854s][info ][safepoint    ] Application time: 0.0021281 seconds
[3.854s][info ][safepoint    ] Entering safepoint region: RevokeBias
[3.855s][info ][safepoint    ] Leaving safepoint region
[3.855s][info ][safepoint    ] Total time for which application threads were stopped: 0.0001340 seconds, Stopping threads took: 0.0000469 seconds
[3.855s][info ][safepoint    ] Application time: 0.0007188 seconds
[3.855s][info ][safepoint    ] Entering safepoint region: RevokeBias
[3.856s][info ][safepoint    ] Leaving safepoint region
[3.856s][info ][safepoint    ] Total time for which application threads were stopped: 0.0002241 seconds, Stopping threads took: 0.0001821 seconds
[3.857s][info ][safepoint    ] Application time: 0.0018678 seconds
[3.857s][info ][safepoint    ] Entering safepoint region: CollectForMetadataAllocation
[3.858s][info ][safepoint    ] Leaving safepoint region
[3.858s][info ][safepoint    ] Total time for which application threads were stopped: 0.0001956 seconds, Stopping threads took: 0.0000594 seconds
[3.858s][info ][safepoint    ] Application time: 0.0006250 seconds
[3.858s][info ][safepoint    ] Entering safepoint region: RevokeBias
[3.858s][info ][safepoint    ] Leaving safepoint region
[3.858s][info ][safepoint    ] Total time for which application threads were stopped: 0.0000974 seconds, Stopping threads took: 0.0000354 seconds
[3.859s][info ][safepoint    ] Application time: 0.0010547 seconds
[3.859s][info ][safepoint    ] Entering safepoint region: RevokeBias
[3.860s][info ][safepoint    ] Leaving safepoint region
[3.860s][info ][safepoint    ] Total time for which application threads were stopped: 0.0000801 seconds, Stopping threads took: 0.0000226 seconds
[3.861s][info ][safepoint    ] Application time: 0.0011705 seconds
[3.861s][info ][safepoint    ] Entering safepoint region: RevokeBias
[3.861s][info ][safepoint    ] Leaving safepoint region
[3.861s][info ][safepoint    ] Total time for which application threads were stopped: 0.0001992 seconds, Stopping threads took: 0.0001399 seconds
[3.862s][info ][safepoint    ] Application time: 0.0013483 seconds
[3.862s][info ][safepoint    ] Entering safepoint region: RevokeBias
[3.862s][info ][safepoint    ] Leaving safepoint region
[3.862s][info ][safepoint    ] Total time for which application threads were stopped: 0.0001881 seconds, Stopping threads took: 0.0001480 seconds
[3.864s][info ][safepoint    ] Application time: 0.0012576 seconds
[3.864s][info ][safepoint    ] Entering safepoint region: RevokeBias
[3.864s][info ][safepoint    ] Leaving safepoint region
[3.864s][info ][safepoint    ] Total time for which application threads were stopped: 0.0001392 seconds, Stopping threads took: 0.0000976 seconds
[3.864s][info ][safepoint    ] Application time: 0.0005609 seconds
[3.864s][info ][safepoint    ] Entering safepoint region: BulkRevokeBias
[3.865s][info ][safepoint    ] Leaving safepoint region
[3.865s][info ][safepoint    ] Total time for which application threads were stopped: 0.0003090 seconds, Stopping threads took: 0.0000123 seconds
[3.869s][info ][safepoint    ] Application time: 0.0046381 seconds
[3.870s][info ][safepoint    ] Entering safepoint region: CollectForMetadataAllocation
[3.870s][info ][safepoint    ] Leaving safepoint region
[3.870s][info ][safepoint    ] Total time for which application threads were stopped: 0.0001389 seconds, Stopping threads took: 0.0000628 seconds
[3.885s][info ][safepoint    ] Application time: 0.0151179 seconds
[3.885s][info ][safepoint    ] Entering safepoint region: CollectForMetadataAllocation
[3.885s][info ][safepoint    ] Leaving safepoint region
[3.885s][info ][safepoint    ] Total time for which application threads were stopped: 0.0001820 seconds, Stopping threads took: 0.0000883 seconds
[3.899s][info ][safepoint    ] Application time: 0.0138061 seconds
[3.899s][info ][safepoint    ] Entering safepoint region: CollectForMetadataAllocation
[3.899s][info ][safepoint    ] Leaving safepoint region
[3.899s][info ][safepoint    ] Total time for which application threads were stopped: 0.0001241 seconds, Stopping threads took: 0.0000343 seconds
[3.909s][info ][safepoint    ] Application time: 0.0101039 seconds
[3.909s][info ][safepoint    ] Entering safepoint region: CollectForMetadataAllocation
[3.909s][info ][safepoint    ] Leaving safepoint region
[3.909s][info ][safepoint    ] Total time for which application threads were stopped: 0.0001184 seconds, Stopping threads took: 0.0000339 seconds
[3.920s][info ][safepoint    ] Application time: 0.0104662 seconds
[3.920s][info ][safepoint    ] Entering safepoint region: CollectForMetadataAllocation
[3.920s][info ][safepoint    ] Leaving safepoint region
[3.920s][info ][safepoint    ] Total time for which application threads were stopped: 0.0001860 seconds, Stopping threads took: 0.0000662 seconds
[3.937s][info ][safepoint    ] Application time: 0.0175139 seconds
[3.937s][info ][safepoint    ] Entering safepoint region: CollectForMetadataAllocation
[3.938s][info ][safepoint    ] Leaving safepoint region
[3.938s][info ][safepoint    ] Total time for which application threads were stopped: 0.0001451 seconds, Stopping threads took: 0.0000380 seconds
[3.950s][info ][safepoint    ] Application time: 0.0121416 seconds
[3.950s][info ][safepoint    ] Entering safepoint region: RevokeBias
[3.950s][info ][safepoint    ] Leaving safepoint region
[3.950s][info ][safepoint    ] Total time for which application threads were stopped: 0.0001923 seconds, Stopping threads took: 0.0000727 seconds
[3.951s][info ][safepoint    ] Application time: 0.0014991 seconds
[3.951s][info ][safepoint    ] Entering safepoint region: CollectForMetadataAllocation
[3.952s][info ][safepoint    ] Leaving safepoint region
[3.952s][info ][safepoint    ] Total time for which application threads were stopped: 0.0001630 seconds, Stopping threads took: 0.0000938 seconds
[3.952s][info ][safepoint    ] Application time: 0.0008051 seconds
[3.952s][info ][safepoint    ] Entering safepoint region: RevokeBias
[3.953s][info ][safepoint    ] Leaving safepoint region
[3.953s][info ][safepoint    ] Total time for which application threads were stopped: 0.0001710 seconds, Stopping threads took: 0.0000608 seconds
[3.953s][info ][safepoint    ] Application time: 0.0009148 seconds
[3.954s][info ][safepoint    ] Entering safepoint region: Deoptimize
[3.954s][info ][safepoint    ] Leaving safepoint region
[3.954s][info ][safepoint    ] Total time for which application threads were stopped: 0.0004213 seconds, Stopping threads took: 0.0000535 seconds
[3.965s][info ][safepoint    ] Application time: 0.0111737 seconds
[3.965s][info ][safepoint    ] Entering safepoint region: RevokeBias
[3.965s][info ][safepoint    ] Leaving safepoint region
[3.965s][info ][safepoint    ] Total time for which application threads were stopped: 0.0002085 seconds, Stopping threads took: 0.0000983 seconds
[3.966s][info ][safepoint    ] Application time: 0.0003023 seconds
[3.966s][info ][safepoint    ] Entering safepoint region: RevokeBias
[3.966s][info ][safepoint    ] Leaving safepoint region
[3.966s][info ][safepoint    ] Total time for which application threads were stopped: 0.0000956 seconds, Stopping threads took: 0.0000314 seconds
[3.973s][info ][safepoint    ] Application time: 0.0073425 seconds
[3.973s][info ][safepoint    ] Entering safepoint region: RevokeBias
[3.973s][info ][safepoint    ] Leaving safepoint region
[3.973s][info ][safepoint    ] Total time for which application threads were stopped: 0.0001601 seconds, Stopping threads took: 0.0000671 seconds
[3.974s][info ][safepoint    ] Application time: 0.0004585 seconds
[3.974s][info ][safepoint    ] Entering safepoint region: RevokeBias
[3.974s][info ][safepoint    ] Leaving safepoint region
[3.974s][info ][safepoint    ] Total time for which application threads were stopped: 0.0002224 seconds, Stopping threads took: 0.0001274 seconds
[3.974s][info ][safepoint    ] Application time: 0.0004591 seconds
[3.975s][info ][safepoint    ] Entering safepoint region: RevokeBias
[3.975s][info ][safepoint    ] Leaving safepoint region
[3.975s][info ][safepoint    ] Total time for which application threads were stopped: 0.0002937 seconds, Stopping threads took: 0.0001584 seconds
[3.975s][info ][safepoint    ] Application time: 0.0004034 seconds
[3.975s][info ][safepoint    ] Entering safepoint region: RevokeBias
[3.975s][info ][safepoint    ] Leaving safepoint region
[3.975s][info ][safepoint    ] Total time for which application threads were stopped: 0.0001637 seconds, Stopping threads took: 0.0000372 seconds
[3.976s][info ][safepoint    ] Application time: 0.0003581 seconds
[3.976s][info ][safepoint    ] Entering safepoint region: RevokeBias
[3.976s][info ][safepoint    ] Leaving safepoint region
[3.976s][info ][safepoint    ] Total time for which application threads were stopped: 0.0002570 seconds, Stopping threads took: 0.0001713 seconds
[3.978s][info ][safepoint    ] Application time: 0.0023395 seconds
[3.978s][info ][safepoint    ] Entering safepoint region: RevokeBias
[3.979s][info ][safepoint    ] Leaving safepoint region
[3.979s][info ][safepoint    ] Total time for which application threads were stopped: 0.0004419 seconds, Stopping threads took: 0.0000330 seconds
[3.994s][info ][safepoint    ] Application time: 0.0150019 seconds
[3.995s][info ][safepoint    ] Entering safepoint region: BulkRevokeBias
[3.995s][info ][safepoint    ] Leaving safepoint region
[3.995s][info ][safepoint    ] Total time for which application threads were stopped: 0.0012245 seconds, Stopping threads took: 0.0007025 seconds
[3.995s][info ][safepoint    ] Application time: 0.0003728 seconds
[4.001s][info ][safepoint    ] Entering safepoint region: RevokeBias
[4.002s][info ][safepoint    ] Leaving safepoint region
[4.002s][info ][safepoint    ] Total time for which application threads were stopped: 0.0061066 seconds, Stopping threads took: 0.0059319 seconds
[4.002s][info ][safepoint    ] Application time: 0.0005139 seconds
[4.002s][info ][safepoint    ] Entering safepoint region: RevokeBias
[4.002s][info ][safepoint    ] Leaving safepoint region
[4.002s][info ][safepoint    ] Total time for which application threads were stopped: 0.0002604 seconds, Stopping threads took: 0.0001567 seconds
[4.004s][info ][safepoint    ] Application time: 0.0016263 seconds
[4.004s][info ][safepoint    ] Entering safepoint region: RevokeBias
[4.004s][info ][safepoint    ] Leaving safepoint region
[4.004s][info ][safepoint    ] Total time for which application threads were stopped: 0.0004271 seconds, Stopping threads took: 0.0002882 seconds
[4.019s][info ][safepoint    ] Application time: 0.0143719 seconds
[4.019s][info ][safepoint    ] Entering safepoint region: RevokeBias
[4.019s][info ][safepoint    ] Leaving safepoint region
[4.019s][info ][safepoint    ] Total time for which application threads were stopped: 0.0004109 seconds, Stopping threads took: 0.0002059 seconds
[4.019s][info ][safepoint    ] Application time: 0.0001867 seconds
[4.020s][info ][safepoint    ] Entering safepoint region: RevokeBias
[4.020s][info ][safepoint    ] Leaving safepoint region
[4.020s][info ][safepoint    ] Total time for which application threads were stopped: 0.0003401 seconds, Stopping threads took: 0.0001944 seconds
[4.021s][info ][safepoint    ] Application time: 0.0014364 seconds
[4.022s][info ][safepoint    ] Entering safepoint region: RevokeBias
[4.022s][info ][safepoint    ] Leaving safepoint region
[4.022s][info ][safepoint    ] Total time for which application threads were stopped: 0.0004258 seconds, Stopping threads took: 0.0002564 seconds
[4.023s][info ][safepoint    ] Application time: 0.0010205 seconds
[4.023s][info ][safepoint    ] Entering safepoint region: Deoptimize
[4.024s][info ][safepoint    ] Leaving safepoint region
[4.024s][info ][safepoint    ] Total time for which application threads were stopped: 0.0007997 seconds, Stopping threads took: 0.0003812 seconds
[4.024s][info ][safepoint    ] Application time: 0.0002534 seconds
[4.024s][info ][safepoint    ] Entering safepoint region: CollectForMetadataAllocation
[4.024s][info ][safepoint    ] Leaving safepoint region
[4.024s][info ][safepoint    ] Total time for which application threads were stopped: 0.0002705 seconds, Stopping threads took: 0.0001860 seconds
[4.024s][info ][safepoint    ] Application time: 0.0000941 seconds
[4.024s][info ][safepoint    ] Entering safepoint region: CollectForMetadataAllocation
[4.024s][info ][safepoint    ] Leaving safepoint region
[4.024s][info ][safepoint    ] Total time for which application threads were stopped: 0.0001065 seconds, Stopping threads took: 0.0000642 seconds
[4.024s][info ][safepoint    ] Application time: 0.0001176 seconds
[4.025s][info ][safepoint    ] Entering safepoint region: CollectForMetadataAllocation
[4.025s][info ][safepoint    ] Leaving safepoint region
[4.025s][info ][safepoint    ] Total time for which application threads were stopped: 0.0002302 seconds, Stopping threads took: 0.0001766 seconds
[4.029s][info ][safepoint    ] Application time: 0.0043595 seconds
[4.029s][info ][safepoint    ] Entering safepoint region: CollectForMetadataAllocation
[4.029s][info ][safepoint    ] Leaving safepoint region
[4.029s][info ][safepoint    ] Total time for which application threads were stopped: 0.0003829 seconds, Stopping threads took: 0.0003021 seconds
[4.030s][info ][safepoint    ] Application time: 0.0009721 seconds
[4.031s][info ][safepoint    ] Entering safepoint region: RevokeBias
[4.031s][info ][safepoint    ] Leaving safepoint region
[4.031s][info ][safepoint    ] Total time for which application threads were stopped: 0.0003735 seconds, Stopping threads took: 0.0001875 seconds
[4.031s][info ][safepoint    ] Application time: 0.0006318 seconds
[4.032s][info ][safepoint    ] Entering safepoint region: RevokeBias
[4.032s][info ][safepoint    ] Leaving safepoint region
[4.032s][info ][safepoint    ] Total time for which application threads were stopped: 0.0003502 seconds, Stopping threads took: 0.0002096 seconds
[4.032s][info ][safepoint    ] Application time: 0.0004746 seconds
[4.032s][info ][safepoint    ] Entering safepoint region: RevokeBias
[4.033s][info ][safepoint    ] Leaving safepoint region
[4.033s][info ][safepoint    ] Total time for which application threads were stopped: 0.0002924 seconds, Stopping threads took: 0.0001429 seconds
[4.041s][info ][safepoint    ] Application time: 0.0086678 seconds
[4.042s][info ][safepoint    ] Entering safepoint region: RevokeBias
[4.042s][info ][safepoint    ] Leaving safepoint region
[4.042s][info ][safepoint    ] Total time for which application threads were stopped: 0.0005927 seconds, Stopping threads took: 0.0002101 seconds
[4.044s][info ][safepoint    ] Application time: 0.0020362 seconds
[4.044s][info ][safepoint    ] Entering safepoint region: RevokeBias
[4.044s][info ][safepoint    ] Leaving safepoint region
[4.044s][info ][safepoint    ] Total time for which application threads were stopped: 0.0003555 seconds, Stopping threads took: 0.0001666 seconds
[4.045s][info ][safepoint    ] Application time: 0.0005979 seconds
[4.045s][info ][safepoint    ] Entering safepoint region: RevokeBias
[4.045s][info ][safepoint    ] Leaving safepoint region
[4.045s][info ][safepoint    ] Total time for which application threads were stopped: 0.0004191 seconds, Stopping threads took: 0.0002257 seconds
[4.056s][info ][safepoint    ] Application time: 0.0110242 seconds
[4.060s][info ][safepoint    ] Entering safepoint region: RevokeBias
[4.060s][info ][safepoint    ] Leaving safepoint region
[4.060s][info ][safepoint    ] Total time for which application threads were stopped: 0.0032880 seconds, Stopping threads took: 0.0030467 seconds
[4.061s][info ][safepoint    ] Application time: 0.0015861 seconds
[4.062s][info ][safepoint    ] Entering safepoint region: RevokeBias
[4.062s][info ][safepoint    ] Leaving safepoint region
[4.062s][info ][safepoint    ] Total time for which application threads were stopped: 0.0002887 seconds, Stopping threads took: 0.0001252 seconds
[4.062s][info ][safepoint    ] Application time: 0.0000937 seconds
[4.062s][info ][safepoint    ] Entering safepoint region: RevokeBias
[4.062s][info ][safepoint    ] Leaving safepoint region
[4.062s][info ][safepoint    ] Total time for which application threads were stopped: 0.0001514 seconds, Stopping threads took: 0.0000372 seconds
[4.064s][info ][safepoint    ] Application time: 0.0019864 seconds
[4.064s][info ][safepoint    ] Entering safepoint region: RevokeBias
[4.064s][info ][safepoint    ] Leaving safepoint region
[4.064s][info ][safepoint    ] Total time for which application threads were stopped: 0.0003525 seconds, Stopping threads took: 0.0001640 seconds
[4.100s][info ][safepoint    ] Application time: 0.0359727 seconds
[4.103s][info ][safepoint    ] Entering safepoint region: RevokeBias
[4.104s][info ][safepoint    ] Leaving safepoint region
[4.104s][info ][safepoint    ] Total time for which application threads were stopped: 0.0032672 seconds, Stopping threads took: 0.0030296 seconds
[4.108s][info ][safepoint    ] Application time: 0.0044451 seconds
[4.111s][info ][safepoint    ] Entering safepoint region: RevokeBias
[4.111s][info ][safepoint    ] Leaving safepoint region
[4.111s][info ][safepoint    ] Total time for which application threads were stopped: 0.0033389 seconds, Stopping threads took: 0.0030155 seconds
[4.112s][info ][safepoint    ] Application time: 0.0009221 seconds
[4.113s][info ][safepoint    ] Entering safepoint region: RevokeBias
[4.113s][info ][safepoint    ] Leaving safepoint region
[4.113s][info ][safepoint    ] Total time for which application threads were stopped: 0.0003402 seconds, Stopping threads took: 0.0001157 seconds
[4.113s][info ][safepoint    ] Application time: 0.0005173 seconds
[4.113s][info ][safepoint    ] Entering safepoint region: RevokeBias
[4.114s][info ][safepoint    ] Leaving safepoint region
[4.114s][info ][safepoint    ] Total time for which application threads were stopped: 0.0003669 seconds, Stopping threads took: 0.0001933 seconds
[4.114s][info ][safepoint    ] Application time: 0.0004994 seconds
[4.114s][info ][safepoint    ] Entering safepoint region: RevokeBias
[4.114s][info ][safepoint    ] Leaving safepoint region
[4.114s][info ][safepoint    ] Total time for which application threads were stopped: 0.0002395 seconds, Stopping threads took: 0.0000758 seconds
[4.120s][info ][safepoint    ] Application time: 0.0059218 seconds
[4.121s][info ][safepoint    ] Entering safepoint region: RevokeBias
[4.121s][info ][safepoint    ] Leaving safepoint region
[4.121s][info ][safepoint    ] Total time for which application threads were stopped: 0.0005630 seconds, Stopping threads took: 0.0003167 seconds
[4.123s][info ][safepoint    ] Application time: 0.0015198 seconds
[4.123s][info ][safepoint    ] Entering safepoint region: BulkRevokeBias
[4.124s][info ][safepoint    ] Leaving safepoint region
[4.124s][info ][safepoint    ] Total time for which application threads were stopped: 0.0008934 seconds, Stopping threads took: 0.0001415 seconds
[4.132s][info ][safepoint    ] Application time: 0.0078243 seconds
[4.132s][info ][safepoint    ] Entering safepoint region: RevokeBias
[4.132s][info ][safepoint    ] Leaving safepoint region
[4.132s][info ][safepoint    ] Total time for which application threads were stopped: 0.0005775 seconds, Stopping threads took: 0.0002912 seconds
[4.133s][info ][safepoint    ] Application time: 0.0011419 seconds
[4.137s][info ][safepoint    ] Entering safepoint region: RevokeBias
[4.137s][info ][safepoint    ] Leaving safepoint region
[4.137s][info ][safepoint    ] Total time for which application threads were stopped: 0.0033864 seconds, Stopping threads took: 0.0031855 seconds
[4.179s][info ][safepoint    ] Application time: 0.0417578 seconds
[4.179s][info ][safepoint    ] Entering safepoint region: RevokeBias
[4.179s][info ][safepoint    ] Leaving safepoint region
[4.179s][info ][safepoint    ] Total time for which application threads were stopped: 0.0004802 seconds, Stopping threads took: 0.0001823 seconds
[4.185s][info ][safepoint    ] Application time: 0.0056336 seconds
[4.185s][info ][safepoint    ] Entering safepoint region: RevokeBias
[4.185s][info ][safepoint    ] Leaving safepoint region
[4.185s][info ][safepoint    ] Total time for which application threads were stopped: 0.0003537 seconds, Stopping threads took: 0.0001051 seconds
[4.185s][info ][safepoint    ] Application time: 0.0001171 seconds
[4.185s][info ][safepoint    ] Entering safepoint region: RevokeBias
[4.185s][info ][safepoint    ] Leaving safepoint region
[4.185s][info ][safepoint    ] Total time for which application threads were stopped: 0.0001656 seconds, Stopping threads took: 0.0000301 seconds
[4.187s][info ][safepoint    ] Application time: 0.0017378 seconds
[4.187s][info ][safepoint    ] Entering safepoint region: RevokeBias
[4.188s][info ][safepoint    ] Leaving safepoint region
[4.188s][info ][safepoint    ] Total time for which application threads were stopped: 0.0002842 seconds, Stopping threads took: 0.0000859 seconds
[4.188s][info ][safepoint    ] Application time: 0.0001959 seconds
[4.188s][info ][safepoint    ] Entering safepoint region: RevokeBias
[4.188s][info ][safepoint    ] Leaving safepoint region
[4.188s][info ][safepoint    ] Total time for which application threads were stopped: 0.0002840 seconds, Stopping threads took: 0.0001279 seconds
[4.191s][info ][safepoint    ] Application time: 0.0025558 seconds
[4.191s][info ][safepoint    ] Entering safepoint region: BulkRevokeBias
[4.192s][info ][safepoint    ] Leaving safepoint region
[4.192s][info ][safepoint    ] Total time for which application threads were stopped: 0.0009843 seconds, Stopping threads took: 0.0001802 seconds
[4.218s][info ][safepoint    ] Application time: 0.0268696 seconds
[4.220s][info ][safepoint    ] Entering safepoint region: RevokeBias
[4.220s][info ][safepoint    ] Leaving safepoint region
[4.220s][info ][safepoint    ] Total time for which application threads were stopped: 0.0018839 seconds, Stopping threads took: 0.0016660 seconds
[4.227s][info ][safepoint    ] Application time: 0.0063677 seconds
[4.227s][info ][safepoint    ] Entering safepoint region: RevokeBias
[4.227s][info ][safepoint    ] Leaving safepoint region
[4.227s][info ][safepoint    ] Total time for which application threads were stopped: 0.0004792 seconds, Stopping threads took: 0.0001817 seconds
[4.248s][info ][safepoint    ] Application time: 0.0206791 seconds
[4.248s][info ][safepoint    ] Entering safepoint region: CollectForMetadataAllocation
[4.248s][info ][safepoint    ] Leaving safepoint region
[4.248s][info ][safepoint    ] Total time for which application threads were stopped: 0.0003439 seconds, Stopping threads took: 0.0001445 seconds
[4.248s][info ][gc           ] GC(1) Concurrent Abortable Preclean 564.581ms
[4.248s][info ][gc,cpu       ] GC(1) User=2.56s Sys=0.24s Real=0.56s
[4.249s][info ][safepoint    ] Application time: 0.0008305 seconds
[4.249s][info ][safepoint    ] Entering safepoint region: CMS_Final_Remark
[4.249s][info ][gc,start     ] GC(1) Pause Remark
[4.283s][debug][gc,phases    ] GC(1) Rescan (parallel) 33.362ms
[4.283s][debug][gc,ref       ] GC(1) Skipped phase1 of Reference Processing due to unavailable references
[4.283s][debug][gc,ref       ] GC(1) Skipped phase2 of Reference Processing due to unavailable references
[4.283s][debug][gc,ref       ] GC(1) Skipped phase3 of Reference Processing due to unavailable references
[4.283s][debug][gc,ref       ] GC(1) Skipped phase4 of Reference Processing due to unavailable references
[4.283s][debug][gc,phases    ] GC(1) Reference Processing 0.031ms
[4.283s][debug][gc,phases    ] GC(1) Weak Processing 0.027ms
[4.283s][debug][gc,phases    ] GC(1) ClassLoaderData 0.302ms
[4.283s][debug][gc,phases    ] GC(1) ProtectionDomainCacheTable 0.003ms
[4.283s][debug][gc,phases    ] GC(1) ResolvedMethodTable 0.052ms
[4.285s][debug][gc,phases    ] GC(1) Class Unloading 1.824ms
[4.287s][debug][gc,phases    ] GC(1) Scrub Symbol Table 1.909ms
[4.287s][debug][gc,phases    ] GC(1) Scrub String Table 0.227ms
[4.288s][info ][gc           ] GC(1) Pause Remark 159M->159M(852M) 38.585ms
[4.288s][info ][gc,cpu       ] GC(1) User=0.17s Sys=0.00s Real=0.04s
[4.288s][info ][safepoint    ] Leaving safepoint region
[4.288s][info ][safepoint    ] Total time for which application threads were stopped: 0.0388566 seconds, Stopping threads took: 0.0001137 seconds
[4.288s][info ][gc           ] GC(1) Concurrent Sweep
[4.290s][info ][gc           ] GC(1) Concurrent Sweep 1.507ms
[4.290s][info ][gc,cpu       ] GC(1) User=0.00s Sys=0.00s Real=0.00s
[4.290s][info ][gc           ] GC(1) Concurrent Reset
[4.306s][info ][gc           ] GC(1) Concurrent Reset 16.677ms
[4.306s][info ][gc,cpu       ] GC(1) User=0.08s Sys=0.02s Real=0.02s
[4.306s][info ][gc,heap      ] GC(1) Old: 2813K->2813K(602112K)
[4.351s][info ][safepoint    ] Application time: 0.0627530 seconds
[4.351s][info ][safepoint    ] Entering safepoint region: RevokeBias
[4.351s][info ][safepoint    ] Leaving safepoint region
[4.351s][info ][safepoint    ] Total time for which application threads were stopped: 0.0005331 seconds, Stopping threads took: 0.0003046 seconds
[4.356s][info ][safepoint    ] Application time: 0.0042691 seconds
[4.356s][info ][safepoint    ] Entering safepoint region: RevokeBias
[4.356s][info ][safepoint    ] Leaving safepoint region
[4.356s][info ][safepoint    ] Total time for which application threads were stopped: 0.0004719 seconds, Stopping threads took: 0.0001926 seconds
[4.384s][info ][safepoint    ] Application time: 0.0277851 seconds
[4.384s][info ][safepoint    ] Entering safepoint region: RevokeBias
[4.385s][info ][safepoint    ] Leaving safepoint region
[4.385s][info ][safepoint    ] Total time for which application threads were stopped: 0.0006880 seconds, Stopping threads took: 0.0004169 seconds
[4.412s][info ][safepoint    ] Application time: 0.0272895 seconds
[4.412s][info ][safepoint    ] Entering safepoint region: RevokeBias
[4.413s][info ][safepoint    ] Leaving safepoint region
[4.413s][info ][safepoint    ] Total time for which application threads were stopped: 0.0005802 seconds, Stopping threads took: 0.0003483 seconds
[4.413s][info ][safepoint    ] Application time: 0.0006726 seconds
[4.413s][info ][safepoint    ] Entering safepoint region: RevokeBias
[4.414s][info ][safepoint    ] Leaving safepoint region
[4.414s][info ][safepoint    ] Total time for which application threads were stopped: 0.0004536 seconds, Stopping threads took: 0.0001990 seconds
[4.422s][info ][safepoint    ] Application time: 0.0082482 seconds
[4.425s][info ][safepoint    ] Entering safepoint region: RevokeBias
[4.426s][info ][safepoint    ] Leaving safepoint region
[4.426s][info ][safepoint    ] Total time for which application threads were stopped: 0.0035387 seconds, Stopping threads took: 0.0033143 seconds
[4.441s][info ][safepoint    ] Application time: 0.0152530 seconds
[4.441s][info ][safepoint    ] Entering safepoint region: Deoptimize
[4.441s][info ][safepoint    ] Leaving safepoint region
[4.441s][info ][safepoint    ] Total time for which application threads were stopped: 0.0006795 seconds, Stopping threads took: 0.0001153 seconds
[4.442s][info ][safepoint    ] Application time: 0.0003064 seconds
[4.442s][info ][safepoint    ] Entering safepoint region: RevokeBias
[4.442s][info ][safepoint    ] Leaving safepoint region
[4.442s][info ][safepoint    ] Total time for which application threads were stopped: 0.0002555 seconds, Stopping threads took: 0.0001136 seconds
[4.449s][info ][safepoint    ] Application time: 0.0074150 seconds
[4.450s][info ][safepoint    ] Entering safepoint region: RevokeBias
[4.450s][info ][safepoint    ] Leaving safepoint region
[4.450s][info ][safepoint    ] Total time for which application threads were stopped: 0.0004596 seconds, Stopping threads took: 0.0001851 seconds
[4.493s][info ][safepoint    ] Application time: 0.0430121 seconds
[4.494s][info ][safepoint    ] Entering safepoint region: RevokeBias
[4.494s][info ][safepoint    ] Leaving safepoint region
[4.494s][info ][safepoint    ] Total time for which application threads were stopped: 0.0010111 seconds, Stopping threads took: 0.0007752 seconds
[4.499s][info ][safepoint    ] Application time: 0.0050108 seconds
[4.499s][info ][safepoint    ] Entering safepoint region: RevokeBias
[4.500s][info ][safepoint    ] Leaving safepoint region
[4.500s][info ][safepoint    ] Total time for which application threads were stopped: 0.0003835 seconds, Stopping threads took: 0.0002245 seconds
[4.521s][info ][safepoint    ] Application time: 0.0214444 seconds
[4.521s][info ][safepoint    ] Entering safepoint region: RevokeBias
[4.521s][info ][safepoint    ] Leaving safepoint region
[4.521s][info ][safepoint    ] Total time for which application threads were stopped: 0.0003517 seconds, Stopping threads took: 0.0001413 seconds
[4.529s][info ][safepoint    ] Application time: 0.0071926 seconds
[4.529s][info ][safepoint    ] Entering safepoint region: RevokeBias
[4.529s][info ][safepoint    ] Leaving safepoint region
[4.529s][info ][safepoint    ] Total time for which application threads were stopped: 0.0004265 seconds, Stopping threads took: 0.0001363 seconds
[4.531s][info ][safepoint    ] Application time: 0.0023101 seconds
[4.532s][info ][safepoint    ] Entering safepoint region: RevokeBias
[4.532s][info ][safepoint    ] Leaving safepoint region
[4.532s][info ][safepoint    ] Total time for which application threads were stopped: 0.0005614 seconds, Stopping threads took: 0.0002871 seconds
[4.551s][info ][safepoint    ] Application time: 0.0193970 seconds
[4.552s][info ][safepoint    ] Entering safepoint region: RevokeBias
[4.552s][info ][safepoint    ] Leaving safepoint region
[4.552s][info ][safepoint    ] Total time for which application threads were stopped: 0.0004061 seconds, Stopping threads took: 0.0001798 seconds
[4.588s][info ][safepoint    ] Application time: 0.0362657 seconds
[4.588s][info ][safepoint    ] Entering safepoint region: RevokeBias
[4.589s][info ][safepoint    ] Leaving safepoint region
[4.589s][info ][safepoint    ] Total time for which application threads were stopped: 0.0005209 seconds, Stopping threads took: 0.0002901 seconds
[4.607s][info ][safepoint    ] Application time: 0.0188538 seconds
[4.608s][info ][safepoint    ] Entering safepoint region: RevokeBias
[4.608s][info ][safepoint    ] Leaving safepoint region
[4.608s][info ][safepoint    ] Total time for which application threads were stopped: 0.0003305 seconds, Stopping threads took: 0.0001398 seconds
[4.612s][info ][safepoint    ] Application time: 0.0044809 seconds
[4.612s][info ][safepoint    ] Entering safepoint region: RevokeBias
[4.613s][info ][safepoint    ] Leaving safepoint region
[4.613s][info ][safepoint    ] Total time for which application threads were stopped: 0.0003458 seconds, Stopping threads took: 0.0001060 seconds
[4.637s][info ][safepoint    ] Application time: 0.0244034 seconds
[4.637s][info ][safepoint    ] Entering safepoint region: BulkRevokeBias
[4.638s][info ][safepoint    ] Leaving safepoint region
[4.638s][info ][safepoint    ] Total time for which application threads were stopped: 0.0012899 seconds, Stopping threads took: 0.0002763 seconds
[4.677s][info ][safepoint    ] Application time: 0.0383611 seconds
[4.683s][info ][safepoint    ] Entering safepoint region: Deoptimize
[4.684s][info ][safepoint    ] Leaving safepoint region
[4.684s][info ][safepoint    ] Total time for which application threads were stopped: 0.0069243 seconds, Stopping threads took: 0.0062700 seconds
[4.707s][info ][safepoint    ] Application time: 0.0236007 seconds
[4.708s][info ][safepoint    ] Entering safepoint region: GenCollectForAllocation
[4.708s][info ][gc,start     ] GC(2) Pause Young (Allocation Failure)
[4.708s][info ][gc,task      ] GC(2) Using 4 workers of 4 for evacuation
[4.797s][debug][gc,ref       ] GC(2) Skipped phase1 of Reference Processing due to unavailable references
[4.797s][debug][gc,ref       ] GC(2) Skipped phase3 of Reference Processing due to unavailable references
[4.797s][debug][gc,age       ] GC(2) Desired survivor size 15400960 bytes, new threshold 1 (max threshold 6)
[4.797s][info ][gc,heap      ] GC(2) ParNew: 270974K->30080K(270976K)
[4.797s][info ][gc,heap      ] GC(2) CMS: 2813K->40456K(602112K)
[4.797s][info ][gc,metaspace ] GC(2) Metaspace: 31235K->31235K(1077248K)
[4.797s][info ][gc           ] GC(2) Pause Young (Allocation Failure) 267M->68M(852M) 89.359ms
[4.797s][info ][gc,cpu       ] GC(2) User=0.29s Sys=0.02s Real=0.09s
[4.797s][info ][safepoint    ] Leaving safepoint region
[4.797s][info ][safepoint    ] Total time for which application threads were stopped: 0.0897100 seconds, Stopping threads took: 0.0001631 seconds
[4.807s][info ][safepoint    ] Application time: 0.0096829 seconds
[4.807s][info ][safepoint    ] Entering safepoint region: RevokeBias
[4.807s][info ][safepoint    ] Leaving safepoint region
[4.807s][info ][safepoint    ] Total time for which application threads were stopped: 0.0005067 seconds, Stopping threads took: 0.0003621 seconds
[4.807s][info ][safepoint    ] Application time: 0.0000596 seconds
[4.807s][info ][safepoint    ] Entering safepoint region: RevokeBias
[4.808s][info ][safepoint    ] Leaving safepoint region
[4.808s][info ][safepoint    ] Total time for which application threads were stopped: 0.0002451 seconds, Stopping threads took: 0.0000696 seconds
[4.953s][info ][safepoint    ] Application time: 0.1450454 seconds
[4.953s][info ][safepoint    ] Entering safepoint region: Deoptimize
[4.954s][info ][safepoint    ] Leaving safepoint region
[4.954s][info ][safepoint    ] Total time for which application threads were stopped: 0.0009257 seconds, Stopping threads took: 0.0002302 seconds
[4.987s][info ][safepoint    ] Application time: 0.0328417 seconds
[4.987s][info ][safepoint    ] Entering safepoint region: RevokeBias
[4.987s][info ][safepoint    ] Leaving safepoint region
[4.987s][info ][safepoint    ] Total time for which application threads were stopped: 0.0003579 seconds, Stopping threads took: 0.0001925 seconds
[4.988s][info ][safepoint    ] Application time: 0.0008866 seconds
[4.988s][info ][safepoint    ] Entering safepoint region: RevokeBias
[4.988s][info ][safepoint    ] Leaving safepoint region
[4.988s][info ][safepoint    ] Total time for which application threads were stopped: 0.0003020 seconds, Stopping threads took: 0.0002024 seconds
[4.992s][info ][safepoint    ] Application time: 0.0043359 seconds
[4.993s][info ][safepoint    ] Entering safepoint region: RevokeBias
[4.993s][info ][safepoint    ] Leaving safepoint region
[4.993s][info ][safepoint    ] Total time for which application threads were stopped: 0.0003030 seconds, Stopping threads took: 0.0001713 seconds
[4.993s][info ][safepoint    ] Application time: 0.0000694 seconds
[4.993s][info ][safepoint    ] Entering safepoint region: RevokeBias
[4.993s][info ][safepoint    ] Leaving safepoint region
[4.993s][info ][safepoint    ] Total time for which application threads were stopped: 0.0001393 seconds, Stopping threads took: 0.0000695 seconds
[4.993s][info ][safepoint    ] Application time: 0.0000748 seconds
[4.993s][info ][safepoint    ] Entering safepoint region: RevokeBias
[4.993s][info ][safepoint    ] Leaving safepoint region
[4.993s][info ][safepoint    ] Total time for which application threads were stopped: 0.0001414 seconds, Stopping threads took: 0.0000751 seconds
[4.993s][info ][safepoint    ] Application time: 0.0000674 seconds
[4.993s][info ][safepoint    ] Entering safepoint region: RevokeBias
[4.993s][info ][safepoint    ] Leaving safepoint region
[4.993s][info ][safepoint    ] Total time for which application threads were stopped: 0.0001295 seconds, Stopping threads took: 0.0000636 seconds
[4.994s][info ][safepoint    ] Application time: 0.0010011 seconds
[4.995s][info ][safepoint    ] Entering safepoint region: RevokeBias
[4.995s][info ][safepoint    ] Leaving safepoint region
[4.995s][info ][safepoint    ] Total time for which application threads were stopped: 0.0002336 seconds, Stopping threads took: 0.0001199 seconds
[4.995s][info ][safepoint    ] Application time: 0.0002968 seconds
[4.995s][info ][safepoint    ] Entering safepoint region: RevokeBias
[4.995s][info ][safepoint    ] Leaving safepoint region
[4.995s][info ][safepoint    ] Total time for which application threads were stopped: 0.0002365 seconds, Stopping threads took: 0.0001353 seconds
[5.145s][info ][safepoint    ] Application time: 0.1493576 seconds
[5.145s][info ][safepoint    ] Entering safepoint region: Deoptimize
[5.146s][info ][safepoint    ] Leaving safepoint region
[5.146s][info ][safepoint    ] Total time for which application threads were stopped: 0.0009412 seconds, Stopping threads took: 0.0002311 seconds
[5.149s][info ][safepoint    ] Application time: 0.0033246 seconds
[5.149s][info ][safepoint    ] Entering safepoint region: Deoptimize
[5.150s][info ][safepoint    ] Leaving safepoint region
[5.150s][info ][safepoint    ] Total time for which application threads were stopped: 0.0006160 seconds, Stopping threads took: 0.0000518 seconds
[5.152s][info ][safepoint    ] Application time: 0.0025743 seconds
[5.152s][info ][safepoint    ] Entering safepoint region: RevokeBias
[5.152s][info ][safepoint    ] Leaving safepoint region
[5.152s][info ][safepoint    ] Total time for which application threads were stopped: 0.0002036 seconds, Stopping threads took: 0.0000846 seconds
[5.157s][info ][safepoint    ] Application time: 0.0046058 seconds
[5.157s][info ][safepoint    ] Entering safepoint region: RevokeBias
[5.158s][info ][safepoint    ] Leaving safepoint region
[5.158s][info ][safepoint    ] Total time for which application threads were stopped: 0.0004812 seconds, Stopping threads took: 0.0002119 seconds
[5.158s][info ][safepoint    ] Application time: 0.0007968 seconds
[5.158s][info ][safepoint    ] Entering safepoint region: RevokeBias
[5.159s][info ][safepoint    ] Leaving safepoint region
[5.159s][info ][safepoint    ] Total time for which application threads were stopped: 0.0002026 seconds, Stopping threads took: 0.0001037 seconds
[5.162s][info ][safepoint    ] Application time: 0.0033698 seconds
[5.162s][info ][safepoint    ] Entering safepoint region: RevokeBias
[5.162s][info ][safepoint    ] Leaving safepoint region
[5.162s][info ][safepoint    ] Total time for which application threads were stopped: 0.0002026 seconds, Stopping threads took: 0.0000977 seconds
[5.162s][info ][safepoint    ] Application time: 0.0001513 seconds
[5.162s][info ][safepoint    ] Entering safepoint region: RevokeBias
[5.162s][info ][safepoint    ] Leaving safepoint region
[5.162s][info ][safepoint    ] Total time for which application threads were stopped: 0.0001947 seconds, Stopping threads took: 0.0001106 seconds
[5.163s][info ][safepoint    ] Application time: 0.0000792 seconds
[5.163s][info ][safepoint    ] Entering safepoint region: RevokeBias
[5.163s][info ][safepoint    ] Leaving safepoint region
[5.163s][info ][safepoint    ] Total time for which application threads were stopped: 0.0000703 seconds, Stopping threads took: 0.0000056 seconds
[5.164s][info ][safepoint    ] Application time: 0.0011304 seconds
[5.167s][info ][safepoint    ] Entering safepoint region: RevokeBias
[5.167s][info ][safepoint    ] Leaving safepoint region
[5.167s][info ][safepoint    ] Total time for which application threads were stopped: 0.0036166 seconds, Stopping threads took: 0.0033873 seconds
[5.168s][info ][safepoint    ] Application time: 0.0002647 seconds
[5.168s][info ][safepoint    ] Entering safepoint region: RevokeBias
[5.168s][info ][safepoint    ] Leaving safepoint region
[5.168s][info ][safepoint    ] Total time for which application threads were stopped: 0.0003548 seconds, Stopping threads took: 0.0002312 seconds
[5.186s][info ][safepoint    ] Application time: 0.0181790 seconds
[5.186s][info ][safepoint    ] Entering safepoint region: GenCollectForAllocation
[5.187s][info ][gc,start     ] GC(3) Pause Young (Allocation Failure)
[5.187s][info ][gc,task      ] GC(3) Using 4 workers of 4 for evacuation
[5.269s][debug][gc,ref       ] GC(3) Skipped phase1 of Reference Processing due to unavailable references
[5.269s][debug][gc,ref       ] GC(3) Skipped phase3 of Reference Processing due to unavailable references
[5.269s][debug][gc,age       ] GC(3) Desired survivor size 15400960 bytes, new threshold 1 (max threshold 6)
[5.269s][info ][gc,heap      ] GC(3) ParNew: 270976K->30080K(270976K)
[5.270s][info ][gc,heap      ] GC(3) CMS: 40456K->73550K(602112K)
[5.270s][info ][gc,metaspace ] GC(3) Metaspace: 33862K->33862K(1079296K)
[5.270s][info ][gc           ] GC(3) Pause Young (Allocation Failure) 304M->101M(852M) 82.972ms
[5.270s][info ][gc,cpu       ] GC(3) User=0.26s Sys=0.03s Real=0.08s
[5.270s][info ][safepoint    ] Leaving safepoint region
[5.270s][info ][safepoint    ] Total time for which application threads were stopped: 0.0832823 seconds, Stopping threads took: 0.0001266 seconds
[5.314s][info ][safepoint    ] Application time: 0.0439406 seconds
[5.314s][info ][safepoint    ] Entering safepoint region: RevokeBias
[5.314s][info ][safepoint    ] Leaving safepoint region
[5.314s][info ][safepoint    ] Total time for which application threads were stopped: 0.0002157 seconds, Stopping threads took: 0.0000797 seconds
[5.389s][info ][safepoint    ] Application time: 0.0752069 seconds
[5.389s][info ][safepoint    ] Entering safepoint region: RevokeBias
[5.390s][info ][safepoint    ] Leaving safepoint region
[5.390s][info ][safepoint    ] Total time for which application threads were stopped: 0.0006982 seconds, Stopping threads took: 0.0002700 seconds
[5.392s][info ][safepoint    ] Application time: 0.0022939 seconds
[5.393s][info ][safepoint    ] Entering safepoint region: RevokeBias
[5.393s][info ][safepoint    ] Leaving safepoint region
[5.393s][info ][safepoint    ] Total time for which application threads were stopped: 0.0010226 seconds, Stopping threads took: 0.0008464 seconds
[5.401s][info ][safepoint    ] Application time: 0.0080693 seconds
[5.401s][info ][safepoint    ] Entering safepoint region: RevokeBias
[5.402s][info ][safepoint    ] Leaving safepoint region
[5.402s][info ][safepoint    ] Total time for which application threads were stopped: 0.0004042 seconds, Stopping threads took: 0.0002645 seconds
[5.414s][info ][safepoint    ] Application time: 0.0121334 seconds
[5.420s][info ][safepoint    ] Entering safepoint region: RevokeBias
[5.421s][info ][safepoint    ] Leaving safepoint region
[5.421s][info ][safepoint    ] Total time for which application threads were stopped: 0.0067911 seconds, Stopping threads took: 0.0066413 seconds
[5.457s][info ][safepoint    ] Application time: 0.0361403 seconds
[5.457s][info ][safepoint    ] Entering safepoint region: RevokeBias
[5.457s][info ][safepoint    ] Leaving safepoint region
[5.457s][info ][safepoint    ] Total time for which application threads were stopped: 0.0002875 seconds, Stopping threads took: 0.0001644 seconds
[5.459s][info ][safepoint    ] Application time: 0.0015673 seconds
[5.459s][info ][safepoint    ] Entering safepoint region: RevokeBias
[5.459s][info ][safepoint    ] Leaving safepoint region
[5.459s][info ][safepoint    ] Total time for which application threads were stopped: 0.0003225 seconds, Stopping threads took: 0.0002319 seconds
[5.516s][info ][safepoint    ] Application time: 0.0571912 seconds
[5.531s][info ][safepoint    ] Entering safepoint region: Deoptimize
[5.532s][info ][safepoint    ] Leaving safepoint region
[5.532s][info ][safepoint    ] Total time for which application threads were stopped: 0.0154325 seconds, Stopping threads took: 0.0147154 seconds
[5.555s][info ][safepoint    ] Application time: 0.0238086 seconds
[5.556s][info ][safepoint    ] Entering safepoint region: RevokeBias
[5.556s][info ][safepoint    ] Leaving safepoint region
[5.556s][info ][safepoint    ] Total time for which application threads were stopped: 0.0003988 seconds, Stopping threads took: 0.0002740 seconds
[5.558s][info ][safepoint    ] Application time: 0.0017495 seconds
[5.558s][info ][safepoint    ] Entering safepoint region: RevokeBias
[5.558s][info ][safepoint    ] Leaving safepoint region
[5.558s][info ][safepoint    ] Total time for which application threads were stopped: 0.0002235 seconds, Stopping threads took: 0.0001244 seconds
[5.560s][info ][safepoint    ] Application time: 0.0024444 seconds
[5.561s][info ][safepoint    ] Entering safepoint region: GenCollectForAllocation
[5.561s][info ][gc,start     ] GC(4) Pause Young (Allocation Failure)
[5.561s][info ][gc,task      ] GC(4) Using 4 workers of 4 for evacuation
[5.619s][debug][gc,ref       ] GC(4) Skipped phase1 of Reference Processing due to unavailable references
[5.619s][debug][gc,ref       ] GC(4) Skipped phase3 of Reference Processing due to unavailable references
[5.619s][debug][gc,age       ] GC(4) Desired survivor size 15400960 bytes, new threshold 1 (max threshold 6)
[5.619s][info ][gc,heap      ] GC(4) ParNew: 270976K->30080K(270976K)
[5.619s][info ][gc,heap      ] GC(4) CMS: 73550K->101371K(602112K)
[5.619s][info ][gc,metaspace ] GC(4) Metaspace: 36390K->36390K(1081344K)
[5.619s][info ][gc           ] GC(4) Pause Young (Allocation Failure) 336M->128M(852M) 58.510ms
[5.619s][info ][gc,cpu       ] GC(4) User=0.18s Sys=0.02s Real=0.06s
[5.619s][info ][safepoint    ] Leaving safepoint region
[5.619s][info ][safepoint    ] Total time for which application threads were stopped: 0.0591085 seconds, Stopping threads took: 0.0003794 seconds
[5.632s][info ][safepoint    ] Application time: 0.0123253 seconds
[5.632s][info ][safepoint    ] Entering safepoint region: Deoptimize
[5.633s][info ][safepoint    ] Leaving safepoint region
[5.633s][info ][safepoint    ] Total time for which application threads were stopped: 0.0010471 seconds, Stopping threads took: 0.0002790 seconds
[5.654s][info ][safepoint    ] Application time: 0.0208611 seconds
[5.654s][info ][safepoint    ] Entering safepoint region: RevokeBias
[5.654s][info ][safepoint    ] Leaving safepoint region
[5.654s][info ][safepoint    ] Total time for which application threads were stopped: 0.0004991 seconds, Stopping threads took: 0.0003619 seconds
[5.658s][info ][safepoint    ] Application time: 0.0035535 seconds
[5.658s][info ][safepoint    ] Entering safepoint region: RevokeBias
[5.658s][info ][safepoint    ] Leaving safepoint region
[5.658s][info ][safepoint    ] Total time for which application threads were stopped: 0.0004109 seconds, Stopping threads took: 0.0002895 seconds
[5.661s][info ][safepoint    ] Application time: 0.0027104 seconds
[5.661s][info ][safepoint    ] Entering safepoint region: RevokeBias
[5.661s][info ][safepoint    ] Leaving safepoint region
[5.661s][info ][safepoint    ] Total time for which application threads were stopped: 0.0004638 seconds, Stopping threads took: 0.0003625 seconds
[5.766s][info ][safepoint    ] Application time: 0.1041593 seconds
[5.769s][info ][safepoint    ] Entering safepoint region: GenCollectForAllocation
[5.769s][info ][gc,start     ] GC(5) Pause Young (Allocation Failure)
[5.769s][info ][gc,task      ] GC(5) Using 4 workers of 4 for evacuation
[5.793s][debug][gc,ref       ] GC(5) Skipped phase1 of Reference Processing due to unavailable references
[5.793s][debug][gc,ref       ] GC(5) Skipped phase3 of Reference Processing due to unavailable references
[5.793s][debug][gc,age       ] GC(5) Desired survivor size 15400960 bytes, new threshold 6 (max threshold 6)
[5.793s][info ][gc,heap      ] GC(5) ParNew: 270976K->12632K(270976K)
[5.793s][info ][gc,heap      ] GC(5) CMS: 101371K->117308K(602112K)
[5.793s][info ][gc,metaspace ] GC(5) Metaspace: 36564K->36564K(1081344K)
[5.793s][info ][gc           ] GC(5) Pause Young (Allocation Failure) 363M->126M(852M) 24.033ms
[5.793s][info ][gc,cpu       ] GC(5) User=0.07s Sys=0.00s Real=0.03s
[5.793s][info ][safepoint    ] Leaving safepoint region
[5.793s][info ][safepoint    ] Total time for which application threads were stopped: 0.0276401 seconds, Stopping threads took: 0.0033331 seconds
[5.867s][info ][safepoint    ] Application time: 0.0738101 seconds
[5.867s][info ][safepoint    ] Entering safepoint region: GenCollectForAllocation
[5.868s][info ][gc,start     ] GC(6) Pause Young (Allocation Failure)
[5.868s][info ][gc,task      ] GC(6) Using 4 workers of 4 for evacuation
[5.874s][debug][gc,ref       ] GC(6) Skipped phase1 of Reference Processing due to unavailable references
[5.874s][debug][gc,ref       ] GC(6) Skipped phase3 of Reference Processing due to unavailable references
[5.874s][debug][gc,ref       ] GC(6) Skipped phase4 of Reference Processing due to unavailable references
[5.874s][debug][gc,age       ] GC(6) Desired survivor size 15400960 bytes, new threshold 6 (max threshold 6)
[5.874s][info ][gc,heap      ] GC(6) ParNew: 253528K->4266K(270976K)
[5.874s][info ][gc,heap      ] GC(6) CMS: 117308K->117308K(602112K)
[5.874s][info ][gc,metaspace ] GC(6) Metaspace: 36571K->36571K(1081344K)
[5.874s][info ][gc           ] GC(6) Pause Young (Allocation Failure) 362M->118M(852M) 6.208ms
[5.874s][info ][gc,cpu       ] GC(6) User=0.01s Sys=0.01s Real=0.01s
[5.874s][info ][safepoint    ] Leaving safepoint region
[5.874s][info ][safepoint    ] Total time for which application threads were stopped: 0.0066801 seconds, Stopping threads took: 0.0002323 seconds
[5.968s][info ][safepoint    ] Application time: 0.0939162 seconds
[5.968s][info ][safepoint    ] Entering safepoint region: GenCollectForAllocation
[5.968s][info ][gc,start     ] GC(7) Pause Young (Allocation Failure)
[5.968s][info ][gc,task      ] GC(7) Using 4 workers of 4 for evacuation
[5.972s][debug][gc,ref       ] GC(7) Skipped phase1 of Reference Processing due to unavailable references
[5.972s][debug][gc,ref       ] GC(7) Skipped phase3 of Reference Processing due to unavailable references
[5.972s][debug][gc,ref       ] GC(7) Skipped phase4 of Reference Processing due to unavailable references
[5.972s][debug][gc,age       ] GC(7) Desired survivor size 15400960 bytes, new threshold 6 (max threshold 6)
[5.972s][info ][gc,heap      ] GC(7) ParNew: 245162K->3200K(270976K)
[5.972s][info ][gc,heap      ] GC(7) CMS: 117308K->117308K(602112K)
[5.972s][info ][gc,metaspace ] GC(7) Metaspace: 36572K->36572K(1081344K)
[5.972s][info ][gc           ] GC(7) Pause Young (Allocation Failure) 353M->117M(852M) 3.792ms
[5.972s][info ][gc,cpu       ] GC(7) User=0.02s Sys=0.00s Real=0.01s
[5.972s][info ][safepoint    ] Leaving safepoint region
[5.972s][info ][safepoint    ] Total time for which application threads were stopped: 0.0044101 seconds, Stopping threads took: 0.0004375 seconds
[6.178s][info ][safepoint    ] Application time: 0.2053954 seconds
[6.178s][info ][safepoint    ] Entering safepoint region: GenCollectForAllocation
[6.178s][info ][gc,start     ] GC(8) Pause Young (Allocation Failure)
[6.178s][info ][gc,task      ] GC(8) Using 4 workers of 4 for evacuation
[6.182s][debug][gc,ref       ] GC(8) Skipped phase1 of Reference Processing due to unavailable references
[6.182s][debug][gc,ref       ] GC(8) Skipped phase3 of Reference Processing due to unavailable references
[6.182s][debug][gc,ref       ] GC(8) Skipped phase4 of Reference Processing due to unavailable references
[6.182s][debug][gc,age       ] GC(8) Desired survivor size 15400960 bytes, new threshold 6 (max threshold 6)
[6.182s][info ][gc,heap      ] GC(8) ParNew: 244096K->3444K(270976K)
[6.182s][info ][gc,heap      ] GC(8) CMS: 117308K->117308K(602112K)
[6.182s][info ][gc,metaspace ] GC(8) Metaspace: 36572K->36572K(1081344K)
[6.182s][info ][gc           ] GC(8) Pause Young (Allocation Failure) 352M->117M(852M) 4.002ms
[6.182s][info ][gc,cpu       ] GC(8) User=0.02s Sys=0.00s Real=0.00s
[6.182s][info ][safepoint    ] Leaving safepoint region
[6.182s][info ][safepoint    ] Total time for which application threads were stopped: 0.0043765 seconds, Stopping threads took: 0.0002079 seconds
[6.260s][info ][safepoint    ] Application time: 0.0778880 seconds
[6.260s][info ][safepoint    ] Entering safepoint region: GenCollectForAllocation
[6.260s][info ][gc,start     ] GC(9) Pause Young (Allocation Failure)
[6.260s][info ][gc,task      ] GC(9) Using 4 workers of 4 for evacuation
[6.265s][debug][gc,ref       ] GC(9) Skipped phase1 of Reference Processing due to unavailable references
[6.266s][debug][gc,ref       ] GC(9) Skipped phase3 of Reference Processing due to unavailable references
[6.266s][debug][gc,ref       ] GC(9) Skipped phase4 of Reference Processing due to unavailable references
[6.266s][debug][gc,age       ] GC(9) Desired survivor size 15400960 bytes, new threshold 6 (max threshold 6)
[6.266s][info ][gc,heap      ] GC(9) ParNew: 244340K->3171K(270976K)
[6.266s][info ][gc,heap      ] GC(9) CMS: 117308K->117308K(602112K)
[6.266s][info ][gc,metaspace ] GC(9) Metaspace: 36572K->36572K(1081344K)
[6.266s][info ][gc           ] GC(9) Pause Young (Allocation Failure) 353M->117M(852M) 5.489ms
[6.266s][info ][gc,cpu       ] GC(9) User=0.02s Sys=0.00s Real=0.01s
[6.266s][info ][safepoint    ] Leaving safepoint region
[6.266s][info ][safepoint    ] Total time for which application threads were stopped: 0.0057767 seconds, Stopping threads took: 0.0001105 seconds
[6.306s][info ][safepoint    ] Application time: 0.0402701 seconds
[6.307s][info ][safepoint    ] Entering safepoint region: GenCollectForAllocation
[6.309s][info ][gc,start     ] GC(10) Pause Young (Allocation Failure)
[6.309s][info ][gc,task      ] GC(10) Using 4 workers of 4 for evacuation
[6.313s][debug][gc,ref       ] GC(10) Skipped phase1 of Reference Processing due to unavailable references
[6.313s][debug][gc,ref       ] GC(10) Skipped phase3 of Reference Processing due to unavailable references
[6.313s][debug][gc,ref       ] GC(10) Skipped phase4 of Reference Processing due to unavailable references
[6.313s][debug][gc,age       ] GC(10) Desired survivor size 15400960 bytes, new threshold 6 (max threshold 6)
[6.313s][info ][gc,heap      ] GC(10) ParNew: 244067K->3288K(270976K)
[6.313s][info ][gc,heap      ] GC(10) CMS: 117308K->117308K(602112K)
[6.313s][info ][gc,metaspace ] GC(10) Metaspace: 36572K->36572K(1081344K)
[6.313s][info ][gc           ] GC(10) Pause Young (Allocation Failure) 352M->117M(852M) 3.815ms
[6.313s][info ][gc,cpu       ] GC(10) User=0.02s Sys=0.00s Real=0.01s
[6.313s][info ][safepoint    ] Leaving safepoint region
[6.313s][info ][safepoint    ] Total time for which application threads were stopped: 0.0068488 seconds, Stopping threads took: 0.0005978 seconds
[6.378s][info ][safepoint    ] Application time: 0.0650687 seconds
[6.378s][info ][safepoint    ] Entering safepoint region: GenCollectForAllocation
[6.378s][info ][gc,start     ] GC(11) Pause Young (Allocation Failure)
[6.378s][info ][gc,task      ] GC(11) Using 4 workers of 4 for evacuation
[6.383s][debug][gc,ref       ] GC(11) Skipped phase1 of Reference Processing due to unavailable references
[6.383s][debug][gc,ref       ] GC(11) Skipped phase2 of Reference Processing due to unavailable references
[6.383s][debug][gc,ref       ] GC(11) Skipped phase3 of Reference Processing due to unavailable references
[6.383s][debug][gc,ref       ] GC(11) Skipped phase4 of Reference Processing due to unavailable references
[6.383s][debug][gc,age       ] GC(11) Desired survivor size 15400960 bytes, new threshold 6 (max threshold 6)
[6.383s][info ][gc,heap      ] GC(11) ParNew: 244184K->2233K(270976K)
[6.383s][info ][gc,heap      ] GC(11) CMS: 117308K->118649K(602112K)
[6.383s][info ][gc,metaspace ] GC(11) Metaspace: 36572K->36572K(1081344K)
[6.383s][info ][gc           ] GC(11) Pause Young (Allocation Failure) 353M->118M(852M) 4.695ms
[6.383s][info ][gc,cpu       ] GC(11) User=0.02s Sys=0.01s Real=0.01s
[6.383s][info ][safepoint    ] Leaving safepoint region
[6.383s][info ][safepoint    ] Total time for which application threads were stopped: 0.0050756 seconds, Stopping threads took: 0.0002036 seconds
[6.432s][info ][safepoint    ] Application time: 0.0489457 seconds
[6.433s][info ][safepoint    ] Entering safepoint region: GenCollectForAllocation
[6.433s][info ][gc,start     ] GC(12) Pause Young (Allocation Failure)
[6.433s][info ][gc,task      ] GC(12) Using 4 workers of 4 for evacuation
[6.437s][debug][gc,ref       ] GC(12) Skipped phase1 of Reference Processing due to unavailable references
[6.437s][debug][gc,ref       ] GC(12) Skipped phase2 of Reference Processing due to unavailable references
[6.437s][debug][gc,ref       ] GC(12) Skipped phase3 of Reference Processing due to unavailable references
[6.437s][debug][gc,ref       ] GC(12) Skipped phase4 of Reference Processing due to unavailable references
[6.437s][debug][gc,age       ] GC(12) Desired survivor size 15400960 bytes, new threshold 6 (max threshold 6)
[6.437s][info ][gc,heap      ] GC(12) ParNew: 243129K->932K(270976K)
[6.437s][info ][gc,heap      ] GC(12) CMS: 118649K->119310K(602112K)
[6.437s][info ][gc,metaspace ] GC(12) Metaspace: 36572K->36572K(1081344K)
[6.437s][info ][gc           ] GC(12) Pause Young (Allocation Failure) 353M->117M(852M) 4.025ms
[6.437s][info ][gc,cpu       ] GC(12) User=0.01s Sys=0.00s Real=0.00s
[6.437s][info ][safepoint    ] Leaving safepoint region
[6.437s][info ][safepoint    ] Total time for which application threads were stopped: 0.0053178 seconds, Stopping threads took: 0.0011219 seconds
[6.478s][info ][safepoint    ] Application time: 0.0400978 seconds
[6.479s][info ][safepoint    ] Entering safepoint region: GenCollectForAllocation
[6.479s][info ][gc,start     ] GC(13) Pause Young (Allocation Failure)
[6.479s][info ][gc,task      ] GC(13) Using 4 workers of 4 for evacuation
[6.481s][debug][gc,ref       ] GC(13) Skipped phase1 of Reference Processing due to unavailable references
[6.481s][debug][gc,ref       ] GC(13) Skipped phase2 of Reference Processing due to unavailable references
[6.481s][debug][gc,ref       ] GC(13) Skipped phase3 of Reference Processing due to unavailable references
[6.481s][debug][gc,ref       ] GC(13) Skipped phase4 of Reference Processing due to unavailable references
[6.481s][debug][gc,age       ] GC(13) Desired survivor size 15400960 bytes, new threshold 6 (max threshold 6)
[6.481s][info ][gc,heap      ] GC(13) ParNew: 241828K->570K(270976K)
[6.481s][info ][gc,heap      ] GC(13) CMS: 119310K->119414K(602112K)
[6.481s][info ][gc,metaspace ] GC(13) Metaspace: 36572K->36572K(1081344K)
[6.481s][info ][gc           ] GC(13) Pause Young (Allocation Failure) 352M->117M(852M) 2.157ms
[6.481s][info ][gc,cpu       ] GC(13) User=0.01s Sys=0.00s Real=0.00s
[6.481s][info ][safepoint    ] Leaving safepoint region
[6.481s][info ][safepoint    ] Total time for which application threads were stopped: 0.0035078 seconds, Stopping threads took: 0.0012110 seconds
[6.546s][info ][safepoint    ] Application time: 0.0649537 seconds
[6.546s][info ][safepoint    ] Entering safepoint region: GenCollectForAllocation
[6.546s][info ][gc,start     ] GC(14) Pause Young (Allocation Failure)
[6.546s][info ][gc,task      ] GC(14) Using 4 workers of 4 for evacuation
[6.548s][debug][gc,ref       ] GC(14) Skipped phase1 of Reference Processing due to unavailable references
[6.548s][debug][gc,ref       ] GC(14) Skipped phase2 of Reference Processing due to unavailable references
[6.548s][debug][gc,ref       ] GC(14) Skipped phase3 of Reference Processing due to unavailable references
[6.548s][debug][gc,ref       ] GC(14) Skipped phase4 of Reference Processing due to unavailable references
[6.548s][debug][gc,age       ] GC(14) Desired survivor size 15400960 bytes, new threshold 6 (max threshold 6)
[6.548s][info ][gc,heap      ] GC(14) ParNew: 241466K->437K(270976K)
[6.548s][info ][gc,heap      ] GC(14) CMS: 119414K->119482K(602112K)
[6.548s][info ][gc,metaspace ] GC(14) Metaspace: 36572K->36572K(1081344K)
[6.548s][info ][gc           ] GC(14) Pause Young (Allocation Failure) 352M->117M(852M) 1.834ms
[6.548s][info ][gc,cpu       ] GC(14) User=0.00s Sys=0.01s Real=0.00s
[6.548s][info ][safepoint    ] Leaving safepoint region
[6.548s][info ][safepoint    ] Total time for which application threads were stopped: 0.0021352 seconds, Stopping threads took: 0.0001252 seconds
[6.594s][info ][safepoint    ] Application time: 0.0459628 seconds
[6.601s][info ][safepoint    ] Entering safepoint region: GenCollectForAllocation
[6.602s][info ][gc,start     ] GC(15) Pause Young (Allocation Failure)
[6.602s][info ][gc,task      ] GC(15) Using 4 workers of 4 for evacuation
[6.603s][debug][gc,ref       ] GC(15) Skipped phase1 of Reference Processing due to unavailable references
[6.603s][debug][gc,ref       ] GC(15) Skipped phase2 of Reference Processing due to unavailable references
[6.603s][debug][gc,ref       ] GC(15) Skipped phase3 of Reference Processing due to unavailable references
[6.603s][debug][gc,ref       ] GC(15) Skipped phase4 of Reference Processing due to unavailable references
[6.604s][debug][gc,age       ] GC(15) Desired survivor size 15400960 bytes, new threshold 6 (max threshold 6)
[6.604s][info ][gc,heap      ] GC(15) ParNew: 241333K->515K(270976K)
[6.604s][info ][gc,heap      ] GC(15) CMS: 119482K->119513K(602112K)
[6.604s][info ][gc,metaspace ] GC(15) Metaspace: 36572K->36572K(1081344K)
[6.604s][info ][gc           ] GC(15) Pause Young (Allocation Failure) 352M->117M(852M) 1.969ms
[6.604s][info ][gc,cpu       ] GC(15) User=0.01s Sys=0.00s Real=0.01s
[6.604s][info ][safepoint    ] Leaving safepoint region
[6.604s][info ][safepoint    ] Total time for which application threads were stopped: 0.0093215 seconds, Stopping threads took: 0.0071802 seconds
[6.642s][info ][safepoint    ] Application time: 0.0382187 seconds
[6.642s][info ][safepoint    ] Entering safepoint region: GenCollectForAllocation
[6.642s][info ][gc,start     ] GC(16) Pause Young (Allocation Failure)
[6.642s][info ][gc,task      ] GC(16) Using 4 workers of 4 for evacuation
[6.644s][debug][gc,ref       ] GC(16) Skipped phase1 of Reference Processing due to unavailable references
[6.644s][debug][gc,ref       ] GC(16) Skipped phase2 of Reference Processing due to unavailable references
[6.644s][debug][gc,ref       ] GC(16) Skipped phase3 of Reference Processing due to unavailable references
[6.644s][debug][gc,ref       ] GC(16) Skipped phase4 of Reference Processing due to unavailable references
[6.644s][debug][gc,age       ] GC(16) Desired survivor size 15400960 bytes, new threshold 6 (max threshold 6)
[6.644s][info ][gc,heap      ] GC(16) ParNew: 241411K->573K(270976K)
[6.644s][info ][gc,heap      ] GC(16) CMS: 119513K->119539K(602112K)
[6.644s][info ][gc,metaspace ] GC(16) Metaspace: 36572K->36572K(1081344K)
[6.644s][info ][gc           ] GC(16) Pause Young (Allocation Failure) 352M->117M(852M) 2.095ms
[6.644s][info ][gc,cpu       ] GC(16) User=0.00s Sys=0.00s Real=0.01s
[6.644s][info ][safepoint    ] Leaving safepoint region
[6.644s][info ][safepoint    ] Total time for which application threads were stopped: 0.0024147 seconds, Stopping threads took: 0.0001547 seconds
[6.710s][info ][safepoint    ] Application time: 0.0657464 seconds
[6.711s][info ][safepoint    ] Entering safepoint region: GenCollectForAllocation
[6.711s][info ][gc,start     ] GC(17) Pause Young (Allocation Failure)
[6.711s][info ][gc,task      ] GC(17) Using 4 workers of 4 for evacuation
[6.729s][debug][gc,ref       ] GC(17) Skipped phase1 of Reference Processing due to unavailable references
[6.729s][debug][gc,ref       ] GC(17) Skipped phase2 of Reference Processing due to unavailable references
[6.729s][debug][gc,ref       ] GC(17) Skipped phase3 of Reference Processing due to unavailable references
[6.729s][debug][gc,ref       ] GC(17) Skipped phase4 of Reference Processing due to unavailable references
[6.729s][debug][gc,age       ] GC(17) Desired survivor size 15400960 bytes, new threshold 6 (max threshold 6)
[6.729s][info ][gc,heap      ] GC(17) ParNew: 241469K->453K(270976K)
[6.729s][info ][gc,heap      ] GC(17) CMS: 119539K->119595K(602112K)
[6.729s][info ][gc,metaspace ] GC(17) Metaspace: 36572K->36572K(1081344K)
[6.729s][info ][gc           ] GC(17) Pause Young (Allocation Failure) 352M->117M(852M) 18.117ms
[6.729s][info ][gc,cpu       ] GC(17) User=0.05s Sys=0.00s Real=0.01s
[6.729s][info ][safepoint    ] Leaving safepoint region
[6.729s][info ][safepoint    ] Total time for which application threads were stopped: 0.0188697 seconds, Stopping threads took: 0.0005505 seconds
[6.774s][info ][safepoint    ] Application time: 0.0449065 seconds
[6.776s][info ][safepoint    ] Entering safepoint region: GenCollectForAllocation
[6.776s][info ][gc,start     ] GC(18) Pause Young (Allocation Failure)
[6.776s][info ][gc,task      ] GC(18) Using 4 workers of 4 for evacuation
[6.778s][debug][gc,ref       ] GC(18) Skipped phase1 of Reference Processing due to unavailable references
[6.778s][debug][gc,ref       ] GC(18) Skipped phase2 of Reference Processing due to unavailable references
[6.778s][debug][gc,ref       ] GC(18) Skipped phase3 of Reference Processing due to unavailable references
[6.778s][debug][gc,ref       ] GC(18) Skipped phase4 of Reference Processing due to unavailable references
[6.778s][debug][gc,age       ] GC(18) Desired survivor size 15400960 bytes, new threshold 6 (max threshold 6)
[6.778s][info ][gc,heap      ] GC(18) ParNew: 241349K->456K(270976K)
[6.778s][info ][gc,heap      ] GC(18) CMS: 119595K->119628K(602112K)
[6.778s][info ][gc,metaspace ] GC(18) Metaspace: 36572K->36572K(1081344K)
[6.778s][info ][gc           ] GC(18) Pause Young (Allocation Failure) 352M->117M(852M) 2.156ms
[6.778s][info ][gc,cpu       ] GC(18) User=0.01s Sys=0.00s Real=0.00s
[6.778s][info ][safepoint    ] Leaving safepoint region
[6.778s][info ][safepoint    ] Total time for which application threads were stopped: 0.0042837 seconds, Stopping threads took: 0.0019857 seconds
[6.828s][info ][safepoint    ] Application time: 0.0494846 seconds
[6.833s][info ][safepoint    ] Entering safepoint region: GenCollectForAllocation
[6.833s][info ][gc,start     ] GC(19) Pause Young (Allocation Failure)
[6.833s][info ][gc,task      ] GC(19) Using 4 workers of 4 for evacuation
[6.835s][debug][gc,ref       ] GC(19) Skipped phase1 of Reference Processing due to unavailable references
[6.835s][debug][gc,ref       ] GC(19) Skipped phase2 of Reference Processing due to unavailable references
[6.835s][debug][gc,ref       ] GC(19) Skipped phase3 of Reference Processing due to unavailable references
[6.835s][debug][gc,ref       ] GC(19) Skipped phase4 of Reference Processing due to unavailable references
[6.835s][debug][gc,age       ] GC(19) Desired survivor size 15400960 bytes, new threshold 6 (max threshold 6)
[6.835s][info ][gc,heap      ] GC(19) ParNew: 241352K->476K(270976K)
[6.835s][info ][gc,heap      ] GC(19) CMS: 119628K->119659K(602112K)
[6.835s][info ][gc,metaspace ] GC(19) Metaspace: 36575K->36575K(1081344K)
[6.835s][info ][gc           ] GC(19) Pause Young (Allocation Failure) 352M->117M(852M) 2.558ms
[6.835s][info ][gc,cpu       ] GC(19) User=0.00s Sys=0.01s Real=0.00s
[6.835s][info ][safepoint    ] Leaving safepoint region
[6.835s][info ][safepoint    ] Total time for which application threads were stopped: 0.0075878 seconds, Stopping threads took: 0.0048298 seconds
[6.893s][info ][safepoint    ] Application time: 0.0579378 seconds
[6.893s][info ][safepoint    ] Entering safepoint region: GenCollectForAllocation
[6.894s][info ][gc,start     ] GC(20) Pause Young (Allocation Failure)
[6.894s][info ][gc,task      ] GC(20) Using 4 workers of 4 for evacuation
[6.895s][debug][gc,ref       ] GC(20) Skipped phase1 of Reference Processing due to unavailable references
[6.895s][debug][gc,ref       ] GC(20) Skipped phase2 of Reference Processing due to unavailable references
[6.895s][debug][gc,ref       ] GC(20) Skipped phase3 of Reference Processing due to unavailable references
[6.895s][debug][gc,ref       ] GC(20) Skipped phase4 of Reference Processing due to unavailable references
[6.895s][debug][gc,age       ] GC(20) Desired survivor size 15400960 bytes, new threshold 6 (max threshold 6)
[6.895s][info ][gc,heap      ] GC(20) ParNew: 241372K->495K(270976K)
[6.895s][info ][gc,heap      ] GC(20) CMS: 119659K->119725K(602112K)
[6.895s][info ][gc,metaspace ] GC(20) Metaspace: 36575K->36575K(1081344K)
[6.895s][info ][gc           ] GC(20) Pause Young (Allocation Failure) 352M->117M(852M) 1.847ms
[6.895s][info ][gc,cpu       ] GC(20) User=0.00s Sys=0.00s Real=0.00s
[6.895s][info ][safepoint    ] Leaving safepoint region
[6.895s][info ][safepoint    ] Total time for which application threads were stopped: 0.0021417 seconds, Stopping threads took: 0.0001418 seconds
[6.941s][info ][safepoint    ] Application time: 0.0457164 seconds
[6.941s][info ][safepoint    ] Entering safepoint region: GenCollectForAllocation
[6.941s][info ][gc,start     ] GC(21) Pause Young (Allocation Failure)
[6.941s][info ][gc,task      ] GC(21) Using 4 workers of 4 for evacuation
[6.943s][debug][gc,ref       ] GC(21) Skipped phase1 of Reference Processing due to unavailable references
[6.943s][debug][gc,ref       ] GC(21) Skipped phase2 of Reference Processing due to unavailable references
[6.943s][debug][gc,ref       ] GC(21) Skipped phase3 of Reference Processing due to unavailable references
[6.943s][debug][gc,ref       ] GC(21) Skipped phase4 of Reference Processing due to unavailable references
[6.943s][debug][gc,age       ] GC(21) Desired survivor size 15400960 bytes, new threshold 6 (max threshold 6)
[6.943s][info ][gc,heap      ] GC(21) ParNew: 241391K->470K(270976K)
[6.943s][info ][gc,heap      ] GC(21) CMS: 119725K->119748K(602112K)
[6.943s][info ][gc,metaspace ] GC(21) Metaspace: 36575K->36575K(1081344K)
[6.943s][info ][gc           ] GC(21) Pause Young (Allocation Failure) 352M->117M(852M) 2.006ms
[6.943s][info ][gc,cpu       ] GC(21) User=0.01s Sys=0.00s Real=0.01s
[6.943s][info ][safepoint    ] Leaving safepoint region
[6.943s][info ][safepoint    ] Total time for which application threads were stopped: 0.0022320 seconds, Stopping threads took: 0.0000759 seconds
[6.984s][info ][safepoint    ] Application time: 0.0410038 seconds
[6.985s][info ][safepoint    ] Entering safepoint region: GenCollectForAllocation
[6.985s][info ][gc,start     ] GC(22) Pause Young (Allocation Failure)
[6.985s][info ][gc,task      ] GC(22) Using 4 workers of 4 for evacuation
[6.986s][debug][gc,ref       ] GC(22) Skipped phase1 of Reference Processing due to unavailable references
[6.986s][debug][gc,ref       ] GC(22) Skipped phase2 of Reference Processing due to unavailable references
[6.986s][debug][gc,ref       ] GC(22) Skipped phase3 of Reference Processing due to unavailable references
[6.986s][debug][gc,ref       ] GC(22) Skipped phase4 of Reference Processing due to unavailable references
[6.986s][debug][gc,age       ] GC(22) Desired survivor size 15400960 bytes, new threshold 6 (max threshold 6)
[6.986s][info ][gc,heap      ] GC(22) ParNew: 241366K->493K(270976K)
[6.986s][info ][gc,heap      ] GC(22) CMS: 119748K->119781K(602112K)
[6.986s][info ][gc,metaspace ] GC(22) Metaspace: 36575K->36575K(1081344K)
[6.986s][info ][gc           ] GC(22) Pause Young (Allocation Failure) 352M->117M(852M) 1.664ms
[6.986s][info ][gc,cpu       ] GC(22) User=0.00s Sys=0.00s Real=0.00s
[6.986s][info ][safepoint    ] Leaving safepoint region
[6.986s][info ][safepoint    ] Total time for which application threads were stopped: 0.0019320 seconds, Stopping threads took: 0.0001234 seconds
[7.047s][info ][safepoint    ] Application time: 0.0604742 seconds
[7.047s][info ][safepoint    ] Entering safepoint region: GenCollectForAllocation
[7.047s][info ][gc,start     ] GC(23) Pause Young (Allocation Failure)
[7.047s][info ][gc,task      ] GC(23) Using 4 workers of 4 for evacuation
[7.049s][debug][gc,ref       ] GC(23) Skipped phase1 of Reference Processing due to unavailable references
[7.049s][debug][gc,ref       ] GC(23) Skipped phase2 of Reference Processing due to unavailable references
[7.049s][debug][gc,ref       ] GC(23) Skipped phase3 of Reference Processing due to unavailable references
[7.049s][debug][gc,ref       ] GC(23) Skipped phase4 of Reference Processing due to unavailable references
[7.049s][debug][gc,age       ] GC(23) Desired survivor size 15400960 bytes, new threshold 6 (max threshold 6)
[7.049s][info ][gc,heap      ] GC(23) ParNew: 241389K->581K(270976K)
[7.049s][info ][gc,heap      ] GC(23) CMS: 119781K->119839K(602112K)
[7.049s][info ][gc,metaspace ] GC(23) Metaspace: 36576K->36576K(1081344K)
[7.049s][info ][gc           ] GC(23) Pause Young (Allocation Failure) 352M->117M(852M) 1.928ms
[7.049s][info ][gc,cpu       ] GC(23) User=0.00s Sys=0.00s Real=0.00s
[7.049s][info ][safepoint    ] Leaving safepoint region
[7.049s][info ][safepoint    ] Total time for which application threads were stopped: 0.0024040 seconds, Stopping threads took: 0.0003198 seconds
[7.081s][info ][safepoint    ] Application time: 0.0318470 seconds
[7.081s][info ][safepoint    ] Entering safepoint region: GenCollectForAllocation
[7.082s][info ][gc,start     ] GC(24) Pause Young (Allocation Failure)
[7.082s][info ][gc,task      ] GC(24) Using 4 workers of 4 for evacuation
[7.084s][debug][gc,ref       ] GC(24) Skipped phase1 of Reference Processing due to unavailable references
[7.084s][debug][gc,ref       ] GC(24) Skipped phase2 of Reference Processing due to unavailable references
[7.084s][debug][gc,ref       ] GC(24) Skipped phase3 of Reference Processing due to unavailable references
[7.084s][debug][gc,ref       ] GC(24) Skipped phase4 of Reference Processing due to unavailable references
[7.084s][debug][gc,age       ] GC(24) Desired survivor size 15400960 bytes, new threshold 6 (max threshold 6)
[7.084s][info ][gc,heap      ] GC(24) ParNew: 241477K->526K(270976K)
[7.084s][info ][gc,heap      ] GC(24) CMS: 119839K->119861K(602112K)
[7.084s][info ][gc,metaspace ] GC(24) Metaspace: 36576K->36576K(1081344K)
[7.084s][info ][gc           ] GC(24) Pause Young (Allocation Failure) 352M->117M(852M) 2.213ms
[7.084s][info ][gc,cpu       ] GC(24) User=0.01s Sys=0.00s Real=0.01s
[7.084s][info ][safepoint    ] Leaving safepoint region
[7.084s][info ][safepoint    ] Total time for which application threads were stopped: 0.0026215 seconds, Stopping threads took: 0.0002541 seconds
[7.145s][info ][safepoint    ] Application time: 0.0609899 seconds
[7.145s][info ][safepoint    ] Entering safepoint region: GenCollectForAllocation
[7.145s][info ][gc,start     ] GC(25) Pause Young (Allocation Failure)
[7.145s][info ][gc,task      ] GC(25) Using 4 workers of 4 for evacuation
[7.147s][debug][gc,ref       ] GC(25) Skipped phase1 of Reference Processing due to unavailable references
[7.147s][debug][gc,ref       ] GC(25) Skipped phase2 of Reference Processing due to unavailable references
[7.147s][debug][gc,ref       ] GC(25) Skipped phase3 of Reference Processing due to unavailable references
[7.147s][debug][gc,ref       ] GC(25) Skipped phase4 of Reference Processing due to unavailable references
[7.147s][debug][gc,age       ] GC(25) Desired survivor size 15400960 bytes, new threshold 6 (max threshold 6)
[7.147s][info ][gc,heap      ] GC(25) ParNew: 241422K->431K(270976K)
[7.147s][info ][gc,heap      ] GC(25) CMS: 119861K->119909K(602112K)
[7.147s][info ][gc,metaspace ] GC(25) Metaspace: 36576K->36576K(1081344K)
[7.147s][info ][gc           ] GC(25) Pause Young (Allocation Failure) 352M->117M(852M) 1.857ms
[7.147s][info ][gc,cpu       ] GC(25) User=0.00s Sys=0.01s Real=0.00s
[7.147s][info ][safepoint    ] Leaving safepoint region
[7.147s][info ][safepoint    ] Total time for which application threads were stopped: 0.0021581 seconds, Stopping threads took: 0.0001662 seconds
[7.195s][info ][safepoint    ] Application time: 0.0477307 seconds
[7.195s][info ][safepoint    ] Entering safepoint region: GenCollectForAllocation
[7.195s][info ][gc,start     ] GC(26) Pause Young (Allocation Failure)
[7.195s][info ][gc,task      ] GC(26) Using 4 workers of 4 for evacuation
[7.197s][debug][gc,ref       ] GC(26) Skipped phase1 of Reference Processing due to unavailable references
[7.197s][debug][gc,ref       ] GC(26) Skipped phase2 of Reference Processing due to unavailable references
[7.197s][debug][gc,ref       ] GC(26) Skipped phase3 of Reference Processing due to unavailable references
[7.197s][debug][gc,ref       ] GC(26) Skipped phase4 of Reference Processing due to unavailable references
[7.197s][debug][gc,age       ] GC(26) Desired survivor size 15400960 bytes, new threshold 6 (max threshold 6)
[7.197s][info ][gc,heap      ] GC(26) ParNew: 241327K->516K(270976K)
[7.197s][info ][gc,heap      ] GC(26) CMS: 119909K->119957K(602112K)
[7.197s][info ][gc,metaspace ] GC(26) Metaspace: 36576K->36576K(1081344K)
[7.197s][info ][gc           ] GC(26) Pause Young (Allocation Failure) 352M->117M(852M) 2.081ms
[7.197s][info ][gc,cpu       ] GC(26) User=0.00s Sys=0.00s Real=0.00s
[7.197s][info ][safepoint    ] Leaving safepoint region
[7.197s][info ][safepoint    ] Total time for which application threads were stopped: 0.0023684 seconds, Stopping threads took: 0.0001125 seconds
[7.232s][info ][safepoint    ] Application time: 0.0348222 seconds
[7.235s][info ][safepoint    ] Entering safepoint region: GenCollectForAllocation
[7.235s][info ][gc,start     ] GC(27) Pause Young (Allocation Failure)
[7.235s][info ][gc,task      ] GC(27) Using 4 workers of 4 for evacuation
[7.237s][debug][gc,ref       ] GC(27) Skipped phase1 of Reference Processing due to unavailable references
[7.237s][debug][gc,ref       ] GC(27) Skipped phase2 of Reference Processing due to unavailable references
[7.237s][debug][gc,ref       ] GC(27) Skipped phase3 of Reference Processing due to unavailable references
[7.237s][debug][gc,ref       ] GC(27) Skipped phase4 of Reference Processing due to unavailable references
[7.237s][debug][gc,age       ] GC(27) Desired survivor size 15400960 bytes, new threshold 6 (max threshold 6)
[7.237s][info ][gc,heap      ] GC(27) ParNew: 241412K->529K(270976K)
[7.237s][info ][gc,heap      ] GC(27) CMS: 119957K->119991K(602112K)
[7.237s][info ][gc,metaspace ] GC(27) Metaspace: 36576K->36576K(1081344K)
[7.237s][info ][gc           ] GC(27) Pause Young (Allocation Failure) 352M->117M(852M) 2.182ms
[7.237s][info ][gc,cpu       ] GC(27) User=0.00s Sys=0.00s Real=0.00s
[7.237s][info ][safepoint    ] Leaving safepoint region
[7.237s][info ][safepoint    ] Total time for which application threads were stopped: 0.0048183 seconds, Stopping threads took: 0.0024588 seconds
[7.298s][info ][safepoint    ] Application time: 0.0611520 seconds
[7.298s][info ][safepoint    ] Entering safepoint region: GenCollectForAllocation
[7.298s][info ][gc,start     ] GC(28) Pause Young (Allocation Failure)
[7.298s][info ][gc,task      ] GC(28) Using 4 workers of 4 for evacuation
[7.300s][debug][gc,ref       ] GC(28) Skipped phase1 of Reference Processing due to unavailable references
[7.300s][debug][gc,ref       ] GC(28) Skipped phase2 of Reference Processing due to unavailable references
[7.300s][debug][gc,ref       ] GC(28) Skipped phase3 of Reference Processing due to unavailable references
[7.300s][debug][gc,ref       ] GC(28) Skipped phase4 of Reference Processing due to unavailable references
[7.300s][debug][gc,age       ] GC(28) Desired survivor size 15400960 bytes, new threshold 6 (max threshold 6)
[7.300s][info ][gc,heap      ] GC(28) ParNew: 241425K->511K(270976K)
[7.300s][info ][gc,heap      ] GC(28) CMS: 119991K->120035K(602112K)
[7.300s][info ][gc,metaspace ] GC(28) Metaspace: 36576K->36576K(1081344K)
[7.300s][info ][gc           ] GC(28) Pause Young (Allocation Failure) 352M->117M(852M) 1.883ms
[7.300s][info ][gc,cpu       ] GC(28) User=0.01s Sys=0.00s Real=0.00s
[7.300s][info ][safepoint    ] Leaving safepoint region
[7.300s][info ][safepoint    ] Total time for which application threads were stopped: 0.0022057 seconds, Stopping threads took: 0.0001624 seconds
[7.347s][info ][safepoint    ] Application time: 0.0462695 seconds
[7.347s][info ][safepoint    ] Entering safepoint region: GenCollectForAllocation
[7.347s][info ][gc,start     ] GC(29) Pause Young (Allocation Failure)
[7.347s][info ][gc,task      ] GC(29) Using 4 workers of 4 for evacuation
[7.349s][debug][gc,ref       ] GC(29) Skipped phase1 of Reference Processing due to unavailable references
[7.349s][debug][gc,ref       ] GC(29) Skipped phase2 of Reference Processing due to unavailable references
[7.349s][debug][gc,ref       ] GC(29) Skipped phase3 of Reference Processing due to unavailable references
[7.349s][debug][gc,ref       ] GC(29) Skipped phase4 of Reference Processing due to unavailable references
[7.350s][debug][gc,age       ] GC(29) Desired survivor size 15400960 bytes, new threshold 6 (max threshold 6)
[7.350s][info ][gc,heap      ] GC(29) ParNew: 241407K->437K(270976K)
[7.350s][info ][gc,heap      ] GC(29) CMS: 120035K->120097K(602112K)
[7.350s][info ][gc,metaspace ] GC(29) Metaspace: 36576K->36576K(1081344K)
[7.350s][info ][gc           ] GC(29) Pause Young (Allocation Failure) 352M->117M(852M) 2.592ms
[7.350s][info ][gc,cpu       ] GC(29) User=0.01s Sys=0.00s Real=0.00s
[7.350s][info ][safepoint    ] Leaving safepoint region
[7.350s][info ][safepoint    ] Total time for which application threads were stopped: 0.0029867 seconds, Stopping threads took: 0.0002429 seconds
[7.389s][info ][safepoint    ] Application time: 0.0395507 seconds
[7.389s][info ][safepoint    ] Entering safepoint region: GenCollectForAllocation
[7.390s][info ][gc,start     ] GC(30) Pause Young (Allocation Failure)
[7.390s][info ][gc,task      ] GC(30) Using 4 workers of 4 for evacuation
[7.391s][debug][gc,ref       ] GC(30) Skipped phase1 of Reference Processing due to unavailable references
[7.391s][debug][gc,ref       ] GC(30) Skipped phase2 of Reference Processing due to unavailable references
[7.391s][debug][gc,ref       ] GC(30) Skipped phase3 of Reference Processing due to unavailable references
[7.391s][debug][gc,ref       ] GC(30) Skipped phase4 of Reference Processing due to unavailable references
[7.391s][debug][gc,age       ] GC(30) Desired survivor size 15400960 bytes, new threshold 6 (max threshold 6)
[7.391s][info ][gc,heap      ] GC(30) ParNew: 241333K->597K(270976K)
[7.391s][info ][gc,heap      ] GC(30) CMS: 120097K->120106K(602112K)
[7.392s][info ][gc,metaspace ] GC(30) Metaspace: 36576K->36576K(1081344K)
[7.392s][info ][gc           ] GC(30) Pause Young (Allocation Failure) 352M->117M(852M) 1.965ms
[7.392s][info ][gc,cpu       ] GC(30) User=0.01s Sys=0.00s Real=0.01s
[7.392s][info ][safepoint    ] Leaving safepoint region
[7.392s][info ][safepoint    ] Total time for which application threads were stopped: 0.0022773 seconds, Stopping threads took: 0.0001536 seconds
[7.460s][info ][safepoint    ] Application time: 0.0680880 seconds
[7.460s][info ][safepoint    ] Entering safepoint region: GenCollectForAllocation
[7.460s][info ][gc,start     ] GC(31) Pause Young (Allocation Failure)
[7.460s][info ][gc,task      ] GC(31) Using 4 workers of 4 for evacuation
[7.462s][debug][gc,ref       ] GC(31) Skipped phase1 of Reference Processing due to unavailable references
[7.462s][debug][gc,ref       ] GC(31) Skipped phase2 of Reference Processing due to unavailable references
[7.462s][debug][gc,ref       ] GC(31) Skipped phase3 of Reference Processing due to unavailable references
[7.462s][debug][gc,ref       ] GC(31) Skipped phase4 of Reference Processing due to unavailable references
[7.462s][debug][gc,age       ] GC(31) Desired survivor size 15400960 bytes, new threshold 6 (max threshold 6)
[7.462s][info ][gc,heap      ] GC(31) ParNew: 241493K->444K(270976K)
[7.462s][info ][gc,heap      ] GC(31) CMS: 120106K->120179K(602112K)
[7.462s][info ][gc,metaspace ] GC(31) Metaspace: 36576K->36576K(1081344K)
[7.462s][info ][gc           ] GC(31) Pause Young (Allocation Failure) 353M->117M(852M) 1.985ms
[7.462s][info ][gc,cpu       ] GC(31) User=0.00s Sys=0.00s Real=0.00s
[7.462s][info ][safepoint    ] Leaving safepoint region
[7.462s][info ][safepoint    ] Total time for which application threads were stopped: 0.0022723 seconds, Stopping threads took: 0.0001375 seconds
[7.502s][info ][safepoint    ] Application time: 0.0404327 seconds
[7.502s][info ][safepoint    ] Entering safepoint region: GenCollectForAllocation
[7.503s][info ][gc,start     ] GC(32) Pause Young (Allocation Failure)
[7.503s][info ][gc,task      ] GC(32) Using 4 workers of 4 for evacuation
[7.504s][debug][gc,ref       ] GC(32) Skipped phase1 of Reference Processing due to unavailable references
[7.504s][debug][gc,ref       ] GC(32) Skipped phase2 of Reference Processing due to unavailable references
[7.504s][debug][gc,ref       ] GC(32) Skipped phase3 of Reference Processing due to unavailable references
[7.504s][debug][gc,ref       ] GC(32) Skipped phase4 of Reference Processing due to unavailable references
[7.504s][debug][gc,age       ] GC(32) Desired survivor size 15400960 bytes, new threshold 6 (max threshold 6)
[7.504s][info ][gc,heap      ] GC(32) ParNew: 241340K->620K(270976K)
[7.504s][info ][gc,heap      ] GC(32) CMS: 120179K->120213K(602112K)
[7.504s][info ][gc,metaspace ] GC(32) Metaspace: 36576K->36576K(1081344K)
[7.504s][info ][gc           ] GC(32) Pause Young (Allocation Failure) 353M->118M(852M) 1.901ms
[7.505s][info ][gc,cpu       ] GC(32) User=0.01s Sys=0.00s Real=0.01s
[7.505s][info ][safepoint    ] Leaving safepoint region
[7.505s][info ][safepoint    ] Total time for which application threads were stopped: 0.0021282 seconds, Stopping threads took: 0.0000541 seconds
[7.552s][info ][safepoint    ] Application time: 0.0475519 seconds
[7.552s][info ][safepoint    ] Entering safepoint region: GenCollectForAllocation
[7.552s][info ][gc,start     ] GC(33) Pause Young (Allocation Failure)
[7.552s][info ][gc,task      ] GC(33) Using 4 workers of 4 for evacuation
[7.554s][debug][gc,ref       ] GC(33) Skipped phase1 of Reference Processing due to unavailable references
[7.554s][debug][gc,ref       ] GC(33) Skipped phase2 of Reference Processing due to unavailable references
[7.554s][debug][gc,ref       ] GC(33) Skipped phase3 of Reference Processing due to unavailable references
[7.554s][debug][gc,ref       ] GC(33) Skipped phase4 of Reference Processing due to unavailable references
[7.554s][debug][gc,age       ] GC(33) Desired survivor size 15400960 bytes, new threshold 6 (max threshold 6)
[7.554s][info ][gc,heap      ] GC(33) ParNew: 241516K->498K(270976K)
[7.554s][info ][gc,heap      ] GC(33) CMS: 120213K->120232K(602112K)
[7.554s][info ][gc,metaspace ] GC(33) Metaspace: 36577K->36577K(1081344K)
[7.554s][info ][gc           ] GC(33) Pause Young (Allocation Failure) 353M->117M(852M) 1.730ms
[7.554s][info ][gc,cpu       ] GC(33) User=0.00s Sys=0.00s Real=0.00s
[7.554s][info ][safepoint    ] Leaving safepoint region
[7.554s][info ][safepoint    ] Total time for which application threads were stopped: 0.0020682 seconds, Stopping threads took: 0.0001931 seconds
[7.607s][info ][safepoint    ] Application time: 0.0527027 seconds
[7.608s][info ][safepoint    ] Entering safepoint region: GenCollectForAllocation
[7.608s][info ][gc,start     ] GC(34) Pause Young (Allocation Failure)
[7.608s][info ][gc,task      ] GC(34) Using 4 workers of 4 for evacuation
[7.610s][debug][gc,ref       ] GC(34) Skipped phase1 of Reference Processing due to unavailable references
[7.610s][debug][gc,ref       ] GC(34) Skipped phase2 of Reference Processing due to unavailable references
[7.610s][debug][gc,ref       ] GC(34) Skipped phase3 of Reference Processing due to unavailable references
[7.610s][debug][gc,ref       ] GC(34) Skipped phase4 of Reference Processing due to unavailable references
[7.610s][debug][gc,age       ] GC(34) Desired survivor size 15400960 bytes, new threshold 6 (max threshold 6)
[7.610s][info ][gc,heap      ] GC(34) ParNew: 241394K->502K(270976K)
[7.610s][info ][gc,heap      ] GC(34) CMS: 120232K->120310K(602112K)
[7.610s][info ][gc,metaspace ] GC(34) Metaspace: 36577K->36577K(1081344K)
[7.610s][info ][gc           ] GC(34) Pause Young (Allocation Failure) 353M->117M(852M) 2.253ms
[7.610s][info ][gc,cpu       ] GC(34) User=0.01s Sys=0.00s Real=0.00s
[7.610s][info ][safepoint    ] Leaving safepoint region
[7.610s][info ][safepoint    ] Total time for which application threads were stopped: 0.0032670 seconds, Stopping threads took: 0.0008634 seconds
[7.651s][info ][safepoint    ] Application time: 0.0409844 seconds
[7.651s][info ][safepoint    ] Entering safepoint region: GenCollectForAllocation
[7.652s][info ][gc,start     ] GC(35) Pause Young (Allocation Failure)
[7.652s][info ][gc,task      ] GC(35) Using 4 workers of 4 for evacuation
[7.653s][debug][gc,ref       ] GC(35) Skipped phase1 of Reference Processing due to unavailable references
[7.653s][debug][gc,ref       ] GC(35) Skipped phase2 of Reference Processing due to unavailable references
[7.653s][debug][gc,ref       ] GC(35) Skipped phase3 of Reference Processing due to unavailable references
[7.653s][debug][gc,ref       ] GC(35) Skipped phase4 of Reference Processing due to unavailable references
[7.653s][debug][gc,age       ] GC(35) Desired survivor size 15400960 bytes, new threshold 6 (max threshold 6)
[7.653s][info ][gc,heap      ] GC(35) ParNew: 241398K->513K(270976K)
[7.653s][info ][gc,heap      ] GC(35) CMS: 120310K->120348K(602112K)
[7.653s][info ][gc,metaspace ] GC(35) Metaspace: 36577K->36577K(1081344K)
[7.653s][info ][gc           ] GC(35) Pause Young (Allocation Failure) 353M->118M(852M) 1.724ms
[7.653s][info ][gc,cpu       ] GC(35) User=0.01s Sys=0.00s Real=0.00s
[7.653s][info ][safepoint    ] Leaving safepoint region
[7.653s][info ][safepoint    ] Total time for which application threads were stopped: 0.0020382 seconds, Stopping threads took: 0.0001769 seconds
[7.711s][info ][safepoint    ] Application time: 0.0572639 seconds
[7.711s][info ][safepoint    ] Entering safepoint region: GenCollectForAllocation
[7.711s][info ][gc,start     ] GC(36) Pause Young (Allocation Failure)
[7.711s][info ][gc,task      ] GC(36) Using 4 workers of 4 for evacuation
[7.713s][debug][gc,ref       ] GC(36) Skipped phase1 of Reference Processing due to unavailable references
[7.713s][debug][gc,ref       ] GC(36) Skipped phase2 of Reference Processing due to unavailable references
[7.713s][debug][gc,ref       ] GC(36) Skipped phase3 of Reference Processing due to unavailable references
[7.713s][debug][gc,ref       ] GC(36) Skipped phase4 of Reference Processing due to unavailable references
[7.713s][debug][gc,age       ] GC(36) Desired survivor size 15400960 bytes, new threshold 6 (max threshold 6)
[7.713s][info ][gc,heap      ] GC(36) ParNew: 241409K->574K(270976K)
[7.713s][info ][gc,heap      ] GC(36) CMS: 120348K->120375K(602112K)
[7.713s][info ][gc,metaspace ] GC(36) Metaspace: 36577K->36577K(1081344K)
[7.713s][info ][gc           ] GC(36) Pause Young (Allocation Failure) 353M->118M(852M) 1.983ms
[7.713s][info ][gc,cpu       ] GC(36) User=0.01s Sys=0.00s Real=0.00s
[7.713s][info ][safepoint    ] Leaving safepoint region
[7.713s][info ][safepoint    ] Total time for which application threads were stopped: 0.0022970 seconds, Stopping threads took: 0.0001479 seconds
[7.759s][info ][safepoint    ] Application time: 0.0456691 seconds
[7.759s][info ][safepoint    ] Entering safepoint region: GenCollectForAllocation
[7.759s][info ][gc,start     ] GC(37) Pause Young (Allocation Failure)
[7.759s][info ][gc,task      ] GC(37) Using 4 workers of 4 for evacuation
[7.761s][debug][gc,ref       ] GC(37) Skipped phase1 of Reference Processing due to unavailable references
[7.761s][debug][gc,ref       ] GC(37) Skipped phase2 of Reference Processing due to unavailable references
[7.761s][debug][gc,ref       ] GC(37) Skipped phase3 of Reference Processing due to unavailable references
[7.761s][debug][gc,ref       ] GC(37) Skipped phase4 of Reference Processing due to unavailable references
[7.762s][debug][gc,age       ] GC(37) Desired survivor size 15400960 bytes, new threshold 6 (max threshold 6)
[7.762s][info ][gc,heap      ] GC(37) ParNew: 241470K->538K(270976K)
[7.762s][info ][gc,heap      ] GC(37) CMS: 120375K->120454K(602112K)
[7.762s][info ][gc,metaspace ] GC(37) Metaspace: 36577K->36577K(1081344K)
[7.762s][info ][gc           ] GC(37) Pause Young (Allocation Failure) 353M->118M(852M) 2.918ms
[7.762s][info ][gc,cpu       ] GC(37) User=0.01s Sys=0.00s Real=0.00s
[7.762s][info ][safepoint    ] Leaving safepoint region
[7.762s][info ][safepoint    ] Total time for which application threads were stopped: 0.0033872 seconds, Stopping threads took: 0.0001766 seconds
[7.816s][info ][safepoint    ] Application time: 0.0535743 seconds
[7.816s][info ][safepoint    ] Entering safepoint region: GenCollectForAllocation
[7.816s][info ][gc,start     ] GC(38) Pause Young (Allocation Failure)
[7.816s][info ][gc,task      ] GC(38) Using 4 workers of 4 for evacuation
[7.817s][debug][gc,ref       ] GC(38) Skipped phase1 of Reference Processing due to unavailable references
[7.817s][debug][gc,ref       ] GC(38) Skipped phase2 of Reference Processing due to unavailable references
[7.817s][debug][gc,ref       ] GC(38) Skipped phase3 of Reference Processing due to unavailable references
[7.817s][debug][gc,ref       ] GC(38) Skipped phase4 of Reference Processing due to unavailable references
[7.818s][debug][gc,age       ] GC(38) Desired survivor size 15400960 bytes, new threshold 6 (max threshold 6)
[7.818s][info ][gc,heap      ] GC(38) ParNew: 241434K->474K(270976K)
[7.818s][info ][gc,heap      ] GC(38) CMS: 120454K->120469K(602112K)
[7.818s][info ][gc,metaspace ] GC(38) Metaspace: 36582K->36582K(1081344K)
[7.818s][info ][gc           ] GC(38) Pause Young (Allocation Failure) 353M->118M(852M) 1.715ms
[7.818s][info ][gc,cpu       ] GC(38) User=0.00s Sys=0.00s Real=0.00s
[7.818s][info ][safepoint    ] Leaving safepoint region
[7.818s][info ][safepoint    ] Total time for which application threads were stopped: 0.0020025 seconds, Stopping threads took: 0.0001241 seconds
[7.869s][info ][safepoint    ] Application time: 0.0511573 seconds
[7.869s][info ][safepoint    ] Entering safepoint region: GenCollectForAllocation
[7.869s][info ][gc,start     ] GC(39) Pause Young (Allocation Failure)
[7.869s][info ][gc,task      ] GC(39) Using 4 workers of 4 for evacuation
[7.876s][debug][gc,ref       ] GC(39) Skipped phase1 of Reference Processing due to unavailable references
[7.876s][debug][gc,ref       ] GC(39) Skipped phase2 of Reference Processing due to unavailable references
[7.876s][debug][gc,ref       ] GC(39) Skipped phase3 of Reference Processing due to unavailable references
[7.876s][debug][gc,ref       ] GC(39) Skipped phase4 of Reference Processing due to unavailable references
[7.876s][debug][gc,age       ] GC(39) Desired survivor size 15400960 bytes, new threshold 6 (max threshold 6)
[7.876s][info ][gc,heap      ] GC(39) ParNew: 241370K->391K(270976K)
[7.876s][info ][gc,heap      ] GC(39) CMS: 120469K->120525K(602112K)
[7.876s][info ][gc,metaspace ] GC(39) Metaspace: 36584K->36584K(1081344K)
[7.876s][info ][gc           ] GC(39) Pause Young (Allocation Failure) 353M->118M(852M) 6.583ms
[7.876s][info ][gc,cpu       ] GC(39) User=0.00s Sys=0.00s Real=0.01s
[7.876s][info ][safepoint    ] Leaving safepoint region
[7.876s][info ][safepoint    ] Total time for which application threads were stopped: 0.0071111 seconds, Stopping threads took: 0.0003600 seconds
[7.918s][info ][safepoint    ] Application time: 0.0422598 seconds
[7.927s][info ][safepoint    ] Entering safepoint region: GenCollectForAllocation
[7.927s][info ][gc,start     ] GC(40) Pause Young (Allocation Failure)
[7.927s][info ][gc,task      ] GC(40) Using 4 workers of 4 for evacuation
[7.929s][debug][gc,ref       ] GC(40) Skipped phase1 of Reference Processing due to unavailable references
[7.929s][debug][gc,ref       ] GC(40) Skipped phase2 of Reference Processing due to unavailable references
[7.929s][debug][gc,ref       ] GC(40) Skipped phase3 of Reference Processing due to unavailable references
[7.929s][debug][gc,ref       ] GC(40) Skipped phase4 of Reference Processing due to unavailable references
[7.929s][debug][gc,age       ] GC(40) Desired survivor size 15400960 bytes, new threshold 6 (max threshold 6)
[7.929s][info ][gc,heap      ] GC(40) ParNew: 241287K->510K(270976K)
[7.929s][info ][gc,heap      ] GC(40) CMS: 120525K->120573K(602112K)
[7.929s][info ][gc,metaspace ] GC(40) Metaspace: 36584K->36584K(1081344K)
[7.929s][info ][gc           ] GC(40) Pause Young (Allocation Failure) 353M->118M(852M) 2.126ms
[7.929s][info ][gc,cpu       ] GC(40) User=0.01s Sys=0.00s Real=0.00s
[7.929s][info ][safepoint    ] Leaving safepoint region
[7.929s][info ][safepoint    ] Total time for which application threads were stopped: 0.0109189 seconds, Stopping threads took: 0.0086113 seconds
[7.990s][info ][safepoint    ] Application time: 0.0607883 seconds
[7.990s][info ][safepoint    ] Entering safepoint region: GenCollectForAllocation
[7.990s][info ][gc,start     ] GC(41) Pause Young (Allocation Failure)
[7.990s][info ][gc,task      ] GC(41) Using 4 workers of 4 for evacuation
[7.992s][debug][gc,ref       ] GC(41) Skipped phase1 of Reference Processing due to unavailable references
[7.992s][debug][gc,ref       ] GC(41) Skipped phase2 of Reference Processing due to unavailable references
[7.992s][debug][gc,ref       ] GC(41) Skipped phase3 of Reference Processing due to unavailable references
[7.992s][debug][gc,ref       ] GC(41) Skipped phase4 of Reference Processing due to unavailable references
[7.992s][debug][gc,age       ] GC(41) Desired survivor size 15400960 bytes, new threshold 6 (max threshold 6)
[7.992s][info ][gc,heap      ] GC(41) ParNew: 241406K->595K(270976K)
[7.992s][info ][gc,heap      ] GC(41) CMS: 120573K->120603K(602112K)
[7.992s][info ][gc,metaspace ] GC(41) Metaspace: 36584K->36584K(1081344K)
[7.992s][info ][gc           ] GC(41) Pause Young (Allocation Failure) 353M->118M(852M) 1.855ms
[7.992s][info ][gc,cpu       ] GC(41) User=0.00s Sys=0.00s Real=0.01s
[7.992s][info ][safepoint    ] Leaving safepoint region
[7.992s][info ][safepoint    ] Total time for which application threads were stopped: 0.0023573 seconds, Stopping threads took: 0.0003585 seconds
[8.045s][info ][safepoint    ] Application time: 0.0528182 seconds
[8.045s][info ][safepoint    ] Entering safepoint region: GenCollectForAllocation
[8.045s][info ][gc,start     ] GC(42) Pause Young (Allocation Failure)
[8.045s][info ][gc,task      ] GC(42) Using 4 workers of 4 for evacuation
[8.047s][debug][gc,ref       ] GC(42) Skipped phase1 of Reference Processing due to unavailable references
[8.047s][debug][gc,ref       ] GC(42) Skipped phase2 of Reference Processing due to unavailable references
[8.047s][debug][gc,ref       ] GC(42) Skipped phase3 of Reference Processing due to unavailable references
[8.047s][debug][gc,ref       ] GC(42) Skipped phase4 of Reference Processing due to unavailable references
[8.047s][debug][gc,age       ] GC(42) Desired survivor size 15400960 bytes, new threshold 6 (max threshold 6)
[8.047s][info ][gc,heap      ] GC(42) ParNew: 241491K->434K(270976K)
[8.047s][info ][gc,heap      ] GC(42) CMS: 120603K->120660K(602112K)
[8.047s][info ][gc,metaspace ] GC(42) Metaspace: 36584K->36584K(1081344K)
[8.047s][info ][gc           ] GC(42) Pause Young (Allocation Failure) 353M->118M(852M) 1.804ms
[8.047s][info ][gc,cpu       ] GC(42) User=0.01s Sys=0.00s Real=0.00s
[8.047s][info ][safepoint    ] Leaving safepoint region
[8.047s][info ][safepoint    ] Total time for which application threads were stopped: 0.0020983 seconds, Stopping threads took: 0.0001372 seconds
[8.097s][info ][safepoint    ] Application time: 0.0494776 seconds
[8.097s][info ][safepoint    ] Entering safepoint region: GenCollectForAllocation
[8.097s][info ][gc,start     ] GC(43) Pause Young (Allocation Failure)
[8.097s][info ][gc,task      ] GC(43) Using 4 workers of 4 for evacuation
[8.099s][debug][gc,ref       ] GC(43) Skipped phase1 of Reference Processing due to unavailable references
[8.099s][debug][gc,ref       ] GC(43) Skipped phase2 of Reference Processing due to unavailable references
[8.099s][debug][gc,ref       ] GC(43) Skipped phase3 of Reference Processing due to unavailable references
[8.099s][debug][gc,ref       ] GC(43) Skipped phase4 of Reference Processing due to unavailable references
[8.099s][debug][gc,age       ] GC(43) Desired survivor size 15400960 bytes, new threshold 6 (max threshold 6)
[8.099s][info ][gc,heap      ] GC(43) ParNew: 241330K->476K(270976K)
[8.099s][info ][gc,heap      ] GC(43) CMS: 120660K->120691K(602112K)
[8.099s][info ][gc,metaspace ] GC(43) Metaspace: 36584K->36584K(1081344K)
[8.099s][info ][gc           ] GC(43) Pause Young (Allocation Failure) 353M->118M(852M) 1.790ms
[8.099s][info ][gc,cpu       ] GC(43) User=0.01s Sys=0.00s Real=0.00s
[8.099s][info ][safepoint    ] Leaving safepoint region
[8.099s][info ][safepoint    ] Total time for which application threads were stopped: 0.0021135 seconds, Stopping threads took: 0.0001823 seconds
[8.147s][info ][safepoint    ] Application time: 0.0483408 seconds
[8.147s][info ][safepoint    ] Entering safepoint region: GenCollectForAllocation
[8.147s][info ][gc,start     ] GC(44) Pause Young (Allocation Failure)
[8.147s][info ][gc,task      ] GC(44) Using 4 workers of 4 for evacuation
[8.149s][debug][gc,ref       ] GC(44) Skipped phase1 of Reference Processing due to unavailable references
[8.149s][debug][gc,ref       ] GC(44) Skipped phase2 of Reference Processing due to unavailable references
[8.149s][debug][gc,ref       ] GC(44) Skipped phase3 of Reference Processing due to unavailable references
[8.149s][debug][gc,ref       ] GC(44) Skipped phase4 of Reference Processing due to unavailable references
[8.149s][debug][gc,age       ] GC(44) Desired survivor size 15400960 bytes, new threshold 6 (max threshold 6)
[8.149s][info ][gc,heap      ] GC(44) ParNew: 241372K->530K(270976K)
[8.149s][info ][gc,heap      ] GC(44) CMS: 120691K->120746K(602112K)
[8.149s][info ][gc,metaspace ] GC(44) Metaspace: 36584K->36584K(1081344K)
[8.150s][info ][gc           ] GC(44) Pause Young (Allocation Failure) 353M->118M(852M) 2.037ms
[8.150s][info ][gc,cpu       ] GC(44) User=0.01s Sys=0.00s Real=0.00s
[8.150s][info ][safepoint    ] Leaving safepoint region
[8.150s][info ][safepoint    ] Total time for which application threads were stopped: 0.0022550 seconds, Stopping threads took: 0.0000697 seconds
[8.202s][info ][safepoint    ] Application time: 0.0529205 seconds
[8.203s][info ][safepoint    ] Entering safepoint region: GenCollectForAllocation
[8.203s][info ][gc,start     ] GC(45) Pause Young (Allocation Failure)
[8.203s][info ][gc,task      ] GC(45) Using 4 workers of 4 for evacuation
[8.205s][debug][gc,ref       ] GC(45) Skipped phase1 of Reference Processing due to unavailable references
[8.205s][debug][gc,ref       ] GC(45) Skipped phase2 of Reference Processing due to unavailable references
[8.205s][debug][gc,ref       ] GC(45) Skipped phase3 of Reference Processing due to unavailable references
[8.205s][debug][gc,ref       ] GC(45) Skipped phase4 of Reference Processing due to unavailable references
[8.205s][debug][gc,age       ] GC(45) Desired survivor size 15400960 bytes, new threshold 6 (max threshold 6)
[8.205s][info ][gc,heap      ] GC(45) ParNew: 241426K->599K(270976K)
[8.205s][info ][gc,heap      ] GC(45) CMS: 120746K->120790K(602112K)
[8.205s][info ][gc,metaspace ] GC(45) Metaspace: 36584K->36584K(1081344K)
[8.205s][info ][gc           ] GC(45) Pause Young (Allocation Failure) 353M->118M(852M) 2.302ms
[8.205s][info ][gc,cpu       ] GC(45) User=0.00s Sys=0.01s Real=0.00s
[8.205s][info ][safepoint    ] Leaving safepoint region
[8.205s][info ][safepoint    ] Total time for which application threads were stopped: 0.0026207 seconds, Stopping threads took: 0.0001682 seconds
[8.261s][info ][safepoint    ] Application time: 0.0556194 seconds
[8.261s][info ][safepoint    ] Entering safepoint region: GenCollectForAllocation
[8.261s][info ][gc,start     ] GC(46) Pause Young (Allocation Failure)
[8.261s][info ][gc,task      ] GC(46) Using 4 workers of 4 for evacuation
[8.263s][debug][gc,ref       ] GC(46) Skipped phase1 of Reference Processing due to unavailable references
[8.263s][debug][gc,ref       ] GC(46) Skipped phase2 of Reference Processing due to unavailable references
[8.263s][debug][gc,ref       ] GC(46) Skipped phase3 of Reference Processing due to unavailable references
[8.263s][debug][gc,ref       ] GC(46) Skipped phase4 of Reference Processing due to unavailable references
[8.263s][debug][gc,age       ] GC(46) Desired survivor size 15400960 bytes, new threshold 6 (max threshold 6)
[8.263s][info ][gc,heap      ] GC(46) ParNew: 241495K->439K(270976K)
[8.263s][info ][gc,heap      ] GC(46) CMS: 120790K->120830K(602112K)
[8.263s][info ][gc,metaspace ] GC(46) Metaspace: 36584K->36584K(1081344K)
[8.263s][info ][gc           ] GC(46) Pause Young (Allocation Failure) 353M->118M(852M) 2.403ms
[8.264s][info ][gc,cpu       ] GC(46) User=0.01s Sys=0.00s Real=0.01s
[8.264s][info ][safepoint    ] Leaving safepoint region
[8.264s][info ][safepoint    ] Total time for which application threads were stopped: 0.0027417 seconds, Stopping threads took: 0.0001786 seconds
[8.303s][info ][safepoint    ] Application time: 0.0392250 seconds
[8.303s][info ][safepoint    ] Entering safepoint region: GenCollectForAllocation
[8.303s][info ][gc,start     ] GC(47) Pause Young (Allocation Failure)
[8.303s][info ][gc,task      ] GC(47) Using 4 workers of 4 for evacuation
[8.305s][debug][gc,ref       ] GC(47) Skipped phase1 of Reference Processing due to unavailable references
[8.305s][debug][gc,ref       ] GC(47) Skipped phase2 of Reference Processing due to unavailable references
[8.305s][debug][gc,ref       ] GC(47) Skipped phase3 of Reference Processing due to unavailable references
[8.305s][debug][gc,ref       ] GC(47) Skipped phase4 of Reference Processing due to unavailable references
[8.305s][debug][gc,age       ] GC(47) Desired survivor size 15400960 bytes, new threshold 6 (max threshold 6)
[8.305s][info ][gc,heap      ] GC(47) ParNew: 241335K->566K(270976K)
[8.305s][info ][gc,heap      ] GC(47) CMS: 120830K->120896K(602112K)
[8.305s][info ][gc,metaspace ] GC(47) Metaspace: 36584K->36584K(1081344K)
[8.305s][info ][gc           ] GC(47) Pause Young (Allocation Failure) 353M->118M(852M) 1.957ms
[8.305s][info ][gc,cpu       ] GC(47) User=0.01s Sys=0.00s Real=0.00s
[8.305s][info ][safepoint    ] Leaving safepoint region
[8.305s][info ][safepoint    ] Total time for which application threads were stopped: 0.0022964 seconds, Stopping threads took: 0.0001878 seconds
[8.372s][info ][safepoint    ] Application time: 0.0667970 seconds
[8.372s][info ][safepoint    ] Entering safepoint region: GenCollectForAllocation
[8.372s][info ][gc,start     ] GC(48) Pause Young (Allocation Failure)
[8.373s][info ][gc,task      ] GC(48) Using 4 workers of 4 for evacuation
[8.374s][debug][gc,ref       ] GC(48) Skipped phase1 of Reference Processing due to unavailable references
[8.374s][debug][gc,ref       ] GC(48) Skipped phase2 of Reference Processing due to unavailable references
[8.374s][debug][gc,ref       ] GC(48) Skipped phase3 of Reference Processing due to unavailable references
[8.374s][debug][gc,ref       ] GC(48) Skipped phase4 of Reference Processing due to unavailable references
[8.375s][debug][gc,age       ] GC(48) Desired survivor size 15400960 bytes, new threshold 6 (max threshold 6)
[8.375s][info ][gc,heap      ] GC(48) ParNew: 241462K->592K(270976K)
[8.375s][info ][gc,heap      ] GC(48) CMS: 120896K->120921K(602112K)
[8.375s][info ][gc,metaspace ] GC(48) Metaspace: 36584K->36584K(1081344K)
[8.375s][info ][gc           ] GC(48) Pause Young (Allocation Failure) 353M->118M(852M) 2.155ms
[8.375s][info ][gc,cpu       ] GC(48) User=0.00s Sys=0.00s Real=0.00s
[8.375s][info ][safepoint    ] Leaving safepoint region
[8.375s][info ][safepoint    ] Total time for which application threads were stopped: 0.0027407 seconds, Stopping threads took: 0.0004142 seconds
[8.420s][info ][safepoint    ] Application time: 0.0453793 seconds
[8.420s][info ][safepoint    ] Entering safepoint region: GenCollectForAllocation
[8.420s][info ][gc,start     ] GC(49) Pause Young (Allocation Failure)
[8.421s][info ][gc,task      ] GC(49) Using 4 workers of 4 for evacuation
[8.423s][debug][gc,ref       ] GC(49) Skipped phase1 of Reference Processing due to unavailable references
[8.423s][debug][gc,ref       ] GC(49) Skipped phase2 of Reference Processing due to unavailable references
[8.423s][debug][gc,ref       ] GC(49) Skipped phase3 of Reference Processing due to unavailable references
[8.423s][debug][gc,ref       ] GC(49) Skipped phase4 of Reference Processing due to unavailable references
[8.423s][debug][gc,age       ] GC(49) Desired survivor size 15400960 bytes, new threshold 6 (max threshold 6)
[8.423s][info ][gc,heap      ] GC(49) ParNew: 241488K->550K(270976K)
[8.423s][info ][gc,heap      ] GC(49) CMS: 120921K->120976K(602112K)
[8.423s][info ][gc,metaspace ] GC(49) Metaspace: 36584K->36584K(1081344K)
[8.423s][info ][gc           ] GC(49) Pause Young (Allocation Failure) 353M->118M(852M) 2.430ms
[8.423s][info ][gc,cpu       ] GC(49) User=0.01s Sys=0.00s Real=0.01s
[8.423s][info ][safepoint    ] Leaving safepoint region
[8.423s][info ][safepoint    ] Total time for which application threads were stopped: 0.0028199 seconds, Stopping threads took: 0.0002375 seconds
[8.474s][info ][safepoint    ] Application time: 0.0505537 seconds
[8.474s][info ][safepoint    ] Entering safepoint region: GenCollectForAllocation
[8.474s][info ][gc,start     ] GC(50) Pause Young (Allocation Failure)
[8.474s][info ][gc,task      ] GC(50) Using 4 workers of 4 for evacuation
[8.476s][debug][gc,ref       ] GC(50) Skipped phase1 of Reference Processing due to unavailable references
[8.476s][debug][gc,ref       ] GC(50) Skipped phase2 of Reference Processing due to unavailable references
[8.476s][debug][gc,ref       ] GC(50) Skipped phase3 of Reference Processing due to unavailable references
[8.476s][debug][gc,ref       ] GC(50) Skipped phase4 of Reference Processing due to unavailable references
[8.476s][debug][gc,age       ] GC(50) Desired survivor size 15400960 bytes, new threshold 6 (max threshold 6)
[8.476s][info ][gc,heap      ] GC(50) ParNew: 241446K->561K(270976K)
[8.476s][info ][gc,heap      ] GC(50) CMS: 120976K->121008K(602112K)
[8.476s][info ][gc,metaspace ] GC(50) Metaspace: 36584K->36584K(1081344K)
[8.476s][info ][gc           ] GC(50) Pause Young (Allocation Failure) 353M->118M(852M) 2.119ms
[8.476s][info ][gc,cpu       ] GC(50) User=0.01s Sys=0.00s Real=0.00s
[8.476s][info ][safepoint    ] Leaving safepoint region
[8.476s][info ][safepoint    ] Total time for which application threads were stopped: 0.0024845 seconds, Stopping threads took: 0.0002156 seconds
[8.508s][info ][safepoint    ] Application time: 0.0317735 seconds
[8.511s][info ][safepoint    ] Entering safepoint region: ICBufferFull
[8.512s][info ][safepoint    ] Leaving safepoint region
[8.512s][info ][safepoint    ] Total time for which application threads were stopped: 0.0036439 seconds, Stopping threads took: 0.0033990 seconds
[8.530s][info ][safepoint    ] Application time: 0.0186531 seconds
[8.531s][info ][safepoint    ] Entering safepoint region: GenCollectForAllocation
[8.531s][info ][gc,start     ] GC(51) Pause Young (Allocation Failure)
[8.531s][info ][gc,task      ] GC(51) Using 4 workers of 4 for evacuation
[8.533s][debug][gc,ref       ] GC(51) Skipped phase1 of Reference Processing due to unavailable references
[8.533s][debug][gc,ref       ] GC(51) Skipped phase2 of Reference Processing due to unavailable references
[8.533s][debug][gc,ref       ] GC(51) Skipped phase3 of Reference Processing due to unavailable references
[8.533s][debug][gc,ref       ] GC(51) Skipped phase4 of Reference Processing due to unavailable references
[8.533s][debug][gc,age       ] GC(51) Desired survivor size 15400960 bytes, new threshold 6 (max threshold 6)
[8.533s][info ][gc,heap      ] GC(51) ParNew: 241457K->471K(270976K)
[8.533s][info ][gc,heap      ] GC(51) CMS: 121008K->121069K(602112K)
[8.533s][info ][gc,metaspace ] GC(51) Metaspace: 36584K->36584K(1081344K)
[8.533s][info ][gc           ] GC(51) Pause Young (Allocation Failure) 353M->118M(852M) 2.062ms
[8.533s][info ][gc,cpu       ] GC(51) User=0.00s Sys=0.00s Real=0.00s
[8.533s][info ][safepoint    ] Leaving safepoint region
[8.533s][info ][safepoint    ] Total time for which application threads were stopped: 0.0029715 seconds, Stopping threads took: 0.0007420 seconds
[8.587s][info ][safepoint    ] Application time: 0.0533393 seconds
[8.587s][info ][safepoint    ] Entering safepoint region: GenCollectForAllocation
[8.587s][info ][gc,start     ] GC(52) Pause Young (Allocation Failure)
[8.587s][info ][gc,task      ] GC(52) Using 4 workers of 4 for evacuation
[8.589s][debug][gc,ref       ] GC(52) Skipped phase1 of Reference Processing due to unavailable references
[8.589s][debug][gc,ref       ] GC(52) Skipped phase2 of Reference Processing due to unavailable references
[8.589s][debug][gc,ref       ] GC(52) Skipped phase3 of Reference Processing due to unavailable references
[8.590s][debug][gc,ref       ] GC(52) Skipped phase4 of Reference Processing due to unavailable references
[8.590s][debug][gc,age       ] GC(52) Desired survivor size 15400960 bytes, new threshold 6 (max threshold 6)
[8.590s][info ][gc,heap      ] GC(52) ParNew: 241367K->469K(270976K)
[8.590s][info ][gc,heap      ] GC(52) CMS: 121069K->121116K(602112K)
[8.590s][info ][gc,metaspace ] GC(52) Metaspace: 36585K->36585K(1081344K)
[8.590s][info ][gc           ] GC(52) Pause Young (Allocation Failure) 353M->118M(852M) 2.505ms
[8.590s][info ][gc,cpu       ] GC(52) User=0.00s Sys=0.00s Real=0.00s
[8.590s][info ][safepoint    ] Leaving safepoint region
[8.590s][info ][safepoint    ] Total time for which application threads were stopped: 0.0030748 seconds, Stopping threads took: 0.0003323 seconds
[8.633s][info ][safepoint    ] Application time: 0.0430860 seconds
[8.635s][info ][safepoint    ] Entering safepoint region: GenCollectForAllocation
[8.635s][info ][gc,start     ] GC(53) Pause Young (Allocation Failure)
[8.635s][info ][gc,task      ] GC(53) Using 4 workers of 4 for evacuation
[8.638s][debug][gc,ref       ] GC(53) Skipped phase1 of Reference Processing due to unavailable references
[8.638s][debug][gc,ref       ] GC(53) Skipped phase2 of Reference Processing due to unavailable references
[8.638s][debug][gc,ref       ] GC(53) Skipped phase3 of Reference Processing due to unavailable references
[8.638s][debug][gc,ref       ] GC(53) Skipped phase4 of Reference Processing due to unavailable references
[8.638s][debug][gc,age       ] GC(53) Desired survivor size 15400960 bytes, new threshold 6 (max threshold 6)
[8.638s][info ][gc,heap      ] GC(53) ParNew: 241365K->742K(270976K)
[8.638s][info ][gc,heap      ] GC(53) CMS: 121116K->121149K(602112K)
[8.638s][info ][gc,metaspace ] GC(53) Metaspace: 36599K->36599K(1081344K)
[8.638s][info ][gc           ] GC(53) Pause Young (Allocation Failure) 353M->119M(852M) 2.676ms
[8.638s][info ][gc,cpu       ] GC(53) User=0.00s Sys=0.00s Real=0.00s
[8.638s][info ][safepoint    ] Leaving safepoint region
[8.638s][info ][safepoint    ] Total time for which application threads were stopped: 0.0050884 seconds, Stopping threads took: 0.0022042 seconds
[8.698s][info ][safepoint    ] Application time: 0.0604816 seconds
[8.700s][info ][safepoint    ] Entering safepoint region: GenCollectForAllocation
[8.701s][info ][gc,start     ] GC(54) Pause Young (Allocation Failure)
[8.701s][info ][gc,task      ] GC(54) Using 4 workers of 4 for evacuation
[8.703s][debug][gc,ref       ] GC(54) Skipped phase1 of Reference Processing due to unavailable references
[8.703s][debug][gc,ref       ] GC(54) Skipped phase2 of Reference Processing due to unavailable references
[8.703s][debug][gc,ref       ] GC(54) Skipped phase3 of Reference Processing due to unavailable references
[8.703s][debug][gc,ref       ] GC(54) Skipped phase4 of Reference Processing due to unavailable references
[8.703s][debug][gc,age       ] GC(54) Desired survivor size 15400960 bytes, new threshold 6 (max threshold 6)
[8.703s][info ][gc,heap      ] GC(54) ParNew: 241638K->550K(270976K)
[8.703s][info ][gc,heap      ] GC(54) CMS: 121149K->121227K(602112K)
[8.703s][info ][gc,metaspace ] GC(54) Metaspace: 36599K->36599K(1081344K)
[8.703s][info ][gc           ] GC(54) Pause Young (Allocation Failure) 354M->118M(852M) 2.154ms
[8.703s][info ][gc,cpu       ] GC(54) User=0.01s Sys=0.00s Real=0.01s
[8.703s][info ][safepoint    ] Leaving safepoint region
[8.703s][info ][safepoint    ] Total time for which application threads were stopped: 0.0043293 seconds, Stopping threads took: 0.0020050 seconds
[8.747s][info ][safepoint    ] Application time: 0.0446077 seconds
[8.748s][info ][safepoint    ] Entering safepoint region: GenCollectForAllocation
[8.748s][info ][gc,start     ] GC(55) Pause Young (Allocation Failure)
[8.748s][info ][gc,task      ] GC(55) Using 4 workers of 4 for evacuation
[8.750s][debug][gc,ref       ] GC(55) Skipped phase1 of Reference Processing due to unavailable references
[8.750s][debug][gc,ref       ] GC(55) Skipped phase2 of Reference Processing due to unavailable references
[8.750s][debug][gc,ref       ] GC(55) Skipped phase3 of Reference Processing due to unavailable references
[8.750s][debug][gc,ref       ] GC(55) Skipped phase4 of Reference Processing due to unavailable references
[8.750s][debug][gc,age       ] GC(55) Desired survivor size 15400960 bytes, new threshold 6 (max threshold 6)
[8.750s][info ][gc,heap      ] GC(55) ParNew: 241446K->592K(270976K)
[8.750s][info ][gc,heap      ] GC(55) CMS: 121227K->121270K(602112K)
[8.750s][info ][gc,metaspace ] GC(55) Metaspace: 36599K->36599K(1081344K)
[8.750s][info ][gc           ] GC(55) Pause Young (Allocation Failure) 354M->119M(852M) 1.985ms
[8.750s][info ][gc,cpu       ] GC(55) User=0.00s Sys=0.00s Real=0.00s
[8.750s][info ][safepoint    ] Leaving safepoint region
[8.750s][info ][safepoint    ] Total time for which application threads were stopped: 0.0024245 seconds, Stopping threads took: 0.0002586 seconds
[8.810s][info ][safepoint    ] Application time: 0.0598604 seconds
[8.810s][info ][safepoint    ] Entering safepoint region: GenCollectForAllocation
[8.810s][info ][gc,start     ] GC(56) Pause Young (Allocation Failure)
[8.810s][info ][gc,task      ] GC(56) Using 4 workers of 4 for evacuation
[8.812s][debug][gc,ref       ] GC(56) Skipped phase1 of Reference Processing due to unavailable references
[8.812s][debug][gc,ref       ] GC(56) Skipped phase2 of Reference Processing due to unavailable references
[8.812s][debug][gc,ref       ] GC(56) Skipped phase3 of Reference Processing due to unavailable references
[8.812s][debug][gc,ref       ] GC(56) Skipped phase4 of Reference Processing due to unavailable references
[8.812s][debug][gc,age       ] GC(56) Desired survivor size 15400960 bytes, new threshold 6 (max threshold 6)
[8.812s][info ][gc,heap      ] GC(56) ParNew: 241488K->639K(270976K)
[8.812s][info ][gc,heap      ] GC(56) CMS: 121270K->121310K(602112K)
[8.812s][info ][gc,metaspace ] GC(56) Metaspace: 36599K->36599K(1081344K)
[8.812s][info ][gc           ] GC(56) Pause Young (Allocation Failure) 354M->119M(852M) 2.029ms
[8.812s][info ][gc,cpu       ] GC(56) User=0.00s Sys=0.00s Real=0.01s
[8.812s][info ][safepoint    ] Leaving safepoint region
[8.812s][info ][safepoint    ] Total time for which application threads were stopped: 0.0024494 seconds, Stopping threads took: 0.0002516 seconds
[8.862s][info ][safepoint    ] Application time: 0.0494807 seconds
[8.862s][info ][safepoint    ] Entering safepoint region: GenCollectForAllocation
[8.862s][info ][gc,start     ] GC(57) Pause Young (Allocation Failure)
[8.862s][info ][gc,task      ] GC(57) Using 4 workers of 4 for evacuation
[8.864s][debug][gc,ref       ] GC(57) Skipped phase1 of Reference Processing due to unavailable references
[8.864s][debug][gc,ref       ] GC(57) Skipped phase2 of Reference Processing due to unavailable references
[8.864s][debug][gc,ref       ] GC(57) Skipped phase3 of Reference Processing due to unavailable references
[8.864s][debug][gc,ref       ] GC(57) Skipped phase4 of Reference Processing due to unavailable references
[8.864s][debug][gc,age       ] GC(57) Desired survivor size 15400960 bytes, new threshold 6 (max threshold 6)
[8.864s][info ][gc,heap      ] GC(57) ParNew: 241535K->691K(270976K)
[8.864s][info ][gc,heap      ] GC(57) CMS: 121310K->121372K(602112K)
[8.864s][info ][gc,metaspace ] GC(57) Metaspace: 36599K->36599K(1081344K)
[8.864s][info ][gc           ] GC(57) Pause Young (Allocation Failure) 354M->119M(852M) 2.101ms
[8.864s][info ][gc,cpu       ] GC(57) User=0.00s Sys=0.00s Real=0.01s
[8.864s][info ][safepoint    ] Leaving safepoint region
[8.864s][info ][safepoint    ] Total time for which application threads were stopped: 0.0024474 seconds, Stopping threads took: 0.0001740 seconds
[8.920s][info ][safepoint    ] Application time: 0.0557722 seconds
[8.923s][info ][safepoint    ] Entering safepoint region: GenCollectForAllocation
[8.923s][info ][gc,start     ] GC(58) Pause Young (Allocation Failure)
[8.923s][info ][gc,task      ] GC(58) Using 4 workers of 4 for evacuation
[8.929s][debug][gc,ref       ] GC(58) Skipped phase1 of Reference Processing due to unavailable references
[8.930s][debug][gc,ref       ] GC(58) Skipped phase2 of Reference Processing due to unavailable references
[8.930s][debug][gc,ref       ] GC(58) Skipped phase3 of Reference Processing due to unavailable references
[8.930s][debug][gc,ref       ] GC(58) Skipped phase4 of Reference Processing due to unavailable references
[8.930s][debug][gc,age       ] GC(58) Desired survivor size 15400960 bytes, new threshold 6 (max threshold 6)
[8.930s][info ][gc,heap      ] GC(58) ParNew: 241587K->467K(270976K)
[8.930s][info ][gc,heap      ] GC(58) CMS: 121372K->121420K(602112K)
[8.930s][info ][gc,metaspace ] GC(58) Metaspace: 36599K->36599K(1081344K)
[8.930s][info ][gc           ] GC(58) Pause Young (Allocation Failure) 354M->119M(852M) 6.845ms
[8.930s][info ][gc,cpu       ] GC(58) User=0.02s Sys=0.01s Real=0.00s
[8.930s][info ][safepoint    ] Leaving safepoint region
[8.930s][info ][safepoint    ] Total time for which application threads were stopped: 0.0099581 seconds, Stopping threads took: 0.0028298 seconds
[8.978s][info ][safepoint    ] Application time: 0.0482398 seconds
[8.978s][info ][safepoint    ] Entering safepoint region: GenCollectForAllocation
[8.979s][info ][gc,start     ] GC(59) Pause Young (Allocation Failure)
[8.979s][info ][gc,task      ] GC(59) Using 4 workers of 4 for evacuation
[8.980s][debug][gc,ref       ] GC(59) Skipped phase1 of Reference Processing due to unavailable references
[8.980s][debug][gc,ref       ] GC(59) Skipped phase2 of Reference Processing due to unavailable references
[8.980s][debug][gc,ref       ] GC(59) Skipped phase3 of Reference Processing due to unavailable references
[8.980s][debug][gc,ref       ] GC(59) Skipped phase4 of Reference Processing due to unavailable references
[8.981s][debug][gc,age       ] GC(59) Desired survivor size 15400960 bytes, new threshold 6 (max threshold 6)
[8.981s][info ][gc,heap      ] GC(59) ParNew: 241363K->606K(270976K)
[8.981s][info ][gc,heap      ] GC(59) CMS: 121420K->121453K(602112K)
[8.981s][info ][gc,metaspace ] GC(59) Metaspace: 36599K->36599K(1081344K)
[8.981s][info ][gc           ] GC(59) Pause Young (Allocation Failure) 354M->119M(852M) 1.998ms
[8.981s][info ][gc,cpu       ] GC(59) User=0.00s Sys=0.00s Real=0.00s
[8.981s][info ][safepoint    ] Leaving safepoint region
[8.981s][info ][safepoint    ] Total time for which application threads were stopped: 0.0023703 seconds, Stopping threads took: 0.0002092 seconds
[9.036s][info ][safepoint    ] Application time: 0.0553175 seconds
[9.036s][info ][safepoint    ] Entering safepoint region: GenCollectForAllocation
[9.036s][info ][gc,start     ] GC(60) Pause Young (Allocation Failure)
[9.036s][info ][gc,task      ] GC(60) Using 4 workers of 4 for evacuation
[9.038s][debug][gc,ref       ] GC(60) Skipped phase1 of Reference Processing due to unavailable references
[9.038s][debug][gc,ref       ] GC(60) Skipped phase2 of Reference Processing due to unavailable references
[9.038s][debug][gc,ref       ] GC(60) Skipped phase3 of Reference Processing due to unavailable references
[9.038s][debug][gc,ref       ] GC(60) Skipped phase4 of Reference Processing due to unavailable references
[9.038s][debug][gc,age       ] GC(60) Desired survivor size 15400960 bytes, new threshold 6 (max threshold 6)
[9.038s][info ][gc,heap      ] GC(60) ParNew: 241502K->571K(270976K)
[9.038s][info ][gc,heap      ] GC(60) CMS: 121453K->121521K(602112K)
[9.038s][info ][gc,metaspace ] GC(60) Metaspace: 36599K->36599K(1081344K)
[9.039s][info ][gc           ] GC(60) Pause Young (Allocation Failure) 354M->119M(852M) 2.148ms
[9.039s][info ][gc,cpu       ] GC(60) User=0.01s Sys=0.00s Real=0.00s
[9.039s][info ][safepoint    ] Leaving safepoint region
[9.039s][info ][safepoint    ] Total time for which application threads were stopped: 0.0025619 seconds, Stopping threads took: 0.0002572 seconds
[9.081s][info ][safepoint    ] Application time: 0.0420472 seconds
[9.081s][info ][safepoint    ] Entering safepoint region: GenCollectForAllocation
[9.081s][info ][gc,start     ] GC(61) Pause Young (Allocation Failure)
[9.081s][info ][gc,task      ] GC(61) Using 4 workers of 4 for evacuation
[9.083s][debug][gc,ref       ] GC(61) Skipped phase1 of Reference Processing due to unavailable references
[9.083s][debug][gc,ref       ] GC(61) Skipped phase2 of Reference Processing due to unavailable references
[9.083s][debug][gc,ref       ] GC(61) Skipped phase3 of Reference Processing due to unavailable references
[9.083s][debug][gc,ref       ] GC(61) Skipped phase4 of Reference Processing due to unavailable references
[9.083s][debug][gc,age       ] GC(61) Desired survivor size 15400960 bytes, new threshold 6 (max threshold 6)
[9.083s][info ][gc,heap      ] GC(61) ParNew: 241467K->586K(270976K)
[9.083s][info ][gc,heap      ] GC(61) CMS: 121521K->121565K(602112K)
[9.083s][info ][gc,metaspace ] GC(61) Metaspace: 36599K->36599K(1081344K)
[9.083s][info ][gc           ] GC(61) Pause Young (Allocation Failure) 354M->119M(852M) 2.236ms
[9.083s][info ][gc,cpu       ] GC(61) User=0.01s Sys=0.01s Real=0.01s
[9.083s][info ][safepoint    ] Leaving safepoint region
[9.083s][info ][safepoint    ] Total time for which application threads were stopped: 0.0024035 seconds, Stopping threads took: 0.0000141 seconds
[9.133s][info ][safepoint    ] Application time: 0.0499986 seconds
[9.134s][info ][safepoint    ] Entering safepoint region: GenCollectForAllocation
[9.134s][info ][gc,start     ] GC(62) Pause Young (Allocation Failure)
[9.134s][info ][gc,task      ] GC(62) Using 4 workers of 4 for evacuation
[9.136s][debug][gc,ref       ] GC(62) Skipped phase1 of Reference Processing due to unavailable references
[9.136s][debug][gc,ref       ] GC(62) Skipped phase2 of Reference Processing due to unavailable references
[9.136s][debug][gc,ref       ] GC(62) Skipped phase3 of Reference Processing due to unavailable references
[9.136s][debug][gc,ref       ] GC(62) Skipped phase4 of Reference Processing due to unavailable references
[9.137s][debug][gc,age       ] GC(62) Desired survivor size 15400960 bytes, new threshold 6 (max threshold 6)
[9.137s][info ][gc,heap      ] GC(62) ParNew: 241482K->491K(270976K)
[9.137s][info ][gc,heap      ] GC(62) CMS: 121565K->121627K(602112K)
[9.137s][info ][gc,metaspace ] GC(62) Metaspace: 36599K->36599K(1081344K)
[9.137s][info ][gc           ] GC(62) Pause Young (Allocation Failure) 354M->119M(852M) 2.603ms
[9.137s][info ][gc,cpu       ] GC(62) User=0.01s Sys=0.00s Real=0.00s
[9.137s][info ][safepoint    ] Leaving safepoint region
[9.137s][info ][safepoint    ] Total time for which application threads were stopped: 0.0036068 seconds, Stopping threads took: 0.0008224 seconds
[9.191s][info ][safepoint    ] Application time: 0.0543822 seconds
[9.191s][info ][safepoint    ] Entering safepoint region: GenCollectForAllocation
[9.191s][info ][gc,start     ] GC(63) Pause Young (Allocation Failure)
[9.191s][info ][gc,task      ] GC(63) Using 4 workers of 4 for evacuation
[9.193s][debug][gc,ref       ] GC(63) Skipped phase1 of Reference Processing due to unavailable references
[9.193s][debug][gc,ref       ] GC(63) Skipped phase2 of Reference Processing due to unavailable references
[9.193s][debug][gc,ref       ] GC(63) Skipped phase3 of Reference Processing due to unavailable references
[9.193s][debug][gc,ref       ] GC(63) Skipped phase4 of Reference Processing due to unavailable references
[9.193s][debug][gc,age       ] GC(63) Desired survivor size 15400960 bytes, new threshold 6 (max threshold 6)
[9.193s][info ][gc,heap      ] GC(63) ParNew: 241387K->696K(270976K)
[9.193s][info ][gc,heap      ] GC(63) CMS: 121627K->121676K(602112K)
[9.193s][info ][gc,metaspace ] GC(63) Metaspace: 36599K->36599K(1081344K)
[9.193s][info ][gc           ] GC(63) Pause Young (Allocation Failure) 354M->119M(852M) 1.923ms
[9.193s][info ][gc,cpu       ] GC(63) User=0.01s Sys=0.00s Real=0.00s
[9.193s][info ][safepoint    ] Leaving safepoint region
[9.193s][info ][safepoint    ] Total time for which application threads were stopped: 0.0020759 seconds, Stopping threads took: 0.0000135 seconds
[9.244s][info ][safepoint    ] Application time: 0.0504691 seconds
[9.244s][info ][safepoint    ] Entering safepoint region: GenCollectForAllocation
[9.244s][info ][gc,start     ] GC(64) Pause Young (Allocation Failure)
[9.244s][info ][gc,task      ] GC(64) Using 4 workers of 4 for evacuation
[9.246s][debug][gc,ref       ] GC(64) Skipped phase1 of Reference Processing due to unavailable references
[9.246s][debug][gc,ref       ] GC(64) Skipped phase2 of Reference Processing due to unavailable references
[9.246s][debug][gc,ref       ] GC(64) Skipped phase3 of Reference Processing due to unavailable references
[9.246s][debug][gc,ref       ] GC(64) Skipped phase4 of Reference Processing due to unavailable references
[9.246s][debug][gc,age       ] GC(64) Desired survivor size 15400960 bytes, new threshold 6 (max threshold 6)
[9.246s][info ][gc,heap      ] GC(64) ParNew: 241592K->572K(270976K)
[9.246s][info ][gc,heap      ] GC(64) CMS: 121676K->121733K(602112K)
[9.246s][info ][gc,metaspace ] GC(64) Metaspace: 36607K->36607K(1081344K)
[9.246s][info ][gc           ] GC(64) Pause Young (Allocation Failure) 354M->119M(852M) 2.022ms
[9.246s][info ][gc,cpu       ] GC(64) User=0.01s Sys=0.00s Real=0.00s
[9.246s][info ][safepoint    ] Leaving safepoint region
[9.246s][info ][safepoint    ] Total time for which application threads were stopped: 0.0024794 seconds, Stopping threads took: 0.0002961 seconds
[9.299s][info ][safepoint    ] Application time: 0.0528814 seconds
[9.299s][info ][safepoint    ] Entering safepoint region: GenCollectForAllocation
[9.300s][info ][gc,start     ] GC(65) Pause Young (Allocation Failure)
[9.300s][info ][gc,task      ] GC(65) Using 4 workers of 4 for evacuation
[9.301s][debug][gc,ref       ] GC(65) Skipped phase1 of Reference Processing due to unavailable references
[9.301s][debug][gc,ref       ] GC(65) Skipped phase2 of Reference Processing due to unavailable references
[9.301s][debug][gc,ref       ] GC(65) Skipped phase3 of Reference Processing due to unavailable references
[9.301s][debug][gc,ref       ] GC(65) Skipped phase4 of Reference Processing due to unavailable references
[9.302s][debug][gc,age       ] GC(65) Desired survivor size 15400960 bytes, new threshold 6 (max threshold 6)
[9.302s][info ][gc,heap      ] GC(65) ParNew: 241468K->657K(270976K)
[9.302s][info ][gc,heap      ] GC(65) CMS: 121733K->121774K(602112K)
[9.302s][info ][gc,metaspace ] GC(65) Metaspace: 36607K->36607K(1081344K)
[9.302s][info ][gc           ] GC(65) Pause Young (Allocation Failure) 354M->119M(852M) 1.989ms
[9.302s][info ][gc,cpu       ] GC(65) User=0.01s Sys=0.00s Real=0.00s
[9.302s][info ][safepoint    ] Leaving safepoint region
[9.302s][info ][safepoint    ] Total time for which application threads were stopped: 0.0024772 seconds, Stopping threads took: 0.0002661 seconds
[9.347s][info ][safepoint    ] Application time: 0.0452712 seconds
[9.348s][info ][safepoint    ] Entering safepoint region: GenCollectForAllocation
[9.348s][info ][gc,start     ] GC(66) Pause Young (Allocation Failure)
[9.348s][info ][gc,task      ] GC(66) Using 4 workers of 4 for evacuation
[9.353s][debug][gc,ref       ] GC(66) Skipped phase1 of Reference Processing due to unavailable references
[9.353s][debug][gc,ref       ] GC(66) Skipped phase2 of Reference Processing due to unavailable references
[9.353s][debug][gc,ref       ] GC(66) Skipped phase3 of Reference Processing due to unavailable references
[9.353s][debug][gc,ref       ] GC(66) Skipped phase4 of Reference Processing due to unavailable references
[9.354s][debug][gc,age       ] GC(66) Desired survivor size 15400960 bytes, new threshold 6 (max threshold 6)
[9.354s][info ][gc,heap      ] GC(66) ParNew: 241553K->734K(270976K)
[9.354s][info ][gc,heap      ] GC(66) CMS: 121774K->121840K(602112K)
[9.354s][info ][gc,metaspace ] GC(66) Metaspace: 36607K->36607K(1081344K)
[9.354s][info ][gc           ] GC(66) Pause Young (Allocation Failure) 354M->119M(852M) 5.379ms
[9.354s][info ][gc,cpu       ] GC(66) User=0.01s Sys=0.00s Real=0.01s
[9.354s][info ][safepoint    ] Leaving safepoint region
[9.354s][info ][safepoint    ] Total time for which application threads were stopped: 0.0066732 seconds, Stopping threads took: 0.0011312 seconds
[9.420s][info ][safepoint    ] Application time: 0.0663391 seconds
[9.420s][info ][safepoint    ] Entering safepoint region: GenCollectForAllocation
[9.420s][info ][gc,start     ] GC(67) Pause Young (Allocation Failure)
[9.420s][info ][gc,task      ] GC(67) Using 4 workers of 4 for evacuation
[9.422s][debug][gc,ref       ] GC(67) Skipped phase1 of Reference Processing due to unavailable references
[9.422s][debug][gc,ref       ] GC(67) Skipped phase2 of Reference Processing due to unavailable references
[9.422s][debug][gc,ref       ] GC(67) Skipped phase3 of Reference Processing due to unavailable references
[9.422s][debug][gc,ref       ] GC(67) Skipped phase4 of Reference Processing due to unavailable references
[9.422s][debug][gc,age       ] GC(67) Desired survivor size 15400960 bytes, new threshold 6 (max threshold 6)
[9.422s][info ][gc,heap      ] GC(67) ParNew: 241630K->522K(270976K)
[9.422s][info ][gc,heap      ] GC(67) CMS: 121840K->121889K(602112K)
[9.422s][info ][gc,metaspace ] GC(67) Metaspace: 36607K->36607K(1081344K)
[9.422s][info ][gc           ] GC(67) Pause Young (Allocation Failure) 354M->119M(852M) 1.904ms
[9.422s][info ][gc,cpu       ] GC(67) User=0.01s Sys=0.01s Real=0.00s
[9.422s][info ][safepoint    ] Leaving safepoint region
[9.422s][info ][safepoint    ] Total time for which application threads were stopped: 0.0023345 seconds, Stopping threads took: 0.0002667 seconds
[9.476s][info ][safepoint    ] Application time: 0.0539316 seconds
[9.477s][info ][safepoint    ] Entering safepoint region: GenCollectForAllocation
[9.477s][info ][gc,start     ] GC(68) Pause Young (Allocation Failure)
[9.477s][info ][gc,task      ] GC(68) Using 4 workers of 4 for evacuation
[9.479s][debug][gc,ref       ] GC(68) Skipped phase1 of Reference Processing due to unavailable references
[9.479s][debug][gc,ref       ] GC(68) Skipped phase2 of Reference Processing due to unavailable references
[9.479s][debug][gc,ref       ] GC(68) Skipped phase3 of Reference Processing due to unavailable references
[9.479s][debug][gc,ref       ] GC(68) Skipped phase4 of Reference Processing due to unavailable references
[9.479s][debug][gc,age       ] GC(68) Desired survivor size 15400960 bytes, new threshold 6 (max threshold 6)
[9.479s][info ][gc,heap      ] GC(68) ParNew: 241418K->668K(270976K)
[9.479s][info ][gc,heap      ] GC(68) CMS: 121889K->121945K(602112K)
[9.479s][info ][gc,metaspace ] GC(68) Metaspace: 36607K->36607K(1081344K)
[9.479s][info ][gc           ] GC(68) Pause Young (Allocation Failure) 354M->119M(852M) 2.175ms
[9.479s][info ][gc,cpu       ] GC(68) User=0.01s Sys=0.00s Real=0.00s
[9.479s][info ][safepoint    ] Leaving safepoint region
[9.479s][info ][safepoint    ] Total time for which application threads were stopped: 0.0026115 seconds, Stopping threads took: 0.0002950 seconds
[9.535s][info ][safepoint    ] Application time: 0.0564987 seconds
[9.536s][info ][safepoint    ] Entering safepoint region: GenCollectForAllocation
[9.536s][info ][gc,start     ] GC(69) Pause Young (Allocation Failure)
[9.536s][info ][gc,task      ] GC(69) Using 4 workers of 4 for evacuation
[9.538s][debug][gc,ref       ] GC(69) Skipped phase1 of Reference Processing due to unavailable references
[9.538s][debug][gc,ref       ] GC(69) Skipped phase2 of Reference Processing due to unavailable references
[9.538s][debug][gc,ref       ] GC(69) Skipped phase3 of Reference Processing due to unavailable references
[9.538s][debug][gc,ref       ] GC(69) Skipped phase4 of Reference Processing due to unavailable references
[9.538s][debug][gc,age       ] GC(69) Desired survivor size 15400960 bytes, new threshold 6 (max threshold 6)
[9.538s][info ][gc,heap      ] GC(69) ParNew: 241564K->735K(270976K)
[9.538s][info ][gc,heap      ] GC(69) CMS: 121945K->122020K(602112K)
[9.538s][info ][gc,metaspace ] GC(69) Metaspace: 36607K->36607K(1081344K)
[9.538s][info ][gc           ] GC(69) Pause Young (Allocation Failure) 354M->119M(852M) 1.957ms
[9.538s][info ][gc,cpu       ] GC(69) User=0.01s Sys=0.00s Real=0.00s
[9.538s][info ][safepoint    ] Leaving safepoint region
[9.538s][info ][safepoint    ] Total time for which application threads were stopped: 0.0025630 seconds, Stopping threads took: 0.0004573 seconds
[9.581s][info ][safepoint    ] Application time: 0.0425682 seconds
[9.581s][info ][safepoint    ] Entering safepoint region: GenCollectForAllocation
[9.581s][info ][gc,start     ] GC(70) Pause Young (Allocation Failure)
[9.581s][info ][gc,task      ] GC(70) Using 4 workers of 4 for evacuation
[9.583s][debug][gc,ref       ] GC(70) Skipped phase1 of Reference Processing due to unavailable references
[9.583s][debug][gc,ref       ] GC(70) Skipped phase2 of Reference Processing due to unavailable references
[9.583s][debug][gc,ref       ] GC(70) Skipped phase3 of Reference Processing due to unavailable references
[9.583s][debug][gc,ref       ] GC(70) Skipped phase4 of Reference Processing due to unavailable references
[9.583s][debug][gc,age       ] GC(70) Desired survivor size 15400960 bytes, new threshold 6 (max threshold 6)
[9.583s][info ][gc,heap      ] GC(70) ParNew: 241631K->605K(270976K)
[9.583s][info ][gc,heap      ] GC(70) CMS: 122020K->122078K(602112K)
[9.583s][info ][gc,metaspace ] GC(70) Metaspace: 36607K->36607K(1081344K)
[9.583s][info ][gc           ] GC(70) Pause Young (Allocation Failure) 355M->119M(852M) 1.931ms
[9.583s][info ][gc,cpu       ] GC(70) User=0.00s Sys=0.00s Real=0.01s
[9.583s][info ][safepoint    ] Leaving safepoint region
[9.583s][info ][safepoint    ] Total time for which application threads were stopped: 0.0021902 seconds, Stopping threads took: 0.0001093 seconds
[9.629s][info ][safepoint    ] Application time: 0.0463340 seconds
[9.629s][info ][safepoint    ] Entering safepoint region: GenCollectForAllocation
[9.630s][info ][gc,start     ] GC(71) Pause Young (Allocation Failure)
[9.630s][info ][gc,task      ] GC(71) Using 4 workers of 4 for evacuation
[9.631s][debug][gc,ref       ] GC(71) Skipped phase1 of Reference Processing due to unavailable references
[9.632s][debug][gc,ref       ] GC(71) Skipped phase2 of Reference Processing due to unavailable references
[9.632s][debug][gc,ref       ] GC(71) Skipped phase3 of Reference Processing due to unavailable references
[9.632s][debug][gc,ref       ] GC(71) Skipped phase4 of Reference Processing due to unavailable references
[9.632s][debug][gc,age       ] GC(71) Desired survivor size 15400960 bytes, new threshold 6 (max threshold 6)
[9.632s][info ][gc,heap      ] GC(71) ParNew: 241501K->685K(270976K)
[9.632s][info ][gc,heap      ] GC(71) CMS: 122078K->122143K(602112K)
[9.632s][info ][gc,metaspace ] GC(71) Metaspace: 36607K->36607K(1081344K)
[9.632s][info ][gc           ] GC(71) Pause Young (Allocation Failure) 355M->119M(852M) 2.093ms
[9.632s][info ][gc,cpu       ] GC(71) User=0.01s Sys=0.00s Real=0.01s
[9.632s][info ][safepoint    ] Leaving safepoint region
[9.632s][info ][safepoint    ] Total time for which application threads were stopped: 0.0024659 seconds, Stopping threads took: 0.0002241 seconds
[9.679s][info ][safepoint    ] Application time: 0.0472766 seconds
[9.679s][info ][safepoint    ] Entering safepoint region: GenCollectForAllocation
[9.679s][info ][gc,start     ] GC(72) Pause Young (Allocation Failure)
[9.679s][info ][gc,task      ] GC(72) Using 4 workers of 4 for evacuation
[9.682s][debug][gc,ref       ] GC(72) Skipped phase1 of Reference Processing due to unavailable references
[9.682s][debug][gc,ref       ] GC(72) Skipped phase2 of Reference Processing due to unavailable references
[9.682s][debug][gc,ref       ] GC(72) Skipped phase3 of Reference Processing due to unavailable references
[9.682s][debug][gc,ref       ] GC(72) Skipped phase4 of Reference Processing due to unavailable references
[9.682s][debug][gc,age       ] GC(72) Desired survivor size 15400960 bytes, new threshold 6 (max threshold 6)
[9.682s][info ][gc,heap      ] GC(72) ParNew: 241581K->860K(270976K)
[9.682s][info ][gc,heap      ] GC(72) CMS: 122143K->122190K(602112K)
[9.682s][info ][gc,metaspace ] GC(72) Metaspace: 36611K->36611K(1081344K)
[9.682s][info ][gc           ] GC(72) Pause Young (Allocation Failure) 355M->120M(852M) 2.651ms
[9.682s][info ][gc,cpu       ] GC(72) User=0.01s Sys=0.00s Real=0.00s
[9.682s][info ][safepoint    ] Leaving safepoint region
[9.682s][info ][safepoint    ] Total time for which application threads were stopped: 0.0030239 seconds, Stopping threads took: 0.0002107 seconds
[9.733s][info ][safepoint    ] Application time: 0.0511026 seconds
[9.737s][info ][safepoint    ] Entering safepoint region: GenCollectForAllocation
[9.738s][info ][gc,start     ] GC(73) Pause Young (Allocation Failure)
[9.738s][info ][gc,task      ] GC(73) Using 4 workers of 4 for evacuation
[9.742s][debug][gc,ref       ] GC(73) Skipped phase1 of Reference Processing due to unavailable references
[9.742s][debug][gc,ref       ] GC(73) Skipped phase2 of Reference Processing due to unavailable references
[9.742s][debug][gc,ref       ] GC(73) Skipped phase3 of Reference Processing due to unavailable references
[9.742s][debug][gc,ref       ] GC(73) Skipped phase4 of Reference Processing due to unavailable references
[9.742s][debug][gc,age       ] GC(73) Desired survivor size 15400960 bytes, new threshold 6 (max threshold 6)
[9.742s][info ][gc,heap      ] GC(73) ParNew: 241756K->1804K(270976K)
[9.742s][info ][gc,heap      ] GC(73) CMS: 122190K->122268K(602112K)
[9.742s][info ][gc,metaspace ] GC(73) Metaspace: 36611K->36611K(1081344K)
[9.742s][info ][gc           ] GC(73) Pause Young (Allocation Failure) 355M->121M(852M) 4.185ms
[9.742s][info ][gc,cpu       ] GC(73) User=0.02s Sys=0.00s Real=0.00s
[9.742s][info ][safepoint    ] Leaving safepoint region
[9.742s][info ][safepoint    ] Total time for which application threads were stopped: 0.0085671 seconds, Stopping threads took: 0.0041696 seconds
[9.793s][info ][safepoint    ] Application time: 0.0511379 seconds
[9.793s][info ][safepoint    ] Entering safepoint region: GenCollectForAllocation
[9.793s][info ][gc,start     ] GC(74) Pause Young (Allocation Failure)
[9.793s][info ][gc,task      ] GC(74) Using 4 workers of 4 for evacuation
[9.796s][debug][gc,ref       ] GC(74) Skipped phase1 of Reference Processing due to unavailable references
[9.797s][debug][gc,ref       ] GC(74) Skipped phase2 of Reference Processing due to unavailable references
[9.797s][debug][gc,ref       ] GC(74) Skipped phase3 of Reference Processing due to unavailable references
[9.797s][debug][gc,ref       ] GC(74) Skipped phase4 of Reference Processing due to unavailable references
[9.797s][debug][gc,age       ] GC(74) Desired survivor size 15400960 bytes, new threshold 6 (max threshold 6)
[9.797s][info ][gc,heap      ] GC(74) ParNew: 242700K->2573K(270976K)
[9.797s][info ][gc,heap      ] GC(74) CMS: 122268K->122332K(602112K)
[9.797s][info ][gc,metaspace ] GC(74) Metaspace: 36611K->36611K(1081344K)
[9.797s][info ][gc           ] GC(74) Pause Young (Allocation Failure) 356M->121M(852M) 3.377ms
[9.797s][info ][gc,cpu       ] GC(74) User=0.02s Sys=0.00s Real=0.00s
[9.797s][info ][safepoint    ] Leaving safepoint region
[9.797s][info ][safepoint    ] Total time for which application threads were stopped: 0.0037572 seconds, Stopping threads took: 0.0002158 seconds
[9.851s][info ][safepoint    ] Application time: 0.0540761 seconds
[9.851s][info ][safepoint    ] Entering safepoint region: GenCollectForAllocation
[9.851s][info ][gc,start     ] GC(75) Pause Young (Allocation Failure)
[9.851s][info ][gc,task      ] GC(75) Using 4 workers of 4 for evacuation
[9.856s][debug][gc,ref       ] GC(75) Skipped phase1 of Reference Processing due to unavailable references
[9.856s][debug][gc,ref       ] GC(75) Skipped phase2 of Reference Processing due to unavailable references
[9.856s][debug][gc,ref       ] GC(75) Skipped phase3 of Reference Processing due to unavailable references
[9.856s][debug][gc,ref       ] GC(75) Skipped phase4 of Reference Processing due to unavailable references
[9.856s][debug][gc,age       ] GC(75) Desired survivor size 15400960 bytes, new threshold 6 (max threshold 6)
[9.856s][info ][gc,heap      ] GC(75) ParNew: 243469K->1774K(270976K)
[9.856s][info ][gc,heap      ] GC(75) CMS: 122332K->122391K(602112K)
[9.856s][info ][gc,metaspace ] GC(75) Metaspace: 36611K->36611K(1081344K)
[9.856s][info ][gc           ] GC(75) Pause Young (Allocation Failure) 357M->121M(852M) 4.631ms
[9.856s][info ][gc,cpu       ] GC(75) User=0.01s Sys=0.00s Real=0.00s
[9.856s][info ][safepoint    ] Leaving safepoint region
[9.856s][info ][safepoint    ] Total time for which application threads were stopped: 0.0050354 seconds, Stopping threads took: 0.0002365 seconds
[9.907s][info ][safepoint    ] Application time: 0.0509875 seconds
[9.907s][info ][safepoint    ] Entering safepoint region: GenCollectForAllocation
[9.907s][info ][gc,start     ] GC(76) Pause Young (Allocation Failure)
[9.907s][info ][gc,task      ] GC(76) Using 4 workers of 4 for evacuation
[9.910s][debug][gc,ref       ] GC(76) Skipped phase1 of Reference Processing due to unavailable references
[9.910s][debug][gc,ref       ] GC(76) Skipped phase2 of Reference Processing due to unavailable references
[9.910s][debug][gc,ref       ] GC(76) Skipped phase3 of Reference Processing due to unavailable references
[9.910s][debug][gc,ref       ] GC(76) Skipped phase4 of Reference Processing due to unavailable references
[9.910s][debug][gc,age       ] GC(76) Desired survivor size 15400960 bytes, new threshold 6 (max threshold 6)
[9.910s][info ][gc,heap      ] GC(76) ParNew: 242670K->2717K(270976K)
[9.910s][info ][gc,heap      ] GC(76) CMS: 122391K->122449K(602112K)
[9.910s][info ][gc,metaspace ] GC(76) Metaspace: 36611K->36611K(1081344K)
[9.910s][info ][gc           ] GC(76) Pause Young (Allocation Failure) 356M->122M(852M) 3.078ms
[9.910s][info ][gc,cpu       ] GC(76) User=0.01s Sys=0.00s Real=0.00s
[9.910s][info ][safepoint    ] Leaving safepoint region
[9.910s][info ][safepoint    ] Total time for which application threads were stopped: 0.0034831 seconds, Stopping threads took: 0.0002539 seconds
[9.950s][info ][safepoint    ] Application time: 0.0394252 seconds
[9.950s][info ][safepoint    ] Entering safepoint region: GenCollectForAllocation
[9.950s][info ][gc,start     ] GC(77) Pause Young (Allocation Failure)
[9.950s][info ][gc,task      ] GC(77) Using 4 workers of 4 for evacuation
[9.953s][debug][gc,ref       ] GC(77) Skipped phase1 of Reference Processing due to unavailable references
[9.953s][debug][gc,ref       ] GC(77) Skipped phase2 of Reference Processing due to unavailable references
[9.953s][debug][gc,ref       ] GC(77) Skipped phase3 of Reference Processing due to unavailable references
[9.953s][debug][gc,ref       ] GC(77) Skipped phase4 of Reference Processing due to unavailable references
[9.953s][debug][gc,age       ] GC(77) Desired survivor size 15400960 bytes, new threshold 6 (max threshold 6)
[9.953s][info ][gc,heap      ] GC(77) ParNew: 243613K->1833K(270976K)
[9.953s][info ][gc,heap      ] GC(77) CMS: 122449K->122522K(602112K)
[9.953s][info ][gc,metaspace ] GC(77) Metaspace: 36611K->36611K(1081344K)
[9.953s][info ][gc           ] GC(77) Pause Young (Allocation Failure) 357M->121M(852M) 3.348ms
[9.954s][info ][gc,cpu       ] GC(77) User=0.01s Sys=0.00s Real=0.01s
[9.954s][info ][safepoint    ] Leaving safepoint region
[9.954s][info ][safepoint    ] Total time for which application threads were stopped: 0.0037595 seconds, Stopping threads took: 0.0001850 seconds
[10.003s][info ][safepoint    ] Application time: 0.0498812 seconds
[10.004s][info ][safepoint    ] Entering safepoint region: GenCollectForAllocation
[10.004s][info ][gc,start     ] GC(78) Pause Young (Allocation Failure)
[10.004s][info ][gc,task      ] GC(78) Using 4 workers of 4 for evacuation
[10.008s][debug][gc,ref       ] GC(78) Skipped phase1 of Reference Processing due to unavailable references
[10.008s][debug][gc,ref       ] GC(78) Skipped phase2 of Reference Processing due to unavailable references
[10.008s][debug][gc,ref       ] GC(78) Skipped phase3 of Reference Processing due to unavailable references
[10.008s][debug][gc,ref       ] GC(78) Skipped phase4 of Reference Processing due to unavailable references
[10.008s][debug][gc,age       ] GC(78) Desired survivor size 15400960 bytes, new threshold 6 (max threshold 6)
[10.008s][info ][gc,heap      ] GC(78) ParNew: 242729K->2079K(270976K)
[10.008s][info ][gc,heap      ] GC(78) CMS: 122522K->122785K(602112K)
[10.008s][info ][gc,metaspace ] GC(78) Metaspace: 36611K->36611K(1081344K)
[10.008s][info ][gc           ] GC(78) Pause Young (Allocation Failure) 356M->121M(852M) 3.986ms
[10.008s][info ][gc,cpu       ] GC(78) User=0.01s Sys=0.00s Real=0.00s
[10.008s][info ][safepoint    ] Leaving safepoint region
[10.008s][info ][safepoint    ] Total time for which application threads were stopped: 0.0043899 seconds, Stopping threads took: 0.0002364 seconds
[10.053s][info ][safepoint    ] Application time: 0.0449784 seconds
[10.053s][info ][safepoint    ] Entering safepoint region: GenCollectForAllocation
[10.053s][info ][gc,start     ] GC(79) Pause Young (Allocation Failure)
[10.053s][info ][gc,task      ] GC(79) Using 4 workers of 4 for evacuation
[10.058s][debug][gc,ref       ] GC(79) Skipped phase1 of Reference Processing due to unavailable references
[10.058s][debug][gc,ref       ] GC(79) Skipped phase2 of Reference Processing due to unavailable references
[10.058s][debug][gc,ref       ] GC(79) Skipped phase3 of Reference Processing due to unavailable references
[10.058s][debug][gc,ref       ] GC(79) Skipped phase4 of Reference Processing due to unavailable references
[10.058s][debug][gc,age       ] GC(79) Desired survivor size 15400960 bytes, new threshold 6 (max threshold 6)
[10.058s][info ][gc,heap      ] GC(79) ParNew: 242975K->1364K(270976K)
[10.058s][info ][gc,heap      ] GC(79) CMS: 122785K->123762K(602112K)
[10.058s][info ][gc,metaspace ] GC(79) Metaspace: 36611K->36611K(1081344K)
[10.058s][info ][gc           ] GC(79) Pause Young (Allocation Failure) 357M->122M(852M) 4.827ms
[10.058s][info ][gc,cpu       ] GC(79) User=0.02s Sys=0.00s Real=0.00s
[10.058s][info ][safepoint    ] Leaving safepoint region
[10.058s][info ][safepoint    ] Total time for which application threads were stopped: 0.0051697 seconds, Stopping threads took: 0.0001782 seconds
[10.116s][info ][safepoint    ] Application time: 0.0582673 seconds
[10.124s][info ][safepoint    ] Entering safepoint region: GenCollectForAllocation
[10.124s][info ][gc,start     ] GC(80) Pause Young (Allocation Failure)
[10.124s][info ][gc,task      ] GC(80) Using 4 workers of 4 for evacuation
[10.126s][debug][gc,ref       ] GC(80) Skipped phase1 of Reference Processing due to unavailable references
[10.126s][debug][gc,ref       ] GC(80) Skipped phase2 of Reference Processing due to unavailable references
[10.126s][debug][gc,ref       ] GC(80) Skipped phase3 of Reference Processing due to unavailable references
[10.126s][debug][gc,ref       ] GC(80) Skipped phase4 of Reference Processing due to unavailable references
[10.126s][debug][gc,age       ] GC(80) Desired survivor size 15400960 bytes, new threshold 6 (max threshold 6)
[10.126s][info ][gc,heap      ] GC(80) ParNew: 242260K->703K(270976K)
[10.126s][info ][gc,heap      ] GC(80) CMS: 123762K->123830K(602112K)
[10.126s][info ][gc,metaspace ] GC(80) Metaspace: 36611K->36611K(1081344K)
[10.126s][info ][gc           ] GC(80) Pause Young (Allocation Failure) 357M->121M(852M) 2.470ms
[10.126s][info ][gc,cpu       ] GC(80) User=0.01s Sys=0.00s Real=0.00s
[10.126s][info ][safepoint    ] Leaving safepoint region
[10.126s][info ][safepoint    ] Total time for which application threads were stopped: 0.0098861 seconds, Stopping threads took: 0.0072437 seconds
[10.190s][info ][safepoint    ] Application time: 0.0633842 seconds
[10.190s][info ][safepoint    ] Entering safepoint region: GenCollectForAllocation
[10.190s][info ][gc,start     ] GC(81) Pause Young (Allocation Failure)
[10.190s][info ][gc,task      ] GC(81) Using 4 workers of 4 for evacuation
[10.194s][debug][gc,ref       ] GC(81) Skipped phase1 of Reference Processing due to unavailable references
[10.194s][debug][gc,ref       ] GC(81) Skipped phase2 of Reference Processing due to unavailable references
[10.194s][debug][gc,ref       ] GC(81) Skipped phase3 of Reference Processing due to unavailable references
[10.194s][debug][gc,ref       ] GC(81) Skipped phase4 of Reference Processing due to unavailable references
[10.194s][debug][gc,age       ] GC(81) Desired survivor size 15400960 bytes, new threshold 6 (max threshold 6)
[10.194s][info ][gc,heap      ] GC(81) ParNew: 241599K->1081K(270976K)
[10.194s][info ][gc,heap      ] GC(81) CMS: 123830K->123906K(602112K)
[10.194s][info ][gc,metaspace ] GC(81) Metaspace: 36611K->36611K(1081344K)
[10.194s][info ][gc           ] GC(81) Pause Young (Allocation Failure) 356M->122M(852M) 4.344ms
[10.194s][info ][gc,cpu       ] GC(81) User=0.01s Sys=0.00s Real=0.01s
[10.194s][info ][safepoint    ] Leaving safepoint region
[10.195s][info ][safepoint    ] Total time for which application threads were stopped: 0.0046700 seconds, Stopping threads took: 0.0001379 seconds
[10.237s][info ][safepoint    ] Application time: 0.0429385 seconds
[10.238s][info ][safepoint    ] Entering safepoint region: GenCollectForAllocation
[10.238s][info ][gc,start     ] GC(82) Pause Young (Allocation Failure)
[10.238s][info ][gc,task      ] GC(82) Using 4 workers of 4 for evacuation
[10.241s][debug][gc,ref       ] GC(82) Skipped phase1 of Reference Processing due to unavailable references
[10.241s][debug][gc,ref       ] GC(82) Skipped phase2 of Reference Processing due to unavailable references
[10.241s][debug][gc,ref       ] GC(82) Skipped phase3 of Reference Processing due to unavailable references
[10.241s][debug][gc,ref       ] GC(82) Skipped phase4 of Reference Processing due to unavailable references
[10.241s][debug][gc,age       ] GC(82) Desired survivor size 15400960 bytes, new threshold 6 (max threshold 6)
[10.241s][info ][gc,heap      ] GC(82) ParNew: 241977K->1536K(270976K)
[10.241s][info ][gc,heap      ] GC(82) CMS: 123906K->123994K(602112K)
[10.241s][info ][gc,metaspace ] GC(82) Metaspace: 36611K->36611K(1081344K)
[10.241s][info ][gc           ] GC(82) Pause Young (Allocation Failure) 357M->122M(852M) 3.632ms
[10.241s][info ][gc,cpu       ] GC(82) User=0.01s Sys=0.00s Real=0.00s
[10.241s][info ][safepoint    ] Leaving safepoint region
[10.241s][info ][safepoint    ] Total time for which application threads were stopped: 0.0039393 seconds, Stopping threads took: 0.0001229 seconds
[10.286s][info ][safepoint    ] Application time: 0.0444157 seconds
[10.287s][info ][safepoint    ] Entering safepoint region: GenCollectForAllocation
[10.287s][info ][gc,start     ] GC(83) Pause Young (Allocation Failure)
[10.287s][info ][gc,task      ] GC(83) Using 4 workers of 4 for evacuation
[10.290s][debug][gc,ref       ] GC(83) Skipped phase1 of Reference Processing due to unavailable references
[10.290s][debug][gc,ref       ] GC(83) Skipped phase2 of Reference Processing due to unavailable references
[10.290s][debug][gc,ref       ] GC(83) Skipped phase3 of Reference Processing due to unavailable references
[10.290s][debug][gc,ref       ] GC(83) Skipped phase4 of Reference Processing due to unavailable references
[10.290s][debug][gc,age       ] GC(83) Desired survivor size 15400960 bytes, new threshold 6 (max threshold 6)
[10.290s][info ][gc,heap      ] GC(83) ParNew: 242432K->2138K(270976K)
[10.290s][info ][gc,heap      ] GC(83) CMS: 123994K->124057K(602112K)
[10.290s][info ][gc,metaspace ] GC(83) Metaspace: 36611K->36611K(1081344K)
[10.290s][info ][gc           ] GC(83) Pause Young (Allocation Failure) 357M->123M(852M) 3.308ms
[10.290s][info ][gc,cpu       ] GC(83) User=0.01s Sys=0.00s Real=0.00s
[10.290s][info ][safepoint    ] Leaving safepoint region
[10.290s][info ][safepoint    ] Total time for which application threads were stopped: 0.0044048 seconds, Stopping threads took: 0.0009152 seconds
[10.338s][info ][safepoint    ] Application time: 0.0474669 seconds
[10.341s][info ][safepoint    ] Entering safepoint region: GenCollectForAllocation
[10.341s][info ][gc,start     ] GC(84) Pause Young (Allocation Failure)
[10.341s][info ][gc,task      ] GC(84) Using 4 workers of 4 for evacuation
[10.346s][debug][gc,ref       ] GC(84) Skipped phase1 of Reference Processing due to unavailable references
[10.346s][debug][gc,ref       ] GC(84) Skipped phase2 of Reference Processing due to unavailable references
[10.346s][debug][gc,ref       ] GC(84) Skipped phase3 of Reference Processing due to unavailable references
[10.346s][debug][gc,ref       ] GC(84) Skipped phase4 of Reference Processing due to unavailable references
[10.346s][debug][gc,age       ] GC(84) Desired survivor size 15400960 bytes, new threshold 6 (max threshold 6)
[10.346s][info ][gc,heap      ] GC(84) ParNew: 243034K->2685K(270976K)
[10.346s][info ][gc,heap      ] GC(84) CMS: 124057K->124134K(602112K)
[10.346s][info ][gc,metaspace ] GC(84) Metaspace: 36611K->36611K(1081344K)
[10.346s][info ][gc           ] GC(84) Pause Young (Allocation Failure) 358M->123M(852M) 4.772ms
[10.346s][info ][gc,cpu       ] GC(84) User=0.02s Sys=0.00s Real=0.01s
[10.346s][info ][safepoint    ] Leaving safepoint region
[10.346s][info ][safepoint    ] Total time for which application threads were stopped: 0.0080275 seconds, Stopping threads took: 0.0031006 seconds
[10.408s][info ][safepoint    ] Application time: 0.0619572 seconds
[10.408s][info ][safepoint    ] Entering safepoint region: GenCollectForAllocation
[10.408s][info ][gc,start     ] GC(85) Pause Young (Allocation Failure)
[10.408s][info ][gc,task      ] GC(85) Using 4 workers of 4 for evacuation
[10.413s][debug][gc,ref       ] GC(85) Skipped phase1 of Reference Processing due to unavailable references
[10.413s][debug][gc,ref       ] GC(85) Skipped phase2 of Reference Processing due to unavailable references
[10.413s][debug][gc,ref       ] GC(85) Skipped phase3 of Reference Processing due to unavailable references
[10.413s][debug][gc,ref       ] GC(85) Skipped phase4 of Reference Processing due to unavailable references
[10.414s][debug][gc,age       ] GC(85) Desired survivor size 15400960 bytes, new threshold 6 (max threshold 6)
[10.414s][info ][gc,heap      ] GC(85) ParNew: 243581K->4067K(270976K)
[10.414s][info ][gc,heap      ] GC(85) CMS: 124134K->124202K(602112K)
[10.414s][info ][gc,metaspace ] GC(85) Metaspace: 36611K->36611K(1081344K)
[10.414s][info ][gc           ] GC(85) Pause Young (Allocation Failure) 359M->125M(852M) 5.523ms
[10.414s][info ][gc,cpu       ] GC(85) User=0.02s Sys=0.00s Real=0.01s
[10.414s][info ][safepoint    ] Leaving safepoint region
[10.414s][info ][safepoint    ] Total time for which application threads were stopped: 0.0058169 seconds, Stopping threads took: 0.0001457 seconds
[10.472s][info ][safepoint    ] Application time: 0.0586155 seconds
[10.472s][info ][safepoint    ] Entering safepoint region: GenCollectForAllocation
[10.473s][info ][gc,start     ] GC(86) Pause Young (Allocation Failure)
[10.473s][info ][gc,task      ] GC(86) Using 4 workers of 4 for evacuation
[10.479s][debug][gc,ref       ] GC(86) Skipped phase1 of Reference Processing due to unavailable references
[10.479s][debug][gc,ref       ] GC(86) Skipped phase2 of Reference Processing due to unavailable references
[10.479s][debug][gc,ref       ] GC(86) Skipped phase3 of Reference Processing due to unavailable references
[10.479s][debug][gc,ref       ] GC(86) Skipped phase4 of Reference Processing due to unavailable references
[10.479s][debug][gc,age       ] GC(86) Desired survivor size 15400960 bytes, new threshold 6 (max threshold 6)
[10.479s][info ][gc,heap      ] GC(86) ParNew: 244963K->3887K(270976K)
[10.479s][info ][gc,heap      ] GC(86) CMS: 124202K->124359K(602112K)
[10.479s][info ][gc,metaspace ] GC(86) Metaspace: 36611K->36611K(1081344K)
[10.479s][info ][gc           ] GC(86) Pause Young (Allocation Failure) 360M->125M(852M) 6.505ms
[10.479s][info ][gc,cpu       ] GC(86) User=0.02s Sys=0.00s Real=0.00s
[10.479s][info ][safepoint    ] Leaving safepoint region
[10.479s][info ][safepoint    ] Total time for which application threads were stopped: 0.0067763 seconds, Stopping threads took: 0.0001196 seconds
[10.535s][info ][safepoint    ] Application time: 0.0555454 seconds
[10.538s][info ][safepoint    ] Entering safepoint region: GenCollectForAllocation
[10.538s][info ][gc,start     ] GC(87) Pause Young (Allocation Failure)
[10.538s][info ][gc,task      ] GC(87) Using 4 workers of 4 for evacuation
[10.543s][debug][gc,ref       ] GC(87) Skipped phase1 of Reference Processing due to unavailable references
[10.543s][debug][gc,ref       ] GC(87) Skipped phase2 of Reference Processing due to unavailable references
[10.543s][debug][gc,ref       ] GC(87) Skipped phase3 of Reference Processing due to unavailable references
[10.543s][debug][gc,ref       ] GC(87) Skipped phase4 of Reference Processing due to unavailable references
[10.543s][debug][gc,age       ] GC(87) Desired survivor size 15400960 bytes, new threshold 6 (max threshold 6)
[10.543s][info ][gc,heap      ] GC(87) ParNew: 244783K->3377K(270976K)
[10.543s][info ][gc,heap      ] GC(87) CMS: 124359K->124720K(602112K)
[10.543s][info ][gc,metaspace ] GC(87) Metaspace: 36611K->36611K(1081344K)
[10.543s][info ][gc           ] GC(87) Pause Young (Allocation Failure) 360M->125M(852M) 4.873ms
[10.543s][info ][gc,cpu       ] GC(87) User=0.02s Sys=0.00s Real=0.01s
[10.543s][info ][safepoint    ] Leaving safepoint region
[10.543s][info ][safepoint    ] Total time for which application threads were stopped: 0.0085555 seconds, Stopping threads took: 0.0035050 seconds
[10.622s][info ][safepoint    ] Application time: 0.0785812 seconds
[10.623s][info ][safepoint    ] Entering safepoint region: GenCollectForAllocation
[10.623s][info ][gc,start     ] GC(88) Pause Young (Allocation Failure)
[10.623s][info ][gc,task      ] GC(88) Using 4 workers of 4 for evacuation
[10.635s][debug][gc,ref       ] GC(88) Skipped phase1 of Reference Processing due to unavailable references
[10.635s][debug][gc,ref       ] GC(88) Skipped phase2 of Reference Processing due to unavailable references
[10.635s][debug][gc,ref       ] GC(88) Skipped phase3 of Reference Processing due to unavailable references
[10.635s][debug][gc,ref       ] GC(88) Skipped phase4 of Reference Processing due to unavailable references
[10.635s][debug][gc,age       ] GC(88) Desired survivor size 15400960 bytes, new threshold 6 (max threshold 6)
[10.635s][info ][gc,heap      ] GC(88) ParNew: 244273K->7334K(270976K)
[10.635s][info ][gc,heap      ] GC(88) CMS: 124720K->125138K(602112K)
[10.635s][info ][gc,metaspace ] GC(88) Metaspace: 36611K->36611K(1081344K)
[10.635s][info ][gc           ] GC(88) Pause Young (Allocation Failure) 360M->129M(852M) 12.227ms
[10.635s][info ][gc,cpu       ] GC(88) User=0.04s Sys=0.00s Real=0.01s
[10.635s][info ][safepoint    ] Leaving safepoint region
[10.635s][info ][safepoint    ] Total time for which application threads were stopped: 0.0133553 seconds, Stopping threads took: 0.0009322 seconds
[10.686s][info ][safepoint    ] Application time: 0.0504155 seconds
[10.687s][info ][safepoint    ] Entering safepoint region: GenCollectForAllocation
[10.687s][info ][gc,start     ] GC(89) Pause Young (Allocation Failure)
[10.687s][info ][gc,task      ] GC(89) Using 4 workers of 4 for evacuation
[10.695s][debug][gc,ref       ] GC(89) Skipped phase1 of Reference Processing due to unavailable references
[10.695s][debug][gc,ref       ] GC(89) Skipped phase2 of Reference Processing due to unavailable references
[10.695s][debug][gc,ref       ] GC(89) Skipped phase3 of Reference Processing due to unavailable references
[10.695s][debug][gc,ref       ] GC(89) Skipped phase4 of Reference Processing due to unavailable references
[10.695s][debug][gc,age       ] GC(89) Desired survivor size 15400960 bytes, new threshold 6 (max threshold 6)
[10.695s][info ][gc,heap      ] GC(89) ParNew: 248230K->11857K(270976K)
[10.695s][info ][gc,heap      ] GC(89) CMS: 125138K->125477K(602112K)
[10.695s][info ][gc,metaspace ] GC(89) Metaspace: 36611K->36611K(1081344K)
[10.695s][info ][gc           ] GC(89) Pause Young (Allocation Failure) 364M->134M(852M) 7.990ms
[10.695s][info ][gc,cpu       ] GC(89) User=0.02s Sys=0.00s Real=0.01s
[10.695s][info ][safepoint    ] Leaving safepoint region
[10.695s][info ][safepoint    ] Total time for which application threads were stopped: 0.0092634 seconds, Stopping threads took: 0.0010881 seconds
[10.753s][info ][safepoint    ] Application time: 0.0577022 seconds
[10.753s][info ][safepoint    ] Entering safepoint region: GenCollectForAllocation
[10.753s][info ][gc,start     ] GC(90) Pause Young (Allocation Failure)
[10.753s][info ][gc,task      ] GC(90) Using 4 workers of 4 for evacuation
[10.762s][debug][gc,ref       ] GC(90) Skipped phase1 of Reference Processing due to unavailable references
[10.762s][debug][gc,ref       ] GC(90) Skipped phase2 of Reference Processing due to unavailable references
[10.762s][debug][gc,ref       ] GC(90) Skipped phase3 of Reference Processing due to unavailable references
[10.762s][debug][gc,ref       ] GC(90) Skipped phase4 of Reference Processing due to unavailable references
[10.762s][debug][gc,age       ] GC(90) Desired survivor size 15400960 bytes, new threshold 6 (max threshold 6)
[10.762s][info ][gc,heap      ] GC(90) ParNew: 252753K->8084K(270976K)
[10.762s][info ][gc,heap      ] GC(90) CMS: 125477K->126433K(602112K)
[10.762s][info ][gc,metaspace ] GC(90) Metaspace: 36611K->36611K(1081344K)
[10.762s][info ][gc           ] GC(90) Pause Young (Allocation Failure) 369M->131M(852M) 9.116ms
[10.762s][info ][gc,cpu       ] GC(90) User=0.03s Sys=0.00s Real=0.00s
[10.762s][info ][safepoint    ] Leaving safepoint region
[10.762s][info ][safepoint    ] Total time for which application threads were stopped: 0.0094483 seconds, Stopping threads took: 0.0001582 seconds
[10.826s][info ][safepoint    ] Application time: 0.0636324 seconds
[10.826s][info ][safepoint    ] Entering safepoint region: GenCollectForAllocation
[10.826s][info ][gc,start     ] GC(91) Pause Young (Allocation Failure)
[10.826s][info ][gc,task      ] GC(91) Using 4 workers of 4 for evacuation
[10.834s][debug][gc,ref       ] GC(91) Skipped phase1 of Reference Processing due to unavailable references
[10.834s][debug][gc,ref       ] GC(91) Skipped phase2 of Reference Processing due to unavailable references
[10.834s][debug][gc,ref       ] GC(91) Skipped phase3 of Reference Processing due to unavailable references
[10.834s][debug][gc,ref       ] GC(91) Skipped phase4 of Reference Processing due to unavailable references
[10.834s][debug][gc,age       ] GC(91) Desired survivor size 15400960 bytes, new threshold 6 (max threshold 6)
[10.834s][info ][gc,heap      ] GC(91) ParNew: 248980K->8296K(270976K)
[10.834s][info ][gc,heap      ] GC(91) CMS: 126433K->127060K(602112K)
[10.834s][info ][gc,metaspace ] GC(91) Metaspace: 36611K->36611K(1081344K)
[10.834s][info ][gc           ] GC(91) Pause Young (Allocation Failure) 366M->132M(852M) 8.150ms
[10.834s][info ][gc,cpu       ] GC(91) User=0.04s Sys=0.00s Real=0.01s
[10.834s][info ][safepoint    ] Leaving safepoint region
[10.834s][info ][safepoint    ] Total time for which application threads were stopped: 0.0086293 seconds, Stopping threads took: 0.0003201 seconds
[10.899s][info ][safepoint    ] Application time: 0.0642092 seconds
[10.899s][info ][safepoint    ] Entering safepoint region: GenCollectForAllocation
[10.899s][info ][gc,start     ] GC(92) Pause Young (Allocation Failure)
[10.899s][info ][gc,task      ] GC(92) Using 4 workers of 4 for evacuation
[10.907s][debug][gc,ref       ] GC(92) Skipped phase1 of Reference Processing due to unavailable references
[10.907s][debug][gc,ref       ] GC(92) Skipped phase2 of Reference Processing due to unavailable references
[10.907s][debug][gc,ref       ] GC(92) Skipped phase3 of Reference Processing due to unavailable references
[10.907s][debug][gc,ref       ] GC(92) Skipped phase4 of Reference Processing due to unavailable references
[10.907s][debug][gc,age       ] GC(92) Desired survivor size 15400960 bytes, new threshold 6 (max threshold 6)
[10.907s][info ][gc,heap      ] GC(92) ParNew: 249192K->8329K(270976K)
[10.907s][info ][gc,heap      ] GC(92) CMS: 127060K->127156K(602112K)
[10.907s][info ][gc,metaspace ] GC(92) Metaspace: 36611K->36611K(1081344K)
[10.907s][info ][gc           ] GC(92) Pause Young (Allocation Failure) 367M->132M(852M) 7.711ms
[10.907s][info ][gc,cpu       ] GC(92) User=0.02s Sys=0.01s Real=0.01s
[10.907s][info ][safepoint    ] Leaving safepoint region
[10.907s][info ][safepoint    ] Total time for which application threads were stopped: 0.0080692 seconds, Stopping threads took: 0.0001993 seconds
[10.974s][info ][safepoint    ] Application time: 0.0674105 seconds
[10.975s][info ][safepoint    ] Entering safepoint region: GenCollectForAllocation
[10.975s][info ][gc,start     ] GC(93) Pause Young (Allocation Failure)
[10.975s][info ][gc,task      ] GC(93) Using 4 workers of 4 for evacuation
[10.984s][debug][gc,ref       ] GC(93) Skipped phase1 of Reference Processing due to unavailable references
[10.984s][debug][gc,ref       ] GC(93) Skipped phase2 of Reference Processing due to unavailable references
[10.984s][debug][gc,ref       ] GC(93) Skipped phase3 of Reference Processing due to unavailable references
[10.984s][debug][gc,ref       ] GC(93) Skipped phase4 of Reference Processing due to unavailable references
[10.984s][debug][gc,age       ] GC(93) Desired survivor size 15400960 bytes, new threshold 6 (max threshold 6)
[10.984s][info ][gc,heap      ] GC(93) ParNew: 249225K->8371K(270976K)
[10.984s][info ][gc,heap      ] GC(93) CMS: 127156K->127436K(602112K)
[10.984s][info ][gc,metaspace ] GC(93) Metaspace: 36611K->36611K(1081344K)
[10.984s][info ][gc           ] GC(93) Pause Young (Allocation Failure) 367M->132M(852M) 8.597ms
[10.984s][info ][gc,cpu       ] GC(93) User=0.03s Sys=0.01s Real=0.01s
[10.984s][info ][safepoint    ] Leaving safepoint region
[10.984s][info ][safepoint    ] Total time for which application threads were stopped: 0.0095689 seconds, Stopping threads took: 0.0008080 seconds
[11.055s][info ][safepoint    ] Application time: 0.0706956 seconds
[11.055s][info ][safepoint    ] Entering safepoint region: GenCollectForAllocation
[11.055s][info ][gc,start     ] GC(94) Pause Young (Allocation Failure)
[11.055s][info ][gc,task      ] GC(94) Using 4 workers of 4 for evacuation
[11.066s][debug][gc,ref       ] GC(94) Skipped phase1 of Reference Processing due to unavailable references
[11.066s][debug][gc,ref       ] GC(94) Skipped phase2 of Reference Processing due to unavailable references
[11.066s][debug][gc,ref       ] GC(94) Skipped phase3 of Reference Processing due to unavailable references
[11.066s][debug][gc,ref       ] GC(94) Skipped phase4 of Reference Processing due to unavailable references
[11.066s][debug][gc,age       ] GC(94) Desired survivor size 15400960 bytes, new threshold 6 (max threshold 6)
[11.066s][info ][gc,heap      ] GC(94) ParNew: 249267K->5490K(270976K)
[11.066s][info ][gc,heap      ] GC(94) CMS: 127436K->132377K(602112K)
[11.066s][info ][gc,metaspace ] GC(94) Metaspace: 36611K->36611K(1081344K)
[11.066s][info ][gc           ] GC(94) Pause Young (Allocation Failure) 367M->134M(852M) 11.263ms
[11.066s][info ][gc,cpu       ] GC(94) User=0.04s Sys=0.00s Real=0.01s
[11.066s][info ][safepoint    ] Leaving safepoint region
[11.066s][info ][safepoint    ] Total time for which application threads were stopped: 0.0116650 seconds, Stopping threads took: 0.0002471 seconds
[11.149s][info ][safepoint    ] Application time: 0.0826189 seconds
[11.149s][info ][safepoint    ] Entering safepoint region: GenCollectForAllocation
[11.149s][info ][gc,start     ] GC(95) Pause Young (Allocation Failure)
[11.149s][info ][gc,task      ] GC(95) Using 4 workers of 4 for evacuation
[11.152s][debug][gc,ref       ] GC(95) Skipped phase1 of Reference Processing due to unavailable references
[11.152s][debug][gc,ref       ] GC(95) Skipped phase2 of Reference Processing due to unavailable references
[11.152s][debug][gc,ref       ] GC(95) Skipped phase3 of Reference Processing due to unavailable references
[11.152s][debug][gc,ref       ] GC(95) Skipped phase4 of Reference Processing due to unavailable references
[11.152s][debug][gc,age       ] GC(95) Desired survivor size 15400960 bytes, new threshold 6 (max threshold 6)
[11.152s][info ][gc,heap      ] GC(95) ParNew: 246386K->1550K(270976K)
[11.152s][info ][gc,heap      ] GC(95) CMS: 132377K->132507K(602112K)
[11.152s][info ][gc,metaspace ] GC(95) Metaspace: 36611K->36611K(1081344K)
[11.152s][info ][gc           ] GC(95) Pause Young (Allocation Failure) 369M->130M(852M) 2.660ms
[11.152s][info ][gc,cpu       ] GC(95) User=0.00s Sys=0.00s Real=0.01s
[11.152s][info ][safepoint    ] Leaving safepoint region
[11.152s][info ][safepoint    ] Total time for which application threads were stopped: 0.0030180 seconds, Stopping threads took: 0.0002069 seconds
[11.262s][info ][safepoint    ] Application time: 0.1098757 seconds
[11.272s][info ][safepoint    ] Entering safepoint region: GenCollectForAllocation
[11.273s][info ][gc,start     ] GC(96) Pause Young (Allocation Failure)
[11.273s][info ][gc,task      ] GC(96) Using 4 workers of 4 for evacuation
[11.276s][debug][gc,ref       ] GC(96) Skipped phase1 of Reference Processing due to unavailable references
[11.276s][debug][gc,ref       ] GC(96) Skipped phase2 of Reference Processing due to unavailable references
[11.276s][debug][gc,ref       ] GC(96) Skipped phase3 of Reference Processing due to unavailable references
[11.276s][debug][gc,ref       ] GC(96) Skipped phase4 of Reference Processing due to unavailable references
[11.276s][debug][gc,age       ] GC(96) Desired survivor size 15400960 bytes, new threshold 6 (max threshold 6)
[11.276s][info ][gc,heap      ] GC(96) ParNew: 242446K->2481K(270976K)
[11.276s][info ][gc,heap      ] GC(96) CMS: 132507K->132624K(602112K)
[11.276s][info ][gc,metaspace ] GC(96) Metaspace: 36611K->36611K(1081344K)
[11.276s][info ][gc           ] GC(96) Pause Young (Allocation Failure) 366M->131M(852M) 3.643ms
[11.276s][info ][gc,cpu       ] GC(96) User=0.01s Sys=0.00s Real=0.00s
[11.276s][info ][safepoint    ] Leaving safepoint region
[11.276s][info ][safepoint    ] Total time for which application threads were stopped: 0.0143640 seconds, Stopping threads took: 0.0105612 seconds
[11.283s][info ][safepoint    ] Application time: 0.0064516 seconds
[11.286s][info ][safepoint    ] Entering safepoint region: RevokeBias
[11.286s][info ][safepoint    ] Leaving safepoint region
[11.286s][info ][safepoint    ] Total time for which application threads were stopped: 0.0032944 seconds, Stopping threads took: 0.0031909 seconds
[11.287s][info ][safepoint    ] Application time: 0.0006895 seconds
[11.287s][info ][safepoint    ] Entering safepoint region: RevokeBias
[11.287s][info ][safepoint    ] Leaving safepoint region
[11.287s][info ][safepoint    ] Total time for which application threads were stopped: 0.0002532 seconds, Stopping threads took: 0.0001652 seconds
[11.287s][info ][safepoint    ] Application time: 0.0000825 seconds
[11.287s][info ][safepoint    ] Entering safepoint region: RevokeBias
[11.287s][info ][safepoint    ] Leaving safepoint region
[11.287s][info ][safepoint    ] Total time for which application threads were stopped: 0.0001325 seconds, Stopping threads took: 0.0000580 seconds
[11.288s][info ][safepoint    ] Application time: 0.0006566 seconds
[11.288s][info ][safepoint    ] Entering safepoint region: RevokeBias
[11.288s][info ][safepoint    ] Leaving safepoint region
[11.288s][info ][safepoint    ] Total time for which application threads were stopped: 0.0002641 seconds, Stopping threads took: 0.0001863 seconds
[11.288s][info ][safepoint    ] Application time: 0.0002416 seconds
[11.289s][info ][safepoint    ] Entering safepoint region: RevokeBias
[11.289s][info ][safepoint    ] Leaving safepoint region
[11.289s][info ][safepoint    ] Total time for which application threads were stopped: 0.0004807 seconds, Stopping threads took: 0.0001395 seconds
[11.300s][info ][safepoint    ] Application time: 0.0106116 seconds
[11.300s][info ][safepoint    ] Entering safepoint region: RevokeBias
[11.300s][info ][safepoint    ] Leaving safepoint region
[11.300s][info ][safepoint    ] Total time for which application threads were stopped: 0.0001067 seconds, Stopping threads took: 0.0000320 seconds
[11.380s][info ][safepoint    ] Application time: 0.0800692 seconds
[11.380s][info ][safepoint    ] Entering safepoint region: RevokeBias
[11.380s][info ][safepoint    ] Leaving safepoint region
[11.380s][info ][safepoint    ] Total time for which application threads were stopped: 0.0002471 seconds, Stopping threads took: 0.0001276 seconds
[11.833s][info ][safepoint    ] Application time: 0.4527731 seconds
[11.833s][info ][safepoint    ] Entering safepoint region: ICBufferFull
[11.833s][info ][safepoint    ] Leaving safepoint region
[11.833s][info ][safepoint    ] Total time for which application threads were stopped: 0.0002727 seconds, Stopping threads took: 0.0001148 seconds
[12.064s][info ][safepoint    ] Application time: 0.2311521 seconds
[12.064s][info ][safepoint    ] Entering safepoint region: RevokeBias
[12.064s][info ][safepoint    ] Leaving safepoint region
[12.064s][info ][safepoint    ] Total time for which application threads were stopped: 0.0001370 seconds, Stopping threads took: 0.0000131 seconds
[12.081s][info ][safepoint    ] Application time: 0.0165707 seconds
[12.081s][info ][safepoint    ] Entering safepoint region: Deoptimize
[12.082s][info ][safepoint    ] Leaving safepoint region
[12.082s][info ][safepoint    ] Total time for which application threads were stopped: 0.0006703 seconds, Stopping threads took: 0.0000126 seconds
[12.093s][info ][safepoint    ] Application time: 0.0112425 seconds
[12.093s][info ][safepoint    ] Entering safepoint region: RevokeBias
[12.093s][info ][safepoint    ] Leaving safepoint region
[12.093s][info ][safepoint    ] Total time for which application threads were stopped: 0.0000647 seconds, Stopping threads took: 0.0000131 seconds
[12.094s][info ][safepoint    ] Application time: 0.0007504 seconds
[12.094s][info ][safepoint    ] Entering safepoint region: RevokeBias
[12.094s][info ][safepoint    ] Leaving safepoint region
[12.094s][info ][safepoint    ] Total time for which application threads were stopped: 0.0000398 seconds, Stopping threads took: 0.0000102 seconds
[12.094s][info ][safepoint    ] Application time: 0.0000510 seconds
[12.094s][info ][safepoint    ] Entering safepoint region: RevokeBias
[12.094s][info ][safepoint    ] Leaving safepoint region
[12.094s][info ][safepoint    ] Total time for which application threads were stopped: 0.0000218 seconds, Stopping threads took: 0.0000059 seconds
[12.094s][info ][safepoint    ] Application time: 0.0005180 seconds
[12.094s][info ][safepoint    ] Entering safepoint region: Deoptimize
[12.095s][info ][safepoint    ] Leaving safepoint region
[12.095s][info ][safepoint    ] Total time for which application threads were stopped: 0.0006808 seconds, Stopping threads took: 0.0000082 seconds
[12.111s][info ][safepoint    ] Application time: 0.0158879 seconds
[12.111s][info ][safepoint    ] Entering safepoint region: GenCollectForAllocation
[12.111s][info ][gc,start     ] GC(97) Pause Young (Allocation Failure)
[12.111s][info ][gc,task      ] GC(97) Using 4 workers of 4 for evacuation
[12.126s][debug][gc,ref       ] GC(97) Skipped phase1 of Reference Processing due to unavailable references
[12.126s][debug][gc,ref       ] GC(97) Skipped phase3 of Reference Processing due to unavailable references
[12.126s][debug][gc,age       ] GC(97) Desired survivor size 15400960 bytes, new threshold 1 (max threshold 6)
[12.126s][info ][gc,heap      ] GC(97) ParNew: 243377K->17521K(270976K)
[12.126s][info ][gc,heap      ] GC(97) CMS: 132624K->132759K(602112K)
[12.126s][info ][gc,metaspace ] GC(97) Metaspace: 39976K->39976K(1085440K)
[12.126s][info ][gc           ] GC(97) Pause Young (Allocation Failure) 367M->146M(852M) 14.917ms
[12.126s][info ][gc,cpu       ] GC(97) User=0.06s Sys=0.00s Real=0.01s
[12.126s][info ][safepoint    ] Leaving safepoint region
[12.126s][info ][safepoint    ] Total time for which application threads were stopped: 0.0150486 seconds, Stopping threads took: 0.0000131 seconds
[12.141s][info ][safepoint    ] Application time: 0.0150463 seconds
[12.141s][info ][safepoint    ] Entering safepoint region: Deoptimize
[12.142s][info ][safepoint    ] Leaving safepoint region
[12.142s][info ][safepoint    ] Total time for which application threads were stopped: 0.0006656 seconds, Stopping threads took: 0.0000139 seconds
[12.156s][info ][safepoint    ] Application time: 0.0144033 seconds
[12.156s][info ][safepoint    ] Entering safepoint region: RevokeBias
[12.156s][info ][safepoint    ] Leaving safepoint region
[12.156s][info ][safepoint    ] Total time for which application threads were stopped: 0.0001116 seconds, Stopping threads took: 0.0000194 seconds
[12.212s][info ][safepoint    ] Application time: 0.0551132 seconds
[12.212s][info ][safepoint    ] Entering safepoint region: Deoptimize
[12.212s][info ][safepoint    ] Leaving safepoint region
[12.212s][info ][safepoint    ] Total time for which application threads were stopped: 0.0009068 seconds, Stopping threads took: 0.0000798 seconds
[12.227s][info ][safepoint    ] Application time: 0.0148598 seconds
[12.227s][info ][safepoint    ] Entering safepoint region: RevokeBias
[12.228s][info ][safepoint    ] Leaving safepoint region
[12.228s][info ][safepoint    ] Total time for which application threads were stopped: 0.0001945 seconds, Stopping threads took: 0.0000861 seconds
[12.261s][info ][safepoint    ] Application time: 0.0329808 seconds
[12.261s][info ][safepoint    ] Entering safepoint region: RevokeBias
[12.261s][info ][safepoint    ] Leaving safepoint region
[12.261s][info ][safepoint    ] Total time for which application threads were stopped: 0.0002131 seconds, Stopping threads took: 0.0001109 seconds
[12.261s][info ][safepoint    ] Application time: 0.0001138 seconds
[12.261s][info ][safepoint    ] Entering safepoint region: RevokeBias
[12.261s][info ][safepoint    ] Leaving safepoint region
[12.261s][info ][safepoint    ] Total time for which application threads were stopped: 0.0001340 seconds, Stopping threads took: 0.0000686 seconds
[12.578s][info ][safepoint    ] Application time: 0.3170574 seconds
[12.578s][info ][safepoint    ] Entering safepoint region: ICBufferFull
[12.578s][info ][safepoint    ] Leaving safepoint region
[12.578s][info ][safepoint    ] Total time for which application threads were stopped: 0.0002852 seconds, Stopping threads took: 0.0001128 seconds
[12.843s][info ][safepoint    ] Application time: 0.2648165 seconds
[12.843s][info ][safepoint    ] Entering safepoint region: ICBufferFull
[12.844s][info ][safepoint    ] Leaving safepoint region
[12.844s][info ][safepoint    ] Total time for which application threads were stopped: 0.0002087 seconds, Stopping threads took: 0.0000677 seconds
[13.161s][info ][safepoint    ] Application time: 0.3176328 seconds
[13.161s][info ][safepoint    ] Entering safepoint region: ICBufferFull
[13.161s][info ][safepoint    ] Leaving safepoint region
[13.161s][info ][safepoint    ] Total time for which application threads were stopped: 0.0002332 seconds, Stopping threads took: 0.0000728 seconds
[13.294s][info ][safepoint    ] Application time: 0.1323243 seconds
[13.294s][info ][safepoint    ] Entering safepoint region: RevokeBias
[13.294s][info ][safepoint    ] Leaving safepoint region
[13.294s][info ][safepoint    ] Total time for which application threads were stopped: 0.0000767 seconds, Stopping threads took: 0.0000128 seconds
[13.309s][info ][safepoint    ] Application time: 0.0149127 seconds
[13.309s][info ][safepoint    ] Entering safepoint region: Deoptimize
[13.310s][info ][safepoint    ] Leaving safepoint region
[13.310s][info ][safepoint    ] Total time for which application threads were stopped: 0.0009694 seconds, Stopping threads took: 0.0001214 seconds
[13.336s][info ][safepoint    ] Application time: 0.0260174 seconds
[13.336s][info ][safepoint    ] Entering safepoint region: RevokeBias
[13.336s][info ][safepoint    ] Leaving safepoint region
[13.336s][info ][safepoint    ] Total time for which application threads were stopped: 0.0001753 seconds, Stopping threads took: 0.0000481 seconds
[13.491s][info ][safepoint    ] Application time: 0.1546921 seconds
[13.491s][info ][safepoint    ] Entering safepoint region: ICBufferFull
[13.491s][info ][safepoint    ] Leaving safepoint region
[13.491s][info ][safepoint    ] Total time for which application threads were stopped: 0.0002041 seconds, Stopping threads took: 0.0000572 seconds
[13.501s][info ][safepoint    ] Application time: 0.0104160 seconds
[13.501s][info ][safepoint    ] Entering safepoint region: CollectForMetadataAllocation
[13.502s][info ][safepoint    ] Leaving safepoint region
[13.502s][info ][safepoint    ] Total time for which application threads were stopped: 0.0001315 seconds, Stopping threads took: 0.0000322 seconds
[13.574s][info ][safepoint    ] Application time: 0.0721855 seconds
[13.574s][info ][safepoint    ] Entering safepoint region: CollectForMetadataAllocation
[13.574s][info ][safepoint    ] Leaving safepoint region
[13.574s][info ][safepoint    ] Total time for which application threads were stopped: 0.0001460 seconds, Stopping threads took: 0.0000321 seconds
[13.587s][info ][safepoint    ] Application time: 0.0128244 seconds
[13.587s][info ][safepoint    ] Entering safepoint region: CollectForMetadataAllocation
[13.587s][info ][safepoint    ] Leaving safepoint region
[13.587s][info ][safepoint    ] Total time for which application threads were stopped: 0.0001690 seconds, Stopping threads took: 0.0000547 seconds
[13.593s][info ][safepoint    ] Application time: 0.0059520 seconds
[13.593s][info ][safepoint    ] Entering safepoint region: Deoptimize
[13.594s][info ][safepoint    ] Leaving safepoint region
[13.594s][info ][safepoint    ] Total time for which application threads were stopped: 0.0008420 seconds, Stopping threads took: 0.0000312 seconds
[13.596s][info ][safepoint    ] Application time: 0.0025828 seconds
[13.596s][info ][safepoint    ] Entering safepoint region: RevokeBias
[13.597s][info ][safepoint    ] Leaving safepoint region
[13.597s][info ][safepoint    ] Total time for which application threads were stopped: 0.0001317 seconds, Stopping threads took: 0.0000700 seconds
[13.640s][info ][safepoint    ] Application time: 0.0439677 seconds
[13.641s][info ][safepoint    ] Entering safepoint region: CollectForMetadataAllocation
[13.641s][info ][safepoint    ] Leaving safepoint region
[13.641s][info ][safepoint    ] Total time for which application threads were stopped: 0.0001360 seconds, Stopping threads took: 0.0000134 seconds
[13.726s][info ][safepoint    ] Application time: 0.0855917 seconds
[13.726s][info ][safepoint    ] Entering safepoint region: Deoptimize
[13.729s][info ][safepoint    ] Leaving safepoint region
[13.729s][info ][safepoint    ] Total time for which application threads were stopped: 0.0026331 seconds, Stopping threads took: 0.0000208 seconds
[13.749s][info ][safepoint    ] Application time: 0.0199413 seconds
[13.749s][info ][safepoint    ] Entering safepoint region: CollectForMetadataAllocation
[13.749s][info ][safepoint    ] Leaving safepoint region
[13.749s][info ][safepoint    ] Total time for which application threads were stopped: 0.0001031 seconds, Stopping threads took: 0.0000131 seconds
[13.841s][info ][safepoint    ] Application time: 0.0922265 seconds
[13.841s][info ][safepoint    ] Entering safepoint region: CollectForMetadataAllocation
[13.841s][info ][safepoint    ] Leaving safepoint region
[13.841s][info ][safepoint    ] Total time for which application threads were stopped: 0.0001631 seconds, Stopping threads took: 0.0000319 seconds
[13.883s][info ][safepoint    ] Application time: 0.0420188 seconds
[13.883s][info ][safepoint    ] Entering safepoint region: Deoptimize
[13.885s][info ][safepoint    ] Leaving safepoint region
[13.885s][info ][safepoint    ] Total time for which application threads were stopped: 0.0011273 seconds, Stopping threads took: 0.0000142 seconds
[13.890s][info ][safepoint    ] Application time: 0.0050684 seconds
[13.890s][info ][safepoint    ] Entering safepoint region: BulkRevokeBias
[13.890s][info ][safepoint    ] Leaving safepoint region
[13.890s][info ][safepoint    ] Total time for which application threads were stopped: 0.0001924 seconds, Stopping threads took: 0.0000122 seconds
[13.912s][info ][safepoint    ] Application time: 0.0223085 seconds
[13.912s][info ][safepoint    ] Entering safepoint region: CollectForMetadataAllocation
[13.912s][info ][safepoint    ] Leaving safepoint region
[13.912s][info ][safepoint    ] Total time for which application threads were stopped: 0.0002055 seconds, Stopping threads took: 0.0000502 seconds
[13.915s][info ][safepoint    ] Application time: 0.0030247 seconds
[13.916s][info ][safepoint    ] Entering safepoint region: GenCollectForAllocation
[13.916s][info ][gc,start     ] GC(98) Pause Young (Allocation Failure)
[13.916s][info ][gc,task      ] GC(98) Using 4 workers of 4 for evacuation
[13.982s][debug][gc,ref       ] GC(98) Skipped phase1 of Reference Processing due to unavailable references
[13.982s][debug][gc,ref       ] GC(98) Skipped phase3 of Reference Processing due to unavailable references
[13.983s][debug][gc,age       ] GC(98) Desired survivor size 15400960 bytes, new threshold 1 (max threshold 6)
[13.983s][info ][gc,heap      ] GC(98) ParNew: 258417K->30080K(270976K)
[13.983s][info ][gc,heap      ] GC(98) CMS: 132759K->162699K(602112K)
[13.983s][info ][gc,metaspace ] GC(98) Metaspace: 44702K->44702K(1089536K)
[13.983s][info ][gc           ] GC(98) Pause Young (Allocation Failure) 382M->188M(852M) 66.956ms
[13.983s][info ][gc,cpu       ] GC(98) User=0.19s Sys=0.03s Real=0.06s
[13.983s][info ][safepoint    ] Leaving safepoint region
[13.983s][info ][safepoint    ] Total time for which application threads were stopped: 0.0671218 seconds, Stopping threads took: 0.0000317 seconds
[13.983s][info ][safepoint    ] Application time: 0.0001926 seconds
[13.983s][info ][safepoint    ] Entering safepoint region: CMS_Initial_Mark
[13.983s][info ][gc,start     ] GC(99) Pause Initial Mark
[13.987s][info ][gc           ] GC(99) Pause Initial Mark 189M->189M(852M) 4.220ms
[13.987s][info ][gc,cpu       ] GC(99) User=0.01s Sys=0.00s Real=0.00s
[13.987s][info ][safepoint    ] Leaving safepoint region
[13.987s][info ][safepoint    ] Total time for which application threads were stopped: 0.0045289 seconds, Stopping threads took: 0.0002014 seconds
[13.987s][info ][gc           ] GC(99) Concurrent Mark
[14.127s][info ][safepoint    ] Application time: 0.1394013 seconds
[14.127s][info ][safepoint    ] Entering safepoint region: ICBufferFull
[14.127s][info ][safepoint    ] Leaving safepoint region
[14.127s][info ][safepoint    ] Total time for which application threads were stopped: 0.0002077 seconds, Stopping threads took: 0.0000153 seconds
[14.224s][info ][gc           ] GC(99) Concurrent Mark 236.117ms
[14.224s][info ][gc,cpu       ] GC(99) User=0.77s Sys=0.03s Real=0.24s
[14.224s][info ][gc           ] GC(99) Concurrent Preclean
[14.224s][debug][gc,ref       ] GC(99) Preclean SoftReferences 0.002ms
[14.224s][debug][gc,ref       ] GC(99) Preclean WeakReferences 0.020ms
[14.224s][debug][gc,ref       ] GC(99) Preclean FinalReferences 0.000ms
[14.224s][debug][gc,ref       ] GC(99) Preclean PhantomReferences 0.002ms
[14.225s][info ][gc           ] GC(99) Concurrent Preclean 1.385ms
[14.225s][info ][gc,cpu       ] GC(99) User=0.00s Sys=0.00s Real=0.00s
[14.225s][info ][gc           ] GC(99) Concurrent Abortable Preclean
[14.268s][info ][safepoint    ] Application time: 0.1405867 seconds
[14.268s][info ][safepoint    ] Entering safepoint region: CollectForMetadataAllocation
[14.268s][info ][safepoint    ] Leaving safepoint region
[14.268s][info ][safepoint    ] Total time for which application threads were stopped: 0.0002202 seconds, Stopping threads took: 0.0000170 seconds
[14.452s][info ][safepoint    ] Application time: 0.1838989 seconds
[14.452s][info ][safepoint    ] Entering safepoint region: ICBufferFull
[14.452s][info ][safepoint    ] Leaving safepoint region
[14.452s][info ][safepoint    ] Total time for which application threads were stopped: 0.0001794 seconds, Stopping threads took: 0.0000155 seconds
[14.490s][info ][safepoint    ] Application time: 0.0377924 seconds
[14.490s][info ][safepoint    ] Entering safepoint region: CollectForMetadataAllocation
[14.490s][info ][safepoint    ] Leaving safepoint region
[14.490s][info ][safepoint    ] Total time for which application threads were stopped: 0.0001927 seconds, Stopping threads took: 0.0000372 seconds
[14.615s][info ][safepoint    ] Application time: 0.1245802 seconds
[14.615s][info ][safepoint    ] Entering safepoint region: CollectForMetadataAllocation
[14.615s][info ][safepoint    ] Leaving safepoint region
[14.615s][info ][safepoint    ] Total time for which application threads were stopped: 0.0004859 seconds, Stopping threads took: 0.0000553 seconds
[14.672s][info ][safepoint    ] Application time: 0.0572397 seconds
[14.672s][info ][safepoint    ] Entering safepoint region: ICBufferFull
[14.673s][info ][safepoint    ] Leaving safepoint region
[14.673s][info ][safepoint    ] Total time for which application threads were stopped: 0.0002121 seconds, Stopping threads took: 0.0000203 seconds
[14.946s][info ][safepoint    ] Application time: 0.2730282 seconds
[14.946s][info ][safepoint    ] Entering safepoint region: ICBufferFull
[14.946s][info ][safepoint    ] Leaving safepoint region
[14.946s][info ][safepoint    ] Total time for which application threads were stopped: 0.0001872 seconds, Stopping threads took: 0.0000153 seconds
[15.085s][info ][safepoint    ] Application time: 0.1390751 seconds
[15.085s][info ][safepoint    ] Entering safepoint region: ICBufferFull
[15.085s][info ][safepoint    ] Leaving safepoint region
[15.085s][info ][safepoint    ] Total time for which application threads were stopped: 0.0002337 seconds, Stopping threads took: 0.0000199 seconds
[15.397s][info ][safepoint    ] Application time: 0.3119105 seconds
[15.397s][info ][safepoint    ] Entering safepoint region: ICBufferFull
[15.397s][info ][safepoint    ] Leaving safepoint region
[15.397s][info ][safepoint    ] Total time for which application threads were stopped: 0.0002299 seconds, Stopping threads took: 0.0000695 seconds
[15.644s][info ][safepoint    ] Application time: 0.2468720 seconds
[15.644s][info ][safepoint    ] Entering safepoint region: ICBufferFull
[15.645s][info ][safepoint    ] Leaving safepoint region
[15.645s][info ][safepoint    ] Total time for which application threads were stopped: 0.0001988 seconds, Stopping threads took: 0.0000431 seconds
[15.747s][info ][gc           ] GC(99) Concurrent Abortable Preclean 1521.866ms
[15.747s][info ][gc,cpu       ] GC(99) User=3.57s Sys=0.22s Real=1.52s
[15.747s][info ][safepoint    ] Application time: 0.1023901 seconds
[15.747s][info ][safepoint    ] Entering safepoint region: CMS_Final_Remark
[15.747s][info ][gc,start     ] GC(99) Pause Remark
[15.771s][debug][gc,phases    ] GC(99) Rescan (parallel) 24.211ms
[15.771s][debug][gc,ref       ] GC(99) Skipped phase1 of Reference Processing due to unavailable references
[15.771s][debug][gc,ref       ] GC(99) Skipped phase2 of Reference Processing due to unavailable references
[15.771s][debug][gc,ref       ] GC(99) Skipped phase3 of Reference Processing due to unavailable references
[15.771s][debug][gc,ref       ] GC(99) Skipped phase4 of Reference Processing due to unavailable references
[15.771s][debug][gc,phases    ] GC(99) Reference Processing 0.031ms
[15.772s][debug][gc,phases    ] GC(99) Weak Processing 0.094ms
[15.772s][debug][gc,phases    ] GC(99) ClassLoaderData 0.877ms
[15.772s][debug][gc,phases    ] GC(99) Dictionary 0.019ms
[15.772s][debug][gc,phases    ] GC(99) ProtectionDomainCacheTable 0.003ms
[15.773s][debug][gc,phases    ] GC(99) ResolvedMethodTable 0.119ms
[15.794s][debug][gc,phases    ] GC(99) Class Unloading 21.955ms
[15.798s][debug][gc,phases    ] GC(99) Scrub Symbol Table 4.074ms
[15.798s][debug][gc,phases    ] GC(99) Scrub String Table 0.342ms
[15.799s][info ][gc           ] GC(99) Pause Remark 313M->313M(852M) 51.475ms
[15.799s][info ][gc,cpu       ] GC(99) User=0.13s Sys=0.00s Real=0.05s
[15.799s][info ][safepoint    ] Leaving safepoint region
[15.799s][info ][safepoint    ] Total time for which application threads were stopped: 0.0517187 seconds, Stopping threads took: 0.0000934 seconds
[15.799s][info ][gc           ] GC(99) Concurrent Sweep
[15.819s][info ][safepoint    ] Application time: 0.0200634 seconds
[15.819s][info ][safepoint    ] Entering safepoint region: ICBufferFull
[15.819s][info ][safepoint    ] Leaving safepoint region
[15.819s][info ][safepoint    ] Total time for which application threads were stopped: 0.0002293 seconds, Stopping threads took: 0.0000163 seconds
[15.848s][info ][safepoint    ] Application time: 0.0288214 seconds
[15.848s][info ][safepoint    ] Entering safepoint region: ICBufferFull
[15.848s][info ][safepoint    ] Leaving safepoint region
[15.848s][info ][safepoint    ] Total time for which application threads were stopped: 0.0002161 seconds, Stopping threads took: 0.0000144 seconds
[15.878s][info ][gc           ] GC(99) Concurrent Sweep 79.292ms
[15.878s][info ][gc,cpu       ] GC(99) User=0.18s Sys=0.02s Real=0.08s
[15.878s][info ][gc           ] GC(99) Concurrent Reset
[15.887s][info ][gc           ] GC(99) Concurrent Reset 8.724ms
[15.887s][info ][gc,cpu       ] GC(99) User=0.03s Sys=0.00s Real=0.01s
[15.887s][info ][gc,heap      ] GC(99) Old: 162699K->151493K(602112K)
[16.055s][info ][safepoint    ] Application time: 0.2073777 seconds
[16.055s][info ][safepoint    ] Entering safepoint region: ICBufferFull
[16.056s][info ][safepoint    ] Leaving safepoint region
[16.056s][info ][safepoint    ] Total time for which application threads were stopped: 0.0002728 seconds, Stopping threads took: 0.0000216 seconds
[16.386s][info ][safepoint    ] Application time: 0.3300260 seconds
[16.386s][info ][safepoint    ] Entering safepoint region: ICBufferFull
[16.386s][info ][safepoint    ] Leaving safepoint region
[16.386s][info ][safepoint    ] Total time for which application threads were stopped: 0.0002857 seconds, Stopping threads took: 0.0000190 seconds
[16.593s][info ][safepoint    ] Application time: 0.2066409 seconds
[16.593s][info ][safepoint    ] Entering safepoint region: Deoptimize
[16.594s][info ][safepoint    ] Leaving safepoint region
[16.594s][info ][safepoint    ] Total time for which application threads were stopped: 0.0012045 seconds, Stopping threads took: 0.0000123 seconds
[17.137s][info ][safepoint    ] Application time: 0.5428312 seconds
[17.137s][info ][safepoint    ] Entering safepoint region: ICBufferFull
[17.137s][info ][safepoint    ] Leaving safepoint region
[17.137s][info ][safepoint    ] Total time for which application threads were stopped: 0.0002377 seconds, Stopping threads took: 0.0000147 seconds
[18.040s][info ][safepoint    ] Application time: 0.9032477 seconds
[18.040s][info ][safepoint    ] Entering safepoint region: GenCollectForAllocation
[18.041s][info ][gc,start     ] GC(100) Pause Young (Allocation Failure)
[18.041s][info ][gc,task      ] GC(100) Using 4 workers of 4 for evacuation
[18.065s][debug][gc,ref       ] GC(100) Skipped phase1 of Reference Processing due to unavailable references
[18.065s][debug][gc,ref       ] GC(100) Skipped phase3 of Reference Processing due to unavailable references
[18.066s][debug][gc,age       ] GC(100) Desired survivor size 15400960 bytes, new threshold 6 (max threshold 6)
[18.066s][info ][gc,heap      ] GC(100) ParNew: 270976K->23351K(270976K)
[18.066s][info ][gc,heap      ] GC(100) CMS: 151493K->178589K(602112K)
[18.066s][info ][gc,metaspace ] GC(100) Metaspace: 45832K->45832K(1091584K)
[18.066s][info ][gc           ] GC(100) Pause Young (Allocation Failure) 412M->197M(852M) 24.998ms
[18.066s][info ][gc,cpu       ] GC(100) User=0.07s Sys=0.02s Real=0.03s
[18.066s][info ][safepoint    ] Leaving safepoint region
[18.066s][info ][safepoint    ] Total time for which application threads were stopped: 0.0253914 seconds, Stopping threads took: 0.0000151 seconds
[19.041s][info ][safepoint    ] Application time: 0.9755295 seconds
[19.041s][info ][safepoint    ] Entering safepoint region: ICBufferFull
[19.042s][info ][safepoint    ] Leaving safepoint region
[19.042s][info ][safepoint    ] Total time for which application threads were stopped: 0.0002438 seconds, Stopping threads took: 0.0000586 seconds
[20.042s][info ][safepoint    ] Application time: 1.0000945 seconds
[20.042s][info ][safepoint    ] Entering safepoint region: Cleanup
[20.042s][info ][safepoint    ] Leaving safepoint region
[20.042s][info ][safepoint    ] Total time for which application threads were stopped: 0.0001807 seconds, Stopping threads took: 0.0000369 seconds
[21.042s][info ][safepoint    ] Application time: 1.0000871 seconds
[21.042s][info ][safepoint    ] Entering safepoint region: Cleanup
[21.042s][info ][safepoint    ] Leaving safepoint region
[21.042s][info ][safepoint    ] Total time for which application threads were stopped: 0.0001247 seconds, Stopping threads took: 0.0000145 seconds
[22.042s][info ][safepoint    ] Application time: 1.0000935 seconds
[22.042s][info ][safepoint    ] Entering safepoint region: Cleanup
[22.043s][info ][safepoint    ] Leaving safepoint region
[22.043s][info ][safepoint    ] Total time for which application threads were stopped: 0.0004750 seconds, Stopping threads took: 0.0000383 seconds
[22.208s][info ][safepoint    ] Application time: 0.1656660 seconds
[22.208s][info ][safepoint    ] Entering safepoint region: RevokeBias
[22.209s][info ][safepoint    ] Leaving safepoint region
[22.209s][info ][safepoint    ] Total time for which application threads were stopped: 0.0001213 seconds, Stopping threads took: 0.0000282 seconds
[22.215s][info ][safepoint    ] Application time: 0.0067564 seconds
[22.215s][info ][safepoint    ] Entering safepoint region: RevokeBias
[22.216s][info ][safepoint    ] Leaving safepoint region
[22.216s][info ][safepoint    ] Total time for which application threads were stopped: 0.0001334 seconds, Stopping threads took: 0.0000233 seconds
[22.216s][info ][safepoint    ] Application time: 0.0007641 seconds
[22.216s][info ][safepoint    ] Entering safepoint region: RevokeBias
[22.216s][info ][safepoint    ] Leaving safepoint region
[22.216s][info ][safepoint    ] Total time for which application threads were stopped: 0.0000815 seconds, Stopping threads took: 0.0000139 seconds
[22.258s][info ][safepoint    ] Application time: 0.0410991 seconds
[22.258s][info ][safepoint    ] Entering safepoint region: Deoptimize
[22.259s][info ][safepoint    ] Leaving safepoint region
[22.259s][info ][safepoint    ] Total time for which application threads were stopped: 0.0011623 seconds, Stopping threads took: 0.0000183 seconds
[22.301s][info ][safepoint    ] Application time: 0.0426721 seconds
[22.301s][info ][safepoint    ] Entering safepoint region: RevokeBias
[22.302s][info ][safepoint    ] Leaving safepoint region
[22.302s][info ][safepoint    ] Total time for which application threads were stopped: 0.0000907 seconds, Stopping threads took: 0.0000144 seconds
[22.321s][info ][safepoint    ] Application time: 0.0199470 seconds
[22.322s][info ][safepoint    ] Entering safepoint region: RevokeBias
[22.322s][info ][safepoint    ] Leaving safepoint region
[22.322s][info ][safepoint    ] Total time for which application threads were stopped: 0.0001184 seconds, Stopping threads took: 0.0000192 seconds
[23.089s][info ][safepoint    ] Application time: 0.7675798 seconds
[23.089s][info ][safepoint    ] Entering safepoint region: GenCollectForAllocation
[23.089s][info ][gc,start     ] GC(101) Pause Young (Allocation Failure)
[23.089s][info ][gc,task      ] GC(101) Using 4 workers of 4 for evacuation
[23.093s][debug][gc,ref       ] GC(101) Skipped phase1 of Reference Processing due to unavailable references
[23.093s][debug][gc,ref       ] GC(101) Skipped phase3 of Reference Processing due to unavailable references
[23.093s][debug][gc,age       ] GC(101) Desired survivor size 15400960 bytes, new threshold 6 (max threshold 6)
[23.093s][info ][gc,heap      ] GC(101) ParNew: 264247K->5981K(270976K)
[23.093s][info ][gc,heap      ] GC(101) CMS: 178589K->178589K(602112K)
[23.093s][info ][gc,metaspace ] GC(101) Metaspace: 47447K->47447K(1091584K)
[23.093s][info ][gc           ] GC(101) Pause Young (Allocation Failure) 432M->180M(852M) 3.385ms
[23.093s][info ][gc,cpu       ] GC(101) User=0.02s Sys=0.00s Real=0.01s
[23.093s][info ][safepoint    ] Leaving safepoint region
[23.093s][info ][safepoint    ] Total time for which application threads were stopped: 0.0035762 seconds, Stopping threads took: 0.0000298 seconds
[23.164s][info ][safepoint    ] Application time: 0.0715750 seconds
[23.164s][info ][safepoint    ] Entering safepoint region: RevokeBias
[23.165s][info ][safepoint    ] Leaving safepoint region
[23.165s][info ][safepoint    ] Total time for which application threads were stopped: 0.0001864 seconds, Stopping threads took: 0.0000336 seconds
[23.168s][info ][safepoint    ] Application time: 0.0033233 seconds
[23.168s][info ][safepoint    ] Entering safepoint region: RevokeBias
[23.168s][info ][safepoint    ] Leaving safepoint region
[23.168s][info ][safepoint    ] Total time for which application threads were stopped: 0.0001109 seconds, Stopping threads took: 0.0000127 seconds
[23.190s][info ][safepoint    ] Application time: 0.0217910 seconds
[23.190s][info ][safepoint    ] Entering safepoint region: Deoptimize
[23.191s][info ][safepoint    ] Leaving safepoint region
[23.191s][info ][safepoint    ] Total time for which application threads were stopped: 0.0011811 seconds, Stopping threads took: 0.0000352 seconds
[23.192s][info ][safepoint    ] Application time: 0.0008083 seconds
[23.192s][info ][safepoint    ] Entering safepoint region: RevokeBias
[23.192s][info ][safepoint    ] Leaving safepoint region
[23.192s][info ][safepoint    ] Total time for which application threads were stopped: 0.0000954 seconds, Stopping threads took: 0.0000556 seconds
[23.192s][info ][safepoint    ] Application time: 0.0000613 seconds
[23.192s][info ][safepoint    ] Entering safepoint region: RevokeBias
[23.192s][info ][safepoint    ] Leaving safepoint region
[23.192s][info ][safepoint    ] Total time for which application threads were stopped: 0.0000846 seconds, Stopping threads took: 0.0000526 seconds
[23.192s][info ][safepoint    ] Application time: 0.0000847 seconds
[23.192s][info ][safepoint    ] Entering safepoint region: RevokeBias
[23.192s][info ][safepoint    ] Leaving safepoint region
[23.192s][info ][safepoint    ] Total time for which application threads were stopped: 0.0000701 seconds, Stopping threads took: 0.0000423 seconds
[23.192s][info ][safepoint    ] Application time: 0.0000468 seconds
[23.192s][info ][safepoint    ] Entering safepoint region: RevokeBias
[23.192s][info ][safepoint    ] Leaving safepoint region
[23.192s][info ][safepoint    ] Total time for which application threads were stopped: 0.0000656 seconds, Stopping threads took: 0.0000357 seconds
[23.198s][info ][safepoint    ] Application time: 0.0057495 seconds
[23.198s][info ][safepoint    ] Entering safepoint region: RevokeBias
[23.198s][info ][safepoint    ] Leaving safepoint region
[23.198s][info ][safepoint    ] Total time for which application threads were stopped: 0.0000691 seconds, Stopping threads took: 0.0000181 seconds
[23.204s][info ][safepoint    ] Application time: 0.0055346 seconds
[23.204s][info ][safepoint    ] Entering safepoint region: RevokeBias
[23.204s][info ][safepoint    ] Leaving safepoint region
[23.204s][info ][safepoint    ] Total time for which application threads were stopped: 0.0000641 seconds, Stopping threads took: 0.0000114 seconds
[23.225s][info ][safepoint    ] Application time: 0.0210628 seconds
[23.225s][info ][safepoint    ] Entering safepoint region: RevokeBias
[23.225s][info ][safepoint    ] Leaving safepoint region
[23.225s][info ][safepoint    ] Total time for which application threads were stopped: 0.0000941 seconds, Stopping threads took: 0.0000157 seconds
[23.225s][info ][safepoint    ] Application time: 0.0001133 seconds
[23.225s][info ][safepoint    ] Entering safepoint region: RevokeBias
[23.225s][info ][safepoint    ] Leaving safepoint region
[23.225s][info ][safepoint    ] Total time for which application threads were stopped: 0.0000472 seconds, Stopping threads took: 0.0000112 seconds
[23.269s][info ][safepoint    ] Application time: 0.0440289 seconds
[23.269s][info ][safepoint    ] Entering safepoint region: Deoptimize
[23.271s][info ][safepoint    ] Leaving safepoint region
[23.271s][info ][safepoint    ] Total time for which application threads were stopped: 0.0012607 seconds, Stopping threads took: 0.0000147 seconds
[23.297s][info ][safepoint    ] Application time: 0.0268182 seconds
[23.298s][info ][safepoint    ] Entering safepoint region: RevokeBias
[23.298s][info ][safepoint    ] Leaving safepoint region
[23.298s][info ][safepoint    ] Total time for which application threads were stopped: 0.0001407 seconds, Stopping threads took: 0.0000385 seconds
[23.304s][info ][safepoint    ] Application time: 0.0067479 seconds
[23.304s][info ][safepoint    ] Entering safepoint region: Deoptimize
[23.306s][info ][safepoint    ] Leaving safepoint region
[23.306s][info ][safepoint    ] Total time for which application threads were stopped: 0.0011873 seconds, Stopping threads took: 0.0000153 seconds
[23.407s][info ][safepoint    ] Application time: 0.1008997 seconds
[23.407s][info ][safepoint    ] Entering safepoint region: RevokeBias
[23.407s][info ][safepoint    ] Leaving safepoint region
[23.407s][info ][safepoint    ] Total time for which application threads were stopped: 0.0002291 seconds, Stopping threads took: 0.0000902 seconds
[23.431s][info ][safepoint    ] Application time: 0.0241651 seconds
[23.431s][info ][safepoint    ] Entering safepoint region: Deoptimize
[23.432s][info ][safepoint    ] Leaving safepoint region
[23.432s][info ][safepoint    ] Total time for which application threads were stopped: 0.0013052 seconds, Stopping threads took: 0.0000168 seconds
[23.433s][info ][safepoint    ] Application time: 0.0003721 seconds
[23.433s][info ][safepoint    ] Entering safepoint region: Deoptimize
[23.433s][info ][safepoint    ] Leaving safepoint region
[23.433s][info ][safepoint    ] Total time for which application threads were stopped: 0.0005252 seconds, Stopping threads took: 0.0000098 seconds
[23.434s][info ][safepoint    ] Application time: 0.0011015 seconds
[23.434s][info ][safepoint    ] Entering safepoint region: RevokeBias
[23.434s][info ][safepoint    ] Leaving safepoint region
[23.434s][info ][safepoint    ] Total time for which application threads were stopped: 0.0001369 seconds, Stopping threads took: 0.0000837 seconds
[23.435s][info ][safepoint    ] Application time: 0.0004600 seconds
[23.435s][info ][safepoint    ] Entering safepoint region: Deoptimize
[23.436s][info ][safepoint    ] Leaving safepoint region
[23.436s][info ][safepoint    ] Total time for which application threads were stopped: 0.0007567 seconds, Stopping threads took: 0.0000354 seconds
[23.439s][info ][safepoint    ] Application time: 0.0036595 seconds
[23.439s][info ][safepoint    ] Entering safepoint region: RevokeBias
[23.439s][info ][safepoint    ] Leaving safepoint region
[23.439s][info ][safepoint    ] Total time for which application threads were stopped: 0.0001088 seconds, Stopping threads took: 0.0000303 seconds
[23.444s][info ][safepoint    ] Application time: 0.0042065 seconds
[23.444s][info ][safepoint    ] Entering safepoint region: RevokeBias
[23.444s][info ][safepoint    ] Leaving safepoint region
[23.444s][info ][safepoint    ] Total time for which application threads were stopped: 0.0000548 seconds, Stopping threads took: 0.0000105 seconds
[23.451s][info ][safepoint    ] Application time: 0.0069081 seconds
[23.451s][info ][safepoint    ] Entering safepoint region: Deoptimize
[23.452s][info ][safepoint    ] Leaving safepoint region
[23.452s][info ][safepoint    ] Total time for which application threads were stopped: 0.0012023 seconds, Stopping threads took: 0.0000125 seconds
[23.704s][info ][safepoint    ] Application time: 0.2524740 seconds
[23.704s][info ][safepoint    ] Entering safepoint region: RevokeBias
[23.705s][info ][safepoint    ] Leaving safepoint region
[23.705s][info ][safepoint    ] Total time for which application threads were stopped: 0.0002515 seconds, Stopping threads took: 0.0000729 seconds
[23.705s][info ][safepoint    ] Application time: 0.0003852 seconds
[23.705s][info ][safepoint    ] Entering safepoint region: RevokeBias
[23.705s][info ][safepoint    ] Leaving safepoint region
[23.705s][info ][safepoint    ] Total time for which application threads were stopped: 0.0001327 seconds, Stopping threads took: 0.0000657 seconds
[23.783s][info ][safepoint    ] Application time: 0.0781401 seconds
[23.783s][info ][safepoint    ] Entering safepoint region: RevokeBias
[23.784s][info ][safepoint    ] Leaving safepoint region
[23.784s][info ][safepoint    ] Total time for which application threads were stopped: 0.0003318 seconds, Stopping threads took: 0.0000970 seconds
[23.864s][info ][safepoint    ] Application time: 0.0800931 seconds
[23.864s][info ][safepoint    ] Entering safepoint region: RevokeBias
[23.864s][info ][safepoint    ] Leaving safepoint region
[23.864s][info ][safepoint    ] Total time for which application threads were stopped: 0.0002361 seconds, Stopping threads took: 0.0000357 seconds
[23.953s][info ][safepoint    ] Application time: 0.0884991 seconds
[23.953s][info ][safepoint    ] Entering safepoint region: Deoptimize
[23.954s][info ][safepoint    ] Leaving safepoint region
[23.954s][info ][safepoint    ] Total time for which application threads were stopped: 0.0013725 seconds, Stopping threads took: 0.0000332 seconds
[24.004s][info ][safepoint    ] Application time: 0.0501340 seconds
[24.004s][info ][safepoint    ] Entering safepoint region: ICBufferFull
[24.005s][info ][safepoint    ] Leaving safepoint region
[24.005s][info ][safepoint    ] Total time for which application threads were stopped: 0.0003163 seconds, Stopping threads took: 0.0000881 seconds
[24.110s][info ][safepoint    ] Application time: 0.1054035 seconds
[24.110s][info ][safepoint    ] Entering safepoint region: Deoptimize
[24.111s][info ][safepoint    ] Leaving safepoint region
[24.111s][info ][safepoint    ] Total time for which application threads were stopped: 0.0014190 seconds, Stopping threads took: 0.0000697 seconds
[24.288s][info ][safepoint    ] Application time: 0.1764346 seconds
[24.288s][info ][safepoint    ] Entering safepoint region: ICBufferFull
[24.288s][info ][safepoint    ] Leaving safepoint region
[24.288s][info ][safepoint    ] Total time for which application threads were stopped: 0.0002101 seconds, Stopping threads took: 0.0000148 seconds
[24.587s][info ][safepoint    ] Application time: 0.2987093 seconds
[24.587s][info ][safepoint    ] Entering safepoint region: GenCollectForAllocation
[24.587s][info ][gc,start     ] GC(102) Pause Young (Allocation Failure)
[24.587s][info ][gc,task      ] GC(102) Using 4 workers of 4 for evacuation
[24.607s][debug][gc,ref       ] GC(102) Skipped phase1 of Reference Processing due to unavailable references
[24.608s][debug][gc,age       ] GC(102) Desired survivor size 15400960 bytes, new threshold 1 (max threshold 6)
[24.608s][info ][gc,heap      ] GC(102) ParNew: 246877K->30080K(270976K)
[24.608s][info ][gc,heap      ] GC(102) CMS: 178589K->184439K(602112K)
[24.608s][info ][gc,metaspace ] GC(102) Metaspace: 54545K->54545K(1097728K)
[24.608s][info ][gc           ] GC(102) Pause Young (Allocation Failure) 415M->209M(852M) 20.677ms
[24.608s][info ][gc,cpu       ] GC(102) User=0.07s Sys=0.00s Real=0.02s
[24.608s][info ][safepoint    ] Leaving safepoint region
[24.608s][info ][safepoint    ] Total time for which application threads were stopped: 0.0210393 seconds, Stopping threads took: 0.0001320 seconds
[25.120s][info ][safepoint    ] Application time: 0.5122525 seconds
[25.120s][info ][safepoint    ] Entering safepoint region: ICBufferFull
[25.120s][info ][safepoint    ] Leaving safepoint region
[25.120s][info ][safepoint    ] Total time for which application threads were stopped: 0.0002303 seconds, Stopping threads took: 0.0000153 seconds
[25.690s][info ][safepoint    ] Application time: 0.5699774 seconds
[25.690s][info ][safepoint    ] Entering safepoint region: ICBufferFull
[25.691s][info ][safepoint    ] Leaving safepoint region
[25.691s][info ][safepoint    ] Total time for which application threads were stopped: 0.0002126 seconds, Stopping threads took: 0.0000144 seconds
[25.843s][info ][safepoint    ] Application time: 0.1522917 seconds
[25.843s][info ][safepoint    ] Entering safepoint region: GenCollectForAllocation
[25.843s][info ][gc,start     ] GC(103) Pause Young (Allocation Failure)
[25.843s][info ][gc,task      ] GC(103) Using 4 workers of 4 for evacuation
[25.873s][debug][gc,ref       ] GC(103) Skipped phase1 of Reference Processing due to unavailable references
[25.873s][debug][gc,ref       ] GC(103) Skipped phase3 of Reference Processing due to unavailable references
[25.873s][debug][gc,age       ] GC(103) Desired survivor size 15400960 bytes, new threshold 6 (max threshold 6)
[25.873s][info ][gc,heap      ] GC(103) ParNew: 270976K->20590K(270976K)
[25.873s][info ][gc,heap      ] GC(103) CMS: 184439K->212314K(602112K)
[25.873s][info ][gc,metaspace ] GC(103) Metaspace: 54788K->54788K(1099776K)
[25.873s][info ][gc           ] GC(103) Pause Young (Allocation Failure) 444M->227M(852M) 30.410ms
[25.874s][info ][gc,cpu       ] GC(103) User=0.09s Sys=0.01s Real=0.03s
[25.874s][info ][safepoint    ] Leaving safepoint region
[25.874s][info ][safepoint    ] Total time for which application threads were stopped: 0.0306141 seconds, Stopping threads took: 0.0000154 seconds
[26.113s][info ][safepoint    ] Application time: 0.2391979 seconds
[26.113s][info ][safepoint    ] Entering safepoint region: Deoptimize
[26.114s][info ][safepoint    ] Leaving safepoint region
[26.114s][info ][safepoint    ] Total time for which application threads were stopped: 0.0015033 seconds, Stopping threads took: 0.0000153 seconds
[27.047s][info ][safepoint    ] Application time: 0.9324453 seconds
[27.047s][info ][safepoint    ] Entering safepoint region: ICBufferFull
[27.047s][info ][safepoint    ] Leaving safepoint region
[27.047s][info ][safepoint    ] Total time for which application threads were stopped: 0.0003271 seconds, Stopping threads took: 0.0000884 seconds
[27.411s][info ][safepoint    ] Application time: 0.3634872 seconds
[27.411s][info ][safepoint    ] Entering safepoint region: GenCollectForAllocation
[27.411s][info ][gc,start     ] GC(104) Pause Young (Allocation Failure)
[27.411s][info ][gc,task      ] GC(104) Using 4 workers of 4 for evacuation
[27.423s][debug][gc,ref       ] GC(104) Skipped phase1 of Reference Processing due to unavailable references
[27.423s][debug][gc,ref       ] GC(104) Skipped phase3 of Reference Processing due to unavailable references
[27.423s][debug][gc,age       ] GC(104) Desired survivor size 15400960 bytes, new threshold 2 (max threshold 6)
[27.423s][info ][gc,heap      ] GC(104) ParNew: 261486K->22848K(270976K)
[27.423s][info ][gc,heap      ] GC(104) CMS: 212314K->212314K(602112K)
[27.423s][info ][gc,metaspace ] GC(104) Metaspace: 55051K->55051K(1099776K)
[27.423s][info ][gc           ] GC(104) Pause Young (Allocation Failure) 462M->229M(852M) 12.260ms
[27.423s][info ][gc,cpu       ] GC(104) User=0.05s Sys=0.00s Real=0.01s
[27.423s][info ][safepoint    ] Leaving safepoint region
[27.423s][info ][safepoint    ] Total time for which application threads were stopped: 0.0125211 seconds, Stopping threads took: 0.0000220 seconds
[28.389s][info ][safepoint    ] Application time: 0.9655747 seconds
[28.389s][info ][safepoint    ] Entering safepoint region: ICBufferFull
[28.389s][info ][safepoint    ] Leaving safepoint region
[28.389s][info ][safepoint    ] Total time for which application threads were stopped: 0.0002661 seconds, Stopping threads took: 0.0000674 seconds
[28.435s][info ][safepoint    ] Application time: 0.0458490 seconds
[28.435s][info ][safepoint    ] Entering safepoint region: RevokeBias
[28.435s][info ][safepoint    ] Leaving safepoint region
[28.435s][info ][safepoint    ] Total time for which application threads were stopped: 0.0001051 seconds, Stopping threads took: 0.0000384 seconds
[28.435s][info ][safepoint    ] Application time: 0.0001282 seconds
[28.435s][info ][safepoint    ] Entering safepoint region: RevokeBias
[28.435s][info ][safepoint    ] Leaving safepoint region
[28.435s][info ][safepoint    ] Total time for which application threads were stopped: 0.0000626 seconds, Stopping threads took: 0.0000381 seconds
[29.159s][info ][safepoint    ] Application time: 0.7235928 seconds
[29.159s][info ][safepoint    ] Entering safepoint region: ICBufferFull
[29.159s][info ][safepoint    ] Leaving safepoint region
[29.159s][info ][safepoint    ] Total time for which application threads were stopped: 0.0002129 seconds, Stopping threads took: 0.0000295 seconds
[29.387s][info ][safepoint    ] Application time: 0.2278884 seconds
[29.387s][info ][safepoint    ] Entering safepoint region: GenCollectForAllocation
[29.387s][info ][gc,start     ] GC(105) Pause Young (Allocation Failure)
[29.387s][info ][gc,task      ] GC(105) Using 4 workers of 4 for evacuation
[29.399s][debug][gc,ref       ] GC(105) Skipped phase1 of Reference Processing due to unavailable references
[29.399s][debug][gc,ref       ] GC(105) Skipped phase3 of Reference Processing due to unavailable references
[29.399s][debug][gc,ref       ] GC(105) Skipped phase4 of Reference Processing due to unavailable references
[29.399s][debug][gc,age       ] GC(105) Desired survivor size 15400960 bytes, new threshold 6 (max threshold 6)
[29.399s][info ][gc,heap      ] GC(105) ParNew: 263744K->16276K(270976K)
[29.399s][info ][gc,heap      ] GC(105) CMS: 212314K->221463K(602112K)
[29.399s][info ][gc,metaspace ] GC(105) Metaspace: 55119K->55119K(1099776K)
[29.399s][info ][gc           ] GC(105) Pause Young (Allocation Failure) 464M->232M(852M) 11.761ms
[29.399s][info ][gc,cpu       ] GC(105) User=0.04s Sys=0.00s Real=0.01s
[29.399s][info ][safepoint    ] Leaving safepoint region
[29.399s][info ][safepoint    ] Total time for which application threads were stopped: 0.0119459 seconds, Stopping threads took: 0.0000156 seconds
[30.144s][info ][safepoint    ] Application time: 0.7448059 seconds
[30.144s][info ][safepoint    ] Entering safepoint region: ICBufferFull
[30.144s][info ][safepoint    ] Leaving safepoint region
[30.144s][info ][safepoint    ] Total time for which application threads were stopped: 0.0001798 seconds, Stopping threads took: 0.0000146 seconds
[30.560s][info ][safepoint    ] Application time: 0.4157866 seconds
[30.560s][info ][safepoint    ] Entering safepoint region: ICBufferFull
[30.560s][info ][safepoint    ] Leaving safepoint region
[30.560s][info ][safepoint    ] Total time for which application threads were stopped: 0.0002367 seconds, Stopping threads took: 0.0000416 seconds
[31.088s][info ][safepoint    ] Application time: 0.5282532 seconds
[31.088s][info ][safepoint    ] Entering safepoint region: ICBufferFull
[31.089s][info ][safepoint    ] Leaving safepoint region
[31.089s][info ][safepoint    ] Total time for which application threads were stopped: 0.0002305 seconds, Stopping threads took: 0.0000175 seconds
[31.454s][info ][safepoint    ] Application time: 0.3653467 seconds
[31.454s][info ][safepoint    ] Entering safepoint region: GenCollectForAllocation
[31.454s][info ][gc,start     ] GC(106) Pause Young (Allocation Failure)
[31.454s][info ][gc,task      ] GC(106) Using 4 workers of 4 for evacuation
[31.460s][debug][gc,ref       ] GC(106) Skipped phase1 of Reference Processing due to unavailable references
[31.460s][debug][gc,ref       ] GC(106) Skipped phase3 of Reference Processing due to unavailable references
[31.460s][debug][gc,age       ] GC(106) Desired survivor size 15400960 bytes, new threshold 6 (max threshold 6)
[31.460s][info ][gc,heap      ] GC(106) ParNew: 257172K->14653K(270976K)
[31.460s][info ][gc,heap      ] GC(106) CMS: 221463K->221463K(602112K)
[31.460s][info ][gc,metaspace ] GC(106) Metaspace: 55238K->55238K(1099776K)
[31.460s][info ][gc           ] GC(106) Pause Young (Allocation Failure) 467M->230M(852M) 5.864ms
[31.460s][info ][gc,cpu       ] GC(106) User=0.02s Sys=0.00s Real=0.00s
[31.460s][info ][safepoint    ] Leaving safepoint region
[31.460s][info ][safepoint    ] Total time for which application threads were stopped: 0.0060921 seconds, Stopping threads took: 0.0000154 seconds
[32.460s][info ][safepoint    ] Application time: 1.0000838 seconds
[32.460s][info ][safepoint    ] Entering safepoint region: Cleanup
[32.460s][info ][safepoint    ] Leaving safepoint region
[32.460s][info ][safepoint    ] Total time for which application threads were stopped: 0.0001581 seconds, Stopping threads took: 0.0000394 seconds
[33.306s][info ][safepoint    ] Application time: 0.8453339 seconds
[33.306s][info ][safepoint    ] Entering safepoint region: ICBufferFull
[33.306s][info ][safepoint    ] Leaving safepoint region
[33.306s][info ][safepoint    ] Total time for which application threads were stopped: 0.0004580 seconds, Stopping threads took: 0.0001328 seconds
[33.436s][info ][safepoint    ] Application time: 0.1293401 seconds
[33.436s][info ][safepoint    ] Entering safepoint region: RevokeBias
[33.436s][info ][safepoint    ] Leaving safepoint region
[33.436s][info ][safepoint    ] Total time for which application threads were stopped: 0.0001631 seconds, Stopping threads took: 0.0000386 seconds
[33.437s][info ][safepoint    ] Application time: 0.0009752 seconds
[33.437s][info ][safepoint    ] Entering safepoint region: RevokeBias
[33.437s][info ][safepoint    ] Leaving safepoint region
[33.437s][info ][safepoint    ] Total time for which application threads were stopped: 0.0001088 seconds, Stopping threads took: 0.0000270 seconds
[33.437s][info ][safepoint    ] Application time: 0.0000693 seconds
[33.437s][info ][safepoint    ] Entering safepoint region: RevokeBias
[33.437s][info ][safepoint    ] Leaving safepoint region
[33.437s][info ][safepoint    ] Total time for which application threads were stopped: 0.0001973 seconds, Stopping threads took: 0.0001136 seconds
[33.437s][info ][safepoint    ] Application time: 0.0001141 seconds
[33.437s][info ][safepoint    ] Entering safepoint region: RevokeBias
[33.437s][info ][safepoint    ] Leaving safepoint region
[33.437s][info ][safepoint    ] Total time for which application threads were stopped: 0.0000681 seconds, Stopping threads took: 0.0000326 seconds
[33.438s][info ][safepoint    ] Application time: 0.0001678 seconds
[33.438s][info ][safepoint    ] Entering safepoint region: RevokeBias
[33.438s][info ][safepoint    ] Leaving safepoint region
[33.438s][info ][safepoint    ] Total time for which application threads were stopped: 0.0000659 seconds, Stopping threads took: 0.0000299 seconds
[33.502s][info ][safepoint    ] Application time: 0.0644250 seconds
[33.502s][info ][safepoint    ] Entering safepoint region: GenCollectForAllocation
[33.502s][info ][gc,start     ] GC(107) Pause Young (Allocation Failure)
[33.502s][info ][gc,task      ] GC(107) Using 4 workers of 4 for evacuation
[33.523s][debug][gc,ref       ] GC(107) Skipped phase1 of Reference Processing due to unavailable references
[33.523s][debug][gc,ref       ] GC(107) Skipped phase3 of Reference Processing due to unavailable references
[33.524s][debug][gc,age       ] GC(107) Desired survivor size 15400960 bytes, new threshold 6 (max threshold 6)
[33.524s][info ][gc,heap      ] GC(107) ParNew: 255549K->14902K(270976K)
[33.524s][info ][gc,heap      ] GC(107) CMS: 221463K->221463K(602112K)
[33.524s][info ][gc,metaspace ] GC(107) Metaspace: 55378K->55378K(1099776K)
[33.524s][info ][gc           ] GC(107) Pause Young (Allocation Failure) 465M->230M(852M) 21.401ms
[33.524s][info ][gc,cpu       ] GC(107) User=0.06s Sys=0.00s Real=0.03s
[33.524s][info ][safepoint    ] Leaving safepoint region
[33.524s][info ][safepoint    ] Total time for which application threads were stopped: 0.0215857 seconds, Stopping threads took: 0.0000180 seconds
[34.524s][info ][safepoint    ] Application time: 1.0002546 seconds
[34.524s][info ][safepoint    ] Entering safepoint region: Cleanup
[34.524s][info ][safepoint    ] Leaving safepoint region
[34.524s][info ][safepoint    ] Total time for which application threads were stopped: 0.0002219 seconds, Stopping threads took: 0.0000452 seconds
[35.524s][info ][safepoint    ] Application time: 1.0000922 seconds
[35.524s][info ][safepoint    ] Entering safepoint region: Cleanup
[35.524s][info ][safepoint    ] Leaving safepoint region
[35.524s][info ][safepoint    ] Total time for which application threads were stopped: 0.0001642 seconds, Stopping threads took: 0.0000199 seconds
[35.738s][info ][safepoint    ] Application time: 0.2131887 seconds
[35.738s][info ][safepoint    ] Entering safepoint region: GenCollectForAllocation
[35.738s][info ][gc,start     ] GC(108) Pause Young (Allocation Failure)
[35.738s][info ][gc,task      ] GC(108) Using 4 workers of 4 for evacuation
[35.744s][debug][gc,ref       ] GC(108) Skipped phase1 of Reference Processing due to unavailable references
[35.744s][debug][gc,ref       ] GC(108) Skipped phase3 of Reference Processing due to unavailable references
[35.744s][debug][gc,age       ] GC(108) Desired survivor size 15400960 bytes, new threshold 6 (max threshold 6)
[35.744s][info ][gc,heap      ] GC(108) ParNew: 255798K->14366K(270976K)
[35.744s][info ][gc,heap      ] GC(108) CMS: 221463K->221463K(602112K)
[35.744s][info ][gc,metaspace ] GC(108) Metaspace: 55443K->55443K(1099776K)
[35.744s][info ][gc           ] GC(108) Pause Young (Allocation Failure) 466M->230M(852M) 6.307ms
[35.744s][info ][gc,cpu       ] GC(108) User=0.02s Sys=0.00s Real=0.01s
[35.744s][info ][safepoint    ] Leaving safepoint region
[35.744s][info ][safepoint    ] Total time for which application threads were stopped: 0.0064753 seconds, Stopping threads took: 0.0000298 seconds
[36.744s][info ][safepoint    ] Application time: 1.0000722 seconds
[36.744s][info ][safepoint    ] Entering safepoint region: Cleanup
[36.745s][info ][safepoint    ] Leaving safepoint region
[36.745s][info ][safepoint    ] Total time for which application threads were stopped: 0.0002958 seconds, Stopping threads took: 0.0000484 seconds
[37.745s][info ][safepoint    ] Application time: 1.0000941 seconds
[37.745s][info ][safepoint    ] Entering safepoint region: Cleanup
[37.745s][info ][safepoint    ] Leaving safepoint region
[37.745s][info ][safepoint    ] Total time for which application threads were stopped: 0.0001836 seconds, Stopping threads took: 0.0000751 seconds
[37.997s][info ][safepoint    ] Application time: 0.2518009 seconds
[37.997s][info ][safepoint    ] Entering safepoint region: GenCollectForAllocation
[37.997s][info ][gc,start     ] GC(109) Pause Young (Allocation Failure)
[37.997s][info ][gc,task      ] GC(109) Using 4 workers of 4 for evacuation
[38.003s][debug][gc,ref       ] GC(109) Skipped phase1 of Reference Processing due to unavailable references
[38.003s][debug][gc,ref       ] GC(109) Skipped phase3 of Reference Processing due to unavailable references
[38.003s][debug][gc,ref       ] GC(109) Skipped phase4 of Reference Processing due to unavailable references
[38.003s][debug][gc,age       ] GC(109) Desired survivor size 15400960 bytes, new threshold 6 (max threshold 6)
[38.003s][info ][gc,heap      ] GC(109) ParNew: 255262K->12415K(270976K)
[38.003s][info ][gc,heap      ] GC(109) CMS: 221463K->221463K(602112K)
[38.003s][info ][gc,metaspace ] GC(109) Metaspace: 55486K->55486K(1099776K)
[38.003s][info ][gc           ] GC(109) Pause Young (Allocation Failure) 465M->228M(852M) 5.936ms
[38.003s][info ][gc,cpu       ] GC(109) User=0.02s Sys=0.01s Real=0.01s
[38.003s][info ][safepoint    ] Leaving safepoint region
[38.003s][info ][safepoint    ] Total time for which application threads were stopped: 0.0061374 seconds, Stopping threads took: 0.0000166 seconds
[39.003s][info ][safepoint    ] Application time: 1.0001061 seconds
[39.004s][info ][safepoint    ] Entering safepoint region: Cleanup
[39.004s][info ][safepoint    ] Leaving safepoint region
[39.004s][info ][safepoint    ] Total time for which application threads were stopped: 0.0006268 seconds, Stopping threads took: 0.0005038 seconds
[39.989s][info ][safepoint    ] Application time: 0.9855360 seconds
[39.989s][info ][safepoint    ] Entering safepoint region: RevokeBias
[39.989s][info ][safepoint    ] Leaving safepoint region
[39.989s][info ][safepoint    ] Total time for which application threads were stopped: 0.0001575 seconds, Stopping threads took: 0.0000153 seconds
[40.236s][info ][safepoint    ] Application time: 0.2465762 seconds
[40.236s][info ][safepoint    ] Entering safepoint region: GenCollectForAllocation
[40.236s][info ][gc,start     ] GC(110) Pause Young (Allocation Failure)
[40.236s][info ][gc,task      ] GC(110) Using 4 workers of 4 for evacuation
[40.245s][debug][gc,ref       ] GC(110) Skipped phase1 of Reference Processing due to unavailable references
[40.245s][debug][gc,ref       ] GC(110) Skipped phase3 of Reference Processing due to unavailable references
[40.245s][debug][gc,age       ] GC(110) Desired survivor size 15400960 bytes, new threshold 6 (max threshold 6)
[40.245s][info ][gc,heap      ] GC(110) ParNew: 253311K->10046K(270976K)
[40.245s][info ][gc,heap      ] GC(110) CMS: 221463K->228198K(602112K)
[40.245s][info ][gc,metaspace ] GC(110) Metaspace: 55549K->55549K(1099776K)
[40.245s][info ][gc           ] GC(110) Pause Young (Allocation Failure) 463M->232M(852M) 9.189ms
[40.245s][info ][gc,cpu       ] GC(110) User=0.03s Sys=0.00s Real=0.01s
[40.245s][info ][safepoint    ] Leaving safepoint region
[40.245s][info ][safepoint    ] Total time for which application threads were stopped: 0.0093818 seconds, Stopping threads took: 0.0000358 seconds
[41.246s][info ][safepoint    ] Application time: 1.0001083 seconds
[41.246s][info ][safepoint    ] Entering safepoint region: Cleanup
[41.246s][info ][safepoint    ] Leaving safepoint region
[41.246s][info ][safepoint    ] Total time for which application threads were stopped: 0.0001785 seconds, Stopping threads took: 0.0000362 seconds
[42.051s][info ][safepoint    ] Application time: 0.8057453 seconds
[42.052s][info ][safepoint    ] Entering safepoint region: ICBufferFull
[42.052s][info ][safepoint    ] Leaving safepoint region
[42.052s][info ][safepoint    ] Total time for which application threads were stopped: 0.0002806 seconds, Stopping threads took: 0.0000147 seconds
[42.348s][info ][safepoint    ] Application time: 0.2960093 seconds
[42.348s][info ][safepoint    ] Entering safepoint region: GenCollectForAllocation
[42.348s][info ][gc,start     ] GC(111) Pause Young (Allocation Failure)
[42.348s][info ][gc,task      ] GC(111) Using 4 workers of 4 for evacuation
[42.351s][debug][gc,ref       ] GC(111) Skipped phase1 of Reference Processing due to unavailable references
[42.351s][debug][gc,ref       ] GC(111) Skipped phase3 of Reference Processing due to unavailable references
[42.351s][debug][gc,ref       ] GC(111) Skipped phase4 of Reference Processing due to unavailable references
[42.352s][debug][gc,age       ] GC(111) Desired survivor size 15400960 bytes, new threshold 6 (max threshold 6)
[42.352s][info ][gc,heap      ] GC(111) ParNew: 250942K->5972K(270976K)
[42.352s][info ][gc,heap      ] GC(111) CMS: 228198K->228481K(602112K)
[42.352s][info ][gc,metaspace ] GC(111) Metaspace: 55641K->55641K(1099776K)
[42.352s][info ][gc           ] GC(111) Pause Young (Allocation Failure) 467M->228M(852M) 3.661ms
[42.352s][info ][gc,cpu       ] GC(111) User=0.01s Sys=0.01s Real=0.01s
[42.352s][info ][safepoint    ] Leaving safepoint region
[42.352s][info ][safepoint    ] Total time for which application threads were stopped: 0.0038227 seconds, Stopping threads took: 0.0000160 seconds
[43.352s][info ][safepoint    ] Application time: 1.0000957 seconds
[43.352s][info ][safepoint    ] Entering safepoint region: Cleanup
[43.352s][info ][safepoint    ] Leaving safepoint region
[43.352s][info ][safepoint    ] Total time for which application threads were stopped: 0.0001370 seconds, Stopping threads took: 0.0000415 seconds
[44.352s][info ][safepoint    ] Application time: 1.0001011 seconds
[44.352s][info ][safepoint    ] Entering safepoint region: Cleanup
[44.352s][info ][safepoint    ] Leaving safepoint region
[44.352s][info ][safepoint    ] Total time for which application threads were stopped: 0.0001446 seconds, Stopping threads took: 0.0000356 seconds
[44.549s][info ][safepoint    ] Application time: 0.1962703 seconds
[44.549s][info ][safepoint    ] Entering safepoint region: GenCollectForAllocation
[44.549s][info ][gc,start     ] GC(112) Pause Young (Allocation Failure)
[44.549s][info ][gc,task      ] GC(112) Using 4 workers of 4 for evacuation
[44.552s][debug][gc,ref       ] GC(112) Skipped phase1 of Reference Processing due to unavailable references
[44.552s][debug][gc,ref       ] GC(112) Skipped phase3 of Reference Processing due to unavailable references
[44.552s][debug][gc,ref       ] GC(112) Skipped phase4 of Reference Processing due to unavailable references
[44.552s][debug][gc,age       ] GC(112) Desired survivor size 15400960 bytes, new threshold 6 (max threshold 6)
[44.552s][info ][gc,heap      ] GC(112) ParNew: 246868K->3722K(270976K)
[44.552s][info ][gc,heap      ] GC(112) CMS: 228481K->228601K(602112K)
[44.552s][info ][gc,metaspace ] GC(112) Metaspace: 55680K->55680K(1099776K)
[44.552s][info ][gc           ] GC(112) Pause Young (Allocation Failure) 464M->226M(852M) 3.710ms
[44.552s][info ][gc,cpu       ] GC(112) User=0.02s Sys=0.00s Real=0.01s
[44.552s][info ][safepoint    ] Leaving safepoint region
[44.552s][info ][safepoint    ] Total time for which application threads were stopped: 0.0038789 seconds, Stopping threads took: 0.0000163 seconds
[45.553s][info ][safepoint    ] Application time: 1.0001296 seconds
[45.553s][info ][safepoint    ] Entering safepoint region: Cleanup
[45.553s][info ][safepoint    ] Leaving safepoint region
[45.553s][info ][safepoint    ] Total time for which application threads were stopped: 0.0000911 seconds, Stopping threads took: 0.0000161 seconds
[46.522s][info ][safepoint    ] Application time: 0.9688178 seconds
[46.522s][info ][safepoint    ] Entering safepoint region: RevokeBias
[46.522s][info ][safepoint    ] Leaving safepoint region
[46.522s][info ][safepoint    ] Total time for which application threads were stopped: 0.0002742 seconds, Stopping threads took: 0.0001421 seconds
[46.684s][info ][safepoint    ] Application time: 0.1624828 seconds
[46.684s][info ][safepoint    ] Entering safepoint region: GenCollectForAllocation
[46.685s][info ][gc,start     ] GC(113) Pause Young (Allocation Failure)
[46.685s][info ][gc,task      ] GC(113) Using 4 workers of 4 for evacuation
[46.693s][debug][gc,ref       ] GC(113) Skipped phase1 of Reference Processing due to unavailable references
[46.693s][debug][gc,ref       ] GC(113) Skipped phase3 of Reference Processing due to unavailable references
[46.693s][debug][gc,age       ] GC(113) Desired survivor size 15400960 bytes, new threshold 6 (max threshold 6)
[46.693s][info ][gc,heap      ] GC(113) ParNew: 244618K->12237K(270976K)
[46.693s][info ][gc,heap      ] GC(113) CMS: 228601K->231130K(602112K)
[46.693s][info ][gc,metaspace ] GC(113) Metaspace: 55730K->55730K(1099776K)
[46.693s][info ][gc           ] GC(113) Pause Young (Allocation Failure) 462M->237M(852M) 8.548ms
[46.693s][info ][gc,cpu       ] GC(113) User=0.03s Sys=0.00s Real=0.01s
[46.693s][info ][safepoint    ] Leaving safepoint region
[46.693s][info ][safepoint    ] Total time for which application threads were stopped: 0.0088161 seconds, Stopping threads took: 0.0000641 seconds
[46.933s][info ][safepoint    ] Application time: 0.2401663 seconds
[46.933s][info ][safepoint    ] Entering safepoint region: RevokeBias
[46.934s][info ][safepoint    ] Leaving safepoint region
[46.934s][info ][safepoint    ] Total time for which application threads were stopped: 0.0002490 seconds, Stopping threads took: 0.0001021 seconds
[47.114s][info ][safepoint    ] Application time: 0.1806278 seconds
[47.114s][info ][safepoint    ] Entering safepoint region: ICBufferFull
[47.115s][info ][safepoint    ] Leaving safepoint region
[47.115s][info ][safepoint    ] Total time for which application threads were stopped: 0.0005083 seconds, Stopping threads took: 0.0000737 seconds
[47.536s][info ][safepoint    ] Application time: 0.4215640 seconds
[47.537s][info ][safepoint    ] Entering safepoint region: ICBufferFull
[47.537s][info ][safepoint    ] Leaving safepoint region
[47.537s][info ][safepoint    ] Total time for which application threads were stopped: 0.0005164 seconds, Stopping threads took: 0.0002269 seconds
[47.957s][info ][safepoint    ] Application time: 0.4197285 seconds
[47.957s][info ][safepoint    ] Entering safepoint region: GenCollectForAllocation
[47.957s][info ][gc,start     ] GC(114) Pause Young (Allocation Failure)
[47.957s][info ][gc,task      ] GC(114) Using 4 workers of 4 for evacuation
[47.967s][debug][gc,ref       ] GC(114) Skipped phase1 of Reference Processing due to unavailable references
[47.967s][debug][gc,ref       ] GC(114) Skipped phase3 of Reference Processing due to unavailable references
[47.967s][debug][gc,age       ] GC(114) Desired survivor size 15400960 bytes, new threshold 2 (max threshold 6)
[47.967s][info ][gc,heap      ] GC(114) ParNew: 253133K->25328K(270976K)
[47.967s][info ][gc,heap      ] GC(114) CMS: 231130K->231290K(602112K)
[47.967s][info ][gc,metaspace ] GC(114) Metaspace: 55986K->55986K(1099776K)
[47.967s][info ][gc           ] GC(114) Pause Young (Allocation Failure) 472M->250M(852M) 9.818ms
[47.967s][info ][gc,cpu       ] GC(114) User=0.03s Sys=0.01s Real=0.01s
[47.967s][info ][safepoint    ] Leaving safepoint region
[47.967s][info ][safepoint    ] Total time for which application threads were stopped: 0.0102641 seconds, Stopping threads took: 0.0001351 seconds
[48.967s][info ][safepoint    ] Application time: 1.0001068 seconds
[48.967s][info ][safepoint    ] Entering safepoint region: Cleanup
[48.967s][info ][safepoint    ] Leaving safepoint region
[48.967s][info ][safepoint    ] Total time for which application threads were stopped: 0.0001831 seconds, Stopping threads took: 0.0000171 seconds
[49.690s][info ][safepoint    ] Application time: 0.7227640 seconds
[49.690s][info ][safepoint    ] Entering safepoint region: GenCollectForAllocation
[49.690s][info ][gc,start     ] GC(115) Pause Young (Allocation Failure)
[49.690s][info ][gc,task      ] GC(115) Using 4 workers of 4 for evacuation
[49.703s][debug][gc,ref       ] GC(115) Skipped phase1 of Reference Processing due to unavailable references
[49.703s][debug][gc,ref       ] GC(115) Skipped phase3 of Reference Processing due to unavailable references
[49.703s][debug][gc,age       ] GC(115) Desired survivor size 15400960 bytes, new threshold 2 (max threshold 6)
[49.703s][info ][gc,heap      ] GC(115) ParNew: 266224K->30080K(270976K)
[49.703s][info ][gc,heap      ] GC(115) CMS: 231290K->236849K(602112K)
[49.703s][info ][gc,metaspace ] GC(115) Metaspace: 56133K->56133K(1099776K)
[49.703s][info ][gc           ] GC(115) Pause Young (Allocation Failure) 485M->260M(852M) 13.106ms
[49.703s][info ][gc,cpu       ] GC(115) User=0.06s Sys=0.01s Real=0.02s
[49.703s][info ][safepoint    ] Leaving safepoint region
[49.703s][info ][safepoint    ] Total time for which application threads were stopped: 0.0133050 seconds, Stopping threads took: 0.0000145 seconds
[50.704s][info ][safepoint    ] Application time: 1.0001015 seconds
[50.704s][info ][safepoint    ] Entering safepoint region: Cleanup
[50.704s][info ][safepoint    ] Leaving safepoint region
[50.704s][info ][safepoint    ] Total time for which application threads were stopped: 0.0001975 seconds, Stopping threads took: 0.0000767 seconds
[51.704s][info ][safepoint    ] Application time: 1.0000888 seconds
[51.704s][info ][safepoint    ] Entering safepoint region: Cleanup
[51.704s][info ][safepoint    ] Leaving safepoint region
[51.704s][info ][safepoint    ] Total time for which application threads were stopped: 0.0001127 seconds, Stopping threads took: 0.0000148 seconds
[51.994s][info ][safepoint    ] Application time: 0.2903376 seconds
[51.994s][info ][safepoint    ] Entering safepoint region: GenCollectForAllocation
[51.995s][info ][gc,start     ] GC(116) Pause Young (Allocation Failure)
[51.995s][info ][gc,task      ] GC(116) Using 4 workers of 4 for evacuation
[52.009s][debug][gc,ref       ] GC(116) Skipped phase1 of Reference Processing due to unavailable references
[52.009s][debug][gc,ref       ] GC(116) Skipped phase2 of Reference Processing due to unavailable references
[52.009s][debug][gc,ref       ] GC(116) Skipped phase3 of Reference Processing due to unavailable references
[52.009s][debug][gc,ref       ] GC(116) Skipped phase4 of Reference Processing due to unavailable references
[52.009s][debug][gc,age       ] GC(116) Desired survivor size 15400960 bytes, new threshold 2 (max threshold 6)
[52.009s][info ][gc,heap      ] GC(116) ParNew: 270976K->22699K(270976K)
[52.009s][info ][gc,heap      ] GC(116) CMS: 236849K->246839K(602112K)
[52.009s][info ][gc,metaspace ] GC(116) Metaspace: 56151K->56151K(1099776K)
[52.009s][info ][gc           ] GC(116) Pause Young (Allocation Failure) 495M->263M(852M) 14.965ms
[52.010s][info ][gc,cpu       ] GC(116) User=0.06s Sys=0.00s Real=0.01s
[52.010s][info ][safepoint    ] Leaving safepoint region
[52.010s][info ][safepoint    ] Total time for which application threads were stopped: 0.0151692 seconds, Stopping threads took: 0.0000158 seconds
[53.010s][info ][safepoint    ] Application time: 1.0001019 seconds
[53.010s][info ][safepoint    ] Entering safepoint region: Cleanup
[53.010s][info ][safepoint    ] Leaving safepoint region
[53.010s][info ][safepoint    ] Total time for which application threads were stopped: 0.0001226 seconds, Stopping threads took: 0.0000196 seconds
[54.010s][info ][safepoint    ] Application time: 1.0000903 seconds
[54.011s][info ][safepoint    ] Entering safepoint region: Cleanup
[54.011s][info ][safepoint    ] Leaving safepoint region
[54.011s][info ][safepoint    ] Total time for which application threads were stopped: 0.0001042 seconds, Stopping threads took: 0.0000204 seconds
[54.543s][info ][safepoint    ] Application time: 0.5323510 seconds
[54.543s][info ][safepoint    ] Entering safepoint region: GenCollectForAllocation
[54.543s][info ][gc,start     ] GC(117) Pause Young (Allocation Failure)
[54.543s][info ][gc,task      ] GC(117) Using 4 workers of 4 for evacuation
[54.557s][debug][gc,ref       ] GC(117) Skipped phase1 of Reference Processing due to unavailable references
[54.557s][debug][gc,ref       ] GC(117) Skipped phase2 of Reference Processing due to unavailable references
[54.557s][debug][gc,ref       ] GC(117) Skipped phase3 of Reference Processing due to unavailable references
[54.557s][debug][gc,ref       ] GC(117) Skipped phase4 of Reference Processing due to unavailable references
[54.558s][debug][gc,age       ] GC(117) Desired survivor size 15400960 bytes, new threshold 6 (max threshold 6)
[54.558s][info ][gc,heap      ] GC(117) ParNew: 263595K->18022K(270976K)
[54.558s][info ][gc,heap      ] GC(117) CMS: 246839K->260453K(602112K)
[54.558s][info ][gc,metaspace ] GC(117) Metaspace: 56202K->56202K(1099776K)
[54.558s][info ][gc           ] GC(117) Pause Young (Allocation Failure) 498M->271M(852M) 14.463ms
[54.558s][info ][gc,cpu       ] GC(117) User=0.06s Sys=0.00s Real=0.01s
[54.558s][info ][safepoint    ] Leaving safepoint region
[54.558s][info ][safepoint    ] Total time for which application threads were stopped: 0.0146298 seconds, Stopping threads took: 0.0000153 seconds
[54.787s][info ][safepoint    ] Application time: 0.2291507 seconds
[54.787s][info ][safepoint    ] Entering safepoint region: ICBufferFull
[54.787s][info ][safepoint    ] Leaving safepoint region
[54.787s][info ][safepoint    ] Total time for which application threads were stopped: 0.0003128 seconds, Stopping threads took: 0.0001121 seconds
[55.787s][info ][safepoint    ] Application time: 1.0001861 seconds
[55.787s][info ][safepoint    ] Entering safepoint region: Cleanup
[55.788s][info ][safepoint    ] Leaving safepoint region
[55.788s][info ][safepoint    ] Total time for which application threads were stopped: 0.0002044 seconds, Stopping threads took: 0.0000429 seconds
[56.788s][info ][safepoint    ] Application time: 1.0001035 seconds
[56.788s][info ][safepoint    ] Entering safepoint region: Cleanup
[56.788s][info ][safepoint    ] Leaving safepoint region
[56.788s][info ][safepoint    ] Total time for which application threads were stopped: 0.0001498 seconds, Stopping threads took: 0.0000854 seconds
[57.243s][info ][safepoint    ] Application time: 0.4553038 seconds
[57.243s][info ][safepoint    ] Entering safepoint region: GenCollectForAllocation
[57.243s][info ][gc,start     ] GC(118) Pause Young (Allocation Failure)
[57.243s][info ][gc,task      ] GC(118) Using 4 workers of 4 for evacuation
[57.247s][debug][gc,ref       ] GC(118) Skipped phase1 of Reference Processing due to unavailable references
[57.247s][debug][gc,ref       ] GC(118) Skipped phase2 of Reference Processing due to unavailable references
[57.247s][debug][gc,ref       ] GC(118) Skipped phase3 of Reference Processing due to unavailable references
[57.247s][debug][gc,ref       ] GC(118) Skipped phase4 of Reference Processing due to unavailable references
[57.247s][debug][gc,age       ] GC(118) Desired survivor size 15400960 bytes, new threshold 6 (max threshold 6)
[57.247s][info ][gc,heap      ] GC(118) ParNew: 258918K->9761K(270976K)
[57.247s][info ][gc,heap      ] GC(118) CMS: 260453K->260453K(602112K)
[57.247s][info ][gc,metaspace ] GC(118) Metaspace: 56213K->56213K(1099776K)
[57.247s][info ][gc           ] GC(118) Pause Young (Allocation Failure) 507M->263M(852M) 4.075ms
[57.247s][info ][gc,cpu       ] GC(118) User=0.01s Sys=0.00s Real=0.00s
[57.247s][info ][safepoint    ] Leaving safepoint region
[57.247s][info ][safepoint    ] Total time for which application threads were stopped: 0.0042322 seconds, Stopping threads took: 0.0000166 seconds
[58.248s][info ][safepoint    ] Application time: 1.0001042 seconds
[58.248s][info ][safepoint    ] Entering safepoint region: Cleanup
[58.248s][info ][safepoint    ] Leaving safepoint region
[58.248s][info ][safepoint    ] Total time for which application threads were stopped: 0.0001615 seconds, Stopping threads took: 0.0000390 seconds
[59.248s][info ][safepoint    ] Application time: 1.0001469 seconds
[59.248s][info ][safepoint    ] Entering safepoint region: Cleanup
[59.248s][info ][safepoint    ] Leaving safepoint region
[59.248s][info ][safepoint    ] Total time for which application threads were stopped: 0.0001205 seconds, Stopping threads took: 0.0000352 seconds
[60.092s][info ][safepoint    ] Application time: 0.8440395 seconds
[60.092s][info ][safepoint    ] Entering safepoint region: GenCollectForAllocation
[60.092s][info ][gc,start     ] GC(119) Pause Young (Allocation Failure)
[60.092s][info ][gc,task      ] GC(119) Using 4 workers of 4 for evacuation
[60.096s][debug][gc,ref       ] GC(119) Skipped phase1 of Reference Processing due to unavailable references
[60.096s][debug][gc,ref       ] GC(119) Skipped phase3 of Reference Processing due to unavailable references
[60.096s][debug][gc,age       ] GC(119) Desired survivor size 15400960 bytes, new threshold 6 (max threshold 6)
[60.096s][info ][gc,heap      ] GC(119) ParNew: 250657K->8911K(270976K)
[60.096s][info ][gc,heap      ] GC(119) CMS: 260453K->260453K(602112K)
[60.096s][info ][gc,metaspace ] GC(119) Metaspace: 56261K->56261K(1099776K)
[60.096s][info ][gc           ] GC(119) Pause Young (Allocation Failure) 499M->263M(852M) 3.710ms
[60.096s][info ][gc,cpu       ] GC(119) User=0.01s Sys=0.00s Real=0.00s
[60.096s][info ][safepoint    ] Leaving safepoint region
[60.096s][info ][safepoint    ] Total time for which application threads were stopped: 0.0038624 seconds, Stopping threads took: 0.0000147 seconds
[61.096s][info ][safepoint    ] Application time: 1.0001042 seconds
[61.096s][info ][safepoint    ] Entering safepoint region: Cleanup
[61.096s][info ][safepoint    ] Leaving safepoint region
[61.096s][info ][safepoint    ] Total time for which application threads were stopped: 0.0001254 seconds, Stopping threads took: 0.0000450 seconds
[62.096s][info ][safepoint    ] Application time: 1.0001021 seconds
[62.096s][info ][safepoint    ] Entering safepoint region: Cleanup
[62.096s][info ][safepoint    ] Leaving safepoint region
[62.096s][info ][safepoint    ] Total time for which application threads were stopped: 0.0000880 seconds, Stopping threads took: 0.0000169 seconds
[63.097s][info ][safepoint    ] Application time: 1.0000896 seconds
[63.097s][info ][safepoint    ] Entering safepoint region: Cleanup
[63.097s][info ][safepoint    ] Leaving safepoint region
[63.097s][info ][safepoint    ] Total time for which application threads were stopped: 0.0000881 seconds, Stopping threads took: 0.0000174 seconds
[64.097s][info ][safepoint    ] Application time: 1.0000838 seconds
[64.097s][info ][safepoint    ] Entering safepoint region: Cleanup
[64.097s][info ][safepoint    ] Leaving safepoint region
[64.097s][info ][safepoint    ] Total time for which application threads were stopped: 0.0000839 seconds, Stopping threads took: 0.0000194 seconds
[64.588s][info ][safepoint    ] Application time: 0.4914554 seconds
[64.588s][info ][safepoint    ] Entering safepoint region: GenCollectForAllocation
[64.589s][info ][gc,start     ] GC(120) Pause Young (Allocation Failure)
[64.589s][info ][gc,task      ] GC(120) Using 4 workers of 4 for evacuation
[64.592s][debug][gc,ref       ] GC(120) Skipped phase1 of Reference Processing due to unavailable references
[64.592s][debug][gc,ref       ] GC(120) Skipped phase3 of Reference Processing due to unavailable references
[64.592s][debug][gc,ref       ] GC(120) Skipped phase4 of Reference Processing due to unavailable references
[64.592s][debug][gc,age       ] GC(120) Desired survivor size 15400960 bytes, new threshold 6 (max threshold 6)
[64.592s][info ][gc,heap      ] GC(120) ParNew: 249807K->9087K(270976K)
[64.592s][info ][gc,heap      ] GC(120) CMS: 260453K->260453K(602112K)
[64.592s][info ][gc,metaspace ] GC(120) Metaspace: 56262K->56262K(1099776K)
[64.592s][info ][gc           ] GC(120) Pause Young (Allocation Failure) 498M->263M(852M) 3.925ms
[64.592s][info ][gc,cpu       ] GC(120) User=0.02s Sys=0.00s Real=0.01s
[64.593s][info ][safepoint    ] Leaving safepoint region
[64.593s][info ][safepoint    ] Total time for which application threads were stopped: 0.0040994 seconds, Stopping threads took: 0.0000382 seconds
[65.593s][info ][safepoint    ] Application time: 1.0000662 seconds
[65.593s][info ][safepoint    ] Entering safepoint region: Cleanup
[65.593s][info ][safepoint    ] Leaving safepoint region
[65.593s][info ][safepoint    ] Total time for which application threads were stopped: 0.0001042 seconds, Stopping threads took: 0.0000321 seconds
[66.593s][info ][safepoint    ] Application time: 1.0000927 seconds
[66.593s][info ][safepoint    ] Entering safepoint region: Cleanup
[66.593s][info ][safepoint    ] Leaving safepoint region
[66.593s][info ][safepoint    ] Total time for which application threads were stopped: 0.0000812 seconds, Stopping threads took: 0.0000152 seconds
[67.593s][info ][safepoint    ] Application time: 1.0000961 seconds
[67.593s][info ][safepoint    ] Entering safepoint region: Cleanup
[67.593s][info ][safepoint    ] Leaving safepoint region
[67.593s][info ][safepoint    ] Total time for which application threads were stopped: 0.0000733 seconds, Stopping threads took: 0.0000167 seconds
[68.593s][info ][safepoint    ] Application time: 1.0000909 seconds
[68.593s][info ][safepoint    ] Entering safepoint region: Cleanup
[68.593s][info ][safepoint    ] Leaving safepoint region
[68.593s][info ][safepoint    ] Total time for which application threads were stopped: 0.0001259 seconds, Stopping threads took: 0.0000482 seconds
[69.594s][info ][safepoint    ] Application time: 1.0001060 seconds
[69.594s][info ][safepoint    ] Entering safepoint region: Cleanup
[69.594s][info ][safepoint    ] Leaving safepoint region
[69.594s][info ][safepoint    ] Total time for which application threads were stopped: 0.0000944 seconds, Stopping threads took: 0.0000153 seconds
[70.594s][info ][safepoint    ] Application time: 1.0001017 seconds
[70.594s][info ][safepoint    ] Entering safepoint region: Cleanup
[70.594s][info ][safepoint    ] Leaving safepoint region
[70.594s][info ][safepoint    ] Total time for which application threads were stopped: 0.0000972 seconds, Stopping threads took: 0.0000156 seconds
[70.987s][info ][safepoint    ] Application time: 0.3932370 seconds
[70.987s][info ][safepoint    ] Entering safepoint region: GenCollectForAllocation
[70.987s][info ][gc,start     ] GC(121) Pause Young (Allocation Failure)
[70.987s][info ][gc,task      ] GC(121) Using 4 workers of 4 for evacuation
[70.991s][debug][gc,ref       ] GC(121) Skipped phase1 of Reference Processing due to unavailable references
[70.991s][debug][gc,ref       ] GC(121) Skipped phase3 of Reference Processing due to unavailable references
[70.991s][debug][gc,age       ] GC(121) Desired survivor size 15400960 bytes, new threshold 6 (max threshold 6)
[70.991s][info ][gc,heap      ] GC(121) ParNew: 249983K->9318K(270976K)
[70.991s][info ][gc,heap      ] GC(121) CMS: 260453K->260453K(602112K)
[70.991s][info ][gc,metaspace ] GC(121) Metaspace: 56296K->56296K(1099776K)
[70.991s][info ][gc           ] GC(121) Pause Young (Allocation Failure) 498M->263M(852M) 3.804ms
[70.991s][info ][gc,cpu       ] GC(121) User=0.01s Sys=0.00s Real=0.01s
[70.991s][info ][safepoint    ] Leaving safepoint region
[70.991s][info ][safepoint    ] Total time for which application threads were stopped: 0.0039605 seconds, Stopping threads took: 0.0000155 seconds
[71.991s][info ][safepoint    ] Application time: 1.0000955 seconds
[71.991s][info ][safepoint    ] Entering safepoint region: Cleanup
[71.991s][info ][safepoint    ] Leaving safepoint region
[71.991s][info ][safepoint    ] Total time for which application threads were stopped: 0.0001182 seconds, Stopping threads took: 0.0000156 seconds
[72.991s][info ][safepoint    ] Application time: 1.0000940 seconds
[72.992s][info ][safepoint    ] Entering safepoint region: Cleanup
[72.992s][info ][safepoint    ] Leaving safepoint region
[72.992s][info ][safepoint    ] Total time for which application threads were stopped: 0.0000964 seconds, Stopping threads took: 0.0000150 seconds
[73.992s][info ][safepoint    ] Application time: 1.0000817 seconds
[73.992s][info ][safepoint    ] Entering safepoint region: Cleanup
[73.992s][info ][safepoint    ] Leaving safepoint region
[73.992s][info ][safepoint    ] Total time for which application threads were stopped: 0.0001933 seconds, Stopping threads took: 0.0000831 seconds
[74.052s][info ][safepoint    ] Application time: 0.0601569 seconds
[74.052s][info ][safepoint    ] Entering safepoint region: RevokeBias
[74.052s][info ][safepoint    ] Leaving safepoint region
[74.052s][info ][safepoint    ] Total time for which application threads were stopped: 0.0001272 seconds, Stopping threads took: 0.0000332 seconds
[74.487s][info ][safepoint    ] Application time: 0.4349877 seconds
[74.487s][info ][safepoint    ] Entering safepoint region: GenCollectForAllocation
[74.487s][info ][gc,start     ] GC(122) Pause Young (Allocation Failure)
[74.487s][info ][gc,task      ] GC(122) Using 4 workers of 4 for evacuation
[74.494s][debug][gc,ref       ] GC(122) Skipped phase1 of Reference Processing due to unavailable references
[74.494s][debug][gc,ref       ] GC(122) Skipped phase3 of Reference Processing due to unavailable references
[74.494s][debug][gc,age       ] GC(122) Desired survivor size 15400960 bytes, new threshold 6 (max threshold 6)
[74.494s][info ][gc,heap      ] GC(122) ParNew: 250214K->10966K(270976K)
[74.494s][info ][gc,heap      ] GC(122) CMS: 260453K->261908K(602112K)
[74.494s][info ][gc,metaspace ] GC(122) Metaspace: 56554K->56554K(1099776K)
[74.494s][info ][gc           ] GC(122) Pause Young (Allocation Failure) 498M->266M(852M) 6.394ms
[74.494s][info ][gc,cpu       ] GC(122) User=0.02s Sys=0.01s Real=0.01s
[74.494s][info ][safepoint    ] Leaving safepoint region
[74.494s][info ][safepoint    ] Total time for which application threads were stopped: 0.0066510 seconds, Stopping threads took: 0.0000523 seconds
[75.161s][info ][safepoint    ] Application time: 0.6670340 seconds
[75.161s][info ][safepoint    ] Entering safepoint region: ICBufferFull
[75.161s][info ][safepoint    ] Leaving safepoint region
[75.161s][info ][safepoint    ] Total time for which application threads were stopped: 0.0001775 seconds, Stopping threads took: 0.0000139 seconds
[76.161s][info ][safepoint    ] Application time: 1.0001064 seconds
[76.161s][info ][safepoint    ] Entering safepoint region: Cleanup
[76.161s][info ][safepoint    ] Leaving safepoint region
[76.161s][info ][safepoint    ] Total time for which application threads were stopped: 0.0001758 seconds, Stopping threads took: 0.0000222 seconds
[76.883s][info ][safepoint    ] Application time: 0.7219879 seconds
[76.884s][info ][safepoint    ] Entering safepoint region: GenCollectForAllocation
[76.884s][info ][gc,start     ] GC(123) Pause Young (Allocation Failure)
[76.884s][info ][gc,task      ] GC(123) Using 4 workers of 4 for evacuation
[76.890s][debug][gc,ref       ] GC(123) Skipped phase1 of Reference Processing due to unavailable references
[76.891s][debug][gc,ref       ] GC(123) Skipped phase3 of Reference Processing due to unavailable references
[76.891s][debug][gc,age       ] GC(123) Desired survivor size 15400960 bytes, new threshold 6 (max threshold 6)
[76.891s][info ][gc,heap      ] GC(123) ParNew: 251862K->7291K(270976K)
[76.891s][info ][gc,heap      ] GC(123) CMS: 261908K->264093K(602112K)
[76.891s][info ][gc,metaspace ] GC(123) Metaspace: 56645K->56645K(1099776K)
[76.891s][info ][gc           ] GC(123) Pause Young (Allocation Failure) 501M->265M(852M) 7.134ms
[76.891s][info ][gc,cpu       ] GC(123) User=0.02s Sys=0.00s Real=0.01s
[76.891s][info ][safepoint    ] Leaving safepoint region
[76.891s][info ][safepoint    ] Total time for which application threads were stopped: 0.0073494 seconds, Stopping threads took: 0.0000294 seconds
[77.891s][info ][safepoint    ] Application time: 1.0003172 seconds
[77.891s][info ][safepoint    ] Entering safepoint region: Cleanup
[77.891s][info ][safepoint    ] Leaving safepoint region
[77.892s][info ][safepoint    ] Total time for which application threads were stopped: 0.0003671 seconds, Stopping threads took: 0.0001991 seconds
[78.892s][info ][safepoint    ] Application time: 1.0002059 seconds
[78.892s][info ][safepoint    ] Entering safepoint region: Cleanup
[78.892s][info ][safepoint    ] Leaving safepoint region
[78.892s][info ][safepoint    ] Total time for which application threads were stopped: 0.0001005 seconds, Stopping threads took: 0.0000405 seconds
[79.892s][info ][safepoint    ] Application time: 1.0000970 seconds
[79.892s][info ][safepoint    ] Entering safepoint region: Cleanup
[79.892s][info ][safepoint    ] Leaving safepoint region
[79.892s][info ][safepoint    ] Total time for which application threads were stopped: 0.0001246 seconds, Stopping threads took: 0.0000421 seconds
[80.892s][info ][safepoint    ] Application time: 1.0001228 seconds
[80.892s][info ][safepoint    ] Entering safepoint region: Cleanup
[80.892s][info ][safepoint    ] Leaving safepoint region
[80.892s][info ][safepoint    ] Total time for which application threads were stopped: 0.0000953 seconds, Stopping threads took: 0.0000166 seconds
[81.893s][info ][safepoint    ] Application time: 1.0001343 seconds
[81.899s][info ][safepoint    ] Entering safepoint region: Cleanup
[81.900s][info ][safepoint    ] Leaving safepoint region
[81.900s][info ][safepoint    ] Total time for which application threads were stopped: 0.0069551 seconds, Stopping threads took: 0.0068527 seconds
[82.900s][info ][safepoint    ] Application time: 1.0000970 seconds
[82.900s][info ][safepoint    ] Entering safepoint region: Cleanup
[82.900s][info ][safepoint    ] Leaving safepoint region
[82.900s][info ][safepoint    ] Total time for which application threads were stopped: 0.0001566 seconds, Stopping threads took: 0.0000177 seconds
[83.391s][info ][safepoint    ] Application time: 0.4907134 seconds
[83.391s][info ][safepoint    ] Entering safepoint region: GenCollectForAllocation
[83.391s][info ][gc,start     ] GC(124) Pause Young (Allocation Failure)
[83.391s][info ][gc,task      ] GC(124) Using 4 workers of 4 for evacuation
[83.399s][debug][gc,ref       ] GC(124) Skipped phase1 of Reference Processing due to unavailable references
[83.399s][debug][gc,ref       ] GC(124) Skipped phase3 of Reference Processing due to unavailable references
[83.399s][debug][gc,ref       ] GC(124) Skipped phase4 of Reference Processing due to unavailable references
[83.399s][debug][gc,age       ] GC(124) Desired survivor size 15400960 bytes, new threshold 6 (max threshold 6)
[83.399s][info ][gc,heap      ] GC(124) ParNew: 248187K->2918K(270976K)
[83.399s][info ][gc,heap      ] GC(124) CMS: 264093K->265959K(602112K)
[83.399s][info ][gc,metaspace ] GC(124) Metaspace: 56651K->56651K(1099776K)
[83.399s][info ][gc           ] GC(124) Pause Young (Allocation Failure) 500M->262M(852M) 8.147ms
[83.399s][info ][gc,cpu       ] GC(124) User=0.02s Sys=0.00s Real=0.00s
[83.399s][info ][safepoint    ] Leaving safepoint region
[83.399s][info ][safepoint    ] Total time for which application threads were stopped: 0.0085163 seconds, Stopping threads took: 0.0000908 seconds
[84.399s][info ][safepoint    ] Application time: 1.0001245 seconds
[84.399s][info ][safepoint    ] Entering safepoint region: Cleanup
[84.400s][info ][safepoint    ] Leaving safepoint region
[84.400s][info ][safepoint    ] Total time for which application threads were stopped: 0.0001615 seconds, Stopping threads took: 0.0000193 seconds
[85.400s][info ][safepoint    ] Application time: 1.0000904 seconds
[85.400s][info ][safepoint    ] Entering safepoint region: Cleanup
[85.400s][info ][safepoint    ] Leaving safepoint region
[85.400s][info ][safepoint    ] Total time for which application threads were stopped: 0.0001034 seconds, Stopping threads took: 0.0000171 seconds
[86.400s][info ][safepoint    ] Application time: 1.0000971 seconds
[86.400s][info ][safepoint    ] Entering safepoint region: Cleanup
[86.400s][info ][safepoint    ] Leaving safepoint region
[86.400s][info ][safepoint    ] Total time for which application threads were stopped: 0.0000804 seconds, Stopping threads took: 0.0000193 seconds
[87.400s][info ][safepoint    ] Application time: 1.0000949 seconds
[87.401s][info ][safepoint    ] Entering safepoint region: Cleanup
[87.401s][info ][safepoint    ] Leaving safepoint region
[87.401s][info ][safepoint    ] Total time for which application threads were stopped: 0.0007067 seconds, Stopping threads took: 0.0005517 seconds
[87.488s][info ][safepoint    ] Application time: 0.0867415 seconds
[87.488s][info ][safepoint    ] Entering safepoint region: GenCollectForAllocation
[87.488s][info ][gc,start     ] GC(125) Pause Young (Allocation Failure)
[87.488s][info ][gc,task      ] GC(125) Using 4 workers of 4 for evacuation
[87.495s][debug][gc,ref       ] GC(125) Skipped phase1 of Reference Processing due to unavailable references
[87.495s][debug][gc,ref       ] GC(125) Skipped phase3 of Reference Processing due to unavailable references
[87.495s][debug][gc,ref       ] GC(125) Skipped phase4 of Reference Processing due to unavailable references
[87.495s][debug][gc,age       ] GC(125) Desired survivor size 15400960 bytes, new threshold 6 (max threshold 6)
[87.495s][info ][gc,heap      ] GC(125) ParNew: 243814K->3950K(270976K)
[87.495s][info ][gc,heap      ] GC(125) CMS: 265959K->266155K(602112K)
[87.495s][info ][gc,metaspace ] GC(125) Metaspace: 56677K->56677K(1101824K)
[87.495s][info ][gc           ] GC(125) Pause Young (Allocation Failure) 497M->263M(852M) 7.230ms
[87.495s][info ][gc,cpu       ] GC(125) User=0.02s Sys=0.01s Real=0.01s
[87.495s][info ][safepoint    ] Leaving safepoint region
[87.495s][info ][safepoint    ] Total time for which application threads were stopped: 0.0074924 seconds, Stopping threads took: 0.0000837 seconds
[88.495s][info ][safepoint    ] Application time: 1.0001117 seconds
[88.495s][info ][safepoint    ] Entering safepoint region: Cleanup
[88.495s][info ][safepoint    ] Leaving safepoint region
[88.495s][info ][safepoint    ] Total time for which application threads were stopped: 0.0000795 seconds, Stopping threads took: 0.0000162 seconds
[89.495s][info ][safepoint    ] Application time: 1.0000643 seconds
[89.495s][info ][safepoint    ] Entering safepoint region: Cleanup
[89.496s][info ][safepoint    ] Leaving safepoint region
[89.496s][info ][safepoint    ] Total time for which application threads were stopped: 0.0000721 seconds, Stopping threads took: 0.0000180 seconds
[90.496s][info ][safepoint    ] Application time: 1.0000866 seconds
[90.496s][info ][safepoint    ] Entering safepoint region: Cleanup
[90.496s][info ][safepoint    ] Leaving safepoint region
[90.496s][info ][safepoint    ] Total time for which application threads were stopped: 0.0000922 seconds, Stopping threads took: 0.0000167 seconds
[91.496s][info ][safepoint    ] Application time: 1.0001055 seconds
[91.496s][info ][safepoint    ] Entering safepoint region: Cleanup
[91.496s][info ][safepoint    ] Leaving safepoint region
[91.496s][info ][safepoint    ] Total time for which application threads were stopped: 0.0001244 seconds, Stopping threads took: 0.0000655 seconds
[92.496s][info ][safepoint    ] Application time: 1.0000524 seconds
[92.496s][info ][safepoint    ] Entering safepoint region: Cleanup
[92.496s][info ][safepoint    ] Leaving safepoint region
[92.496s][info ][safepoint    ] Total time for which application threads were stopped: 0.0000836 seconds, Stopping threads took: 0.0000167 seconds
[93.496s][info ][safepoint    ] Application time: 1.0001232 seconds
[93.496s][info ][safepoint    ] Entering safepoint region: Cleanup
[93.496s][info ][safepoint    ] Leaving safepoint region
[93.496s][info ][safepoint    ] Total time for which application threads were stopped: 0.0000850 seconds, Stopping threads took: 0.0000328 seconds
[94.497s][info ][safepoint    ] Application time: 1.0001031 seconds
[94.497s][info ][safepoint    ] Entering safepoint region: Cleanup
[94.497s][info ][safepoint    ] Leaving safepoint region
[94.497s][info ][safepoint    ] Total time for which application threads were stopped: 0.0000784 seconds, Stopping threads took: 0.0000177 seconds
[95.497s][info ][safepoint    ] Application time: 1.0000858 seconds
[95.497s][info ][safepoint    ] Entering safepoint region: Cleanup
[95.497s][info ][safepoint    ] Leaving safepoint region
[95.497s][info ][safepoint    ] Total time for which application threads were stopped: 0.0000748 seconds, Stopping threads took: 0.0000203 seconds
[96.497s][info ][safepoint    ] Application time: 1.0000838 seconds
[96.497s][info ][safepoint    ] Entering safepoint region: Cleanup
[96.497s][info ][safepoint    ] Leaving safepoint region
[96.497s][info ][safepoint    ] Total time for which application threads were stopped: 0.0000911 seconds, Stopping threads took: 0.0000364 seconds
[97.497s][info ][safepoint    ] Application time: 1.0000930 seconds
[97.497s][info ][safepoint    ] Entering safepoint region: Cleanup
[97.497s][info ][safepoint    ] Leaving safepoint region
[97.497s][info ][safepoint    ] Total time for which application threads were stopped: 0.0000855 seconds, Stopping threads took: 0.0000292 seconds
[98.497s][info ][safepoint    ] Application time: 1.0000898 seconds
[98.497s][info ][safepoint    ] Entering safepoint region: Cleanup
[98.497s][info ][safepoint    ] Leaving safepoint region
[98.497s][info ][safepoint    ] Total time for which application threads were stopped: 0.0000705 seconds, Stopping threads took: 0.0000170 seconds
[99.498s][info ][safepoint    ] Application time: 1.0000871 seconds
[99.498s][info ][safepoint    ] Entering safepoint region: Cleanup
[99.498s][info ][safepoint    ] Leaving safepoint region
[99.498s][info ][safepoint    ] Total time for which application threads were stopped: 0.0000724 seconds, Stopping threads took: 0.0000183 seconds
[100.498s][info ][safepoint    ] Application time: 1.0000949 seconds
[100.498s][info ][safepoint    ] Entering safepoint region: Cleanup
[100.498s][info ][safepoint    ] Leaving safepoint region
[100.498s][info ][safepoint    ] Total time for which application threads were stopped: 0.0000724 seconds, Stopping threads took: 0.0000180 seconds
[101.498s][info ][safepoint    ] Application time: 1.0000941 seconds
[101.498s][info ][safepoint    ] Entering safepoint region: Cleanup
[101.498s][info ][safepoint    ] Leaving safepoint region
[101.498s][info ][safepoint    ] Total time for which application threads were stopped: 0.0001489 seconds, Stopping threads took: 0.0000895 seconds
[102.498s][info ][safepoint    ] Application time: 1.0000897 seconds
[102.498s][info ][safepoint    ] Entering safepoint region: Cleanup
[102.498s][info ][safepoint    ] Leaving safepoint region
[102.498s][info ][safepoint    ] Total time for which application threads were stopped: 0.0000743 seconds, Stopping threads took: 0.0000177 seconds
[103.499s][info ][safepoint    ] Application time: 1.0001048 seconds
[103.499s][info ][safepoint    ] Entering safepoint region: Cleanup
[103.499s][info ][safepoint    ] Leaving safepoint region
[103.499s][info ][safepoint    ] Total time for which application threads were stopped: 0.0000766 seconds, Stopping threads took: 0.0000178 seconds
[104.499s][info ][safepoint    ] Application time: 1.0000908 seconds
[104.499s][info ][safepoint    ] Entering safepoint region: Cleanup
[104.499s][info ][safepoint    ] Leaving safepoint region
[104.499s][info ][safepoint    ] Total time for which application threads were stopped: 0.0001234 seconds, Stopping threads took: 0.0000637 seconds
[105.499s][info ][safepoint    ] Application time: 1.0001172 seconds
[105.499s][info ][safepoint    ] Entering safepoint region: Cleanup
[105.499s][info ][safepoint    ] Leaving safepoint region
[105.499s][info ][safepoint    ] Total time for which application threads were stopped: 0.0000861 seconds, Stopping threads took: 0.0000331 seconds
[106.499s][info ][safepoint    ] Application time: 1.0003759 seconds
[106.500s][info ][safepoint    ] Entering safepoint region: Cleanup
[106.500s][info ][safepoint    ] Leaving safepoint region
[106.500s][info ][safepoint    ] Total time for which application threads were stopped: 0.0000708 seconds, Stopping threads took: 0.0000168 seconds
[107.500s][info ][safepoint    ] Application time: 1.0000834 seconds
[107.500s][info ][safepoint    ] Entering safepoint region: Cleanup
[107.500s][info ][safepoint    ] Leaving safepoint region
[107.500s][info ][safepoint    ] Total time for which application threads were stopped: 0.0000728 seconds, Stopping threads took: 0.0000164 seconds
[108.500s][info ][safepoint    ] Application time: 1.0000779 seconds
[108.500s][info ][safepoint    ] Entering safepoint region: Cleanup
[108.500s][info ][safepoint    ] Leaving safepoint region
[108.500s][info ][safepoint    ] Total time for which application threads were stopped: 0.0000907 seconds, Stopping threads took: 0.0000358 seconds
[109.500s][info ][safepoint    ] Application time: 1.0002135 seconds
[109.500s][info ][safepoint    ] Entering safepoint region: Cleanup
[109.500s][info ][safepoint    ] Leaving safepoint region
[109.500s][info ][safepoint    ] Total time for which application threads were stopped: 0.0000885 seconds, Stopping threads took: 0.0000186 seconds
[110.500s][info ][safepoint    ] Application time: 1.0001105 seconds
[110.500s][info ][safepoint    ] Entering safepoint region: Cleanup
[110.501s][info ][safepoint    ] Leaving safepoint region
[110.501s][info ][safepoint    ] Total time for which application threads were stopped: 0.0000761 seconds, Stopping threads took: 0.0000184 seconds
[111.501s][info ][safepoint    ] Application time: 1.0000950 seconds
[111.501s][info ][safepoint    ] Entering safepoint region: Cleanup
[111.501s][info ][safepoint    ] Leaving safepoint region
[111.501s][info ][safepoint    ] Total time for which application threads were stopped: 0.0000711 seconds, Stopping threads took: 0.0000172 seconds
[112.501s][info ][safepoint    ] Application time: 1.0000923 seconds
[112.501s][info ][safepoint    ] Entering safepoint region: Cleanup
[112.501s][info ][safepoint    ] Leaving safepoint region
[112.501s][info ][safepoint    ] Total time for which application threads were stopped: 0.0000742 seconds, Stopping threads took: 0.0000174 seconds
[113.501s][info ][safepoint    ] Application time: 1.0000854 seconds
[113.501s][info ][safepoint    ] Entering safepoint region: Cleanup
[113.501s][info ][safepoint    ] Leaving safepoint region
[113.501s][info ][safepoint    ] Total time for which application threads were stopped: 0.0000706 seconds, Stopping threads took: 0.0000162 seconds
[114.501s][info ][safepoint    ] Application time: 1.0003369 seconds
[114.502s][info ][safepoint    ] Entering safepoint region: Cleanup
[114.502s][info ][safepoint    ] Leaving safepoint region
[114.502s][info ][safepoint    ] Total time for which application threads were stopped: 0.0000731 seconds, Stopping threads took: 0.0000170 seconds
[115.502s][info ][safepoint    ] Application time: 1.0000838 seconds
[115.502s][info ][safepoint    ] Entering safepoint region: Cleanup
[115.502s][info ][safepoint    ] Leaving safepoint region
[115.502s][info ][safepoint    ] Total time for which application threads were stopped: 0.0001834 seconds, Stopping threads took: 0.0000169 seconds
[116.502s][info ][safepoint    ] Application time: 1.0000960 seconds
[116.502s][info ][safepoint    ] Entering safepoint region: Cleanup
[116.502s][info ][safepoint    ] Leaving safepoint region
[116.502s][info ][safepoint    ] Total time for which application threads were stopped: 0.0001107 seconds, Stopping threads took: 0.0000169 seconds
[117.502s][info ][safepoint    ] Application time: 1.0000938 seconds
[117.502s][info ][safepoint    ] Entering safepoint region: Cleanup
[117.502s][info ][safepoint    ] Leaving safepoint region
[117.502s][info ][safepoint    ] Total time for which application threads were stopped: 0.0001245 seconds, Stopping threads took: 0.0000650 seconds
[118.503s][info ][safepoint    ] Application time: 1.0001029 seconds
[118.503s][info ][safepoint    ] Entering safepoint region: Cleanup
[118.503s][info ][safepoint    ] Leaving safepoint region
[118.503s][info ][safepoint    ] Total time for which application threads were stopped: 0.0000716 seconds, Stopping threads took: 0.0000175 seconds
[119.503s][info ][safepoint    ] Application time: 1.0000967 seconds
[119.503s][info ][safepoint    ] Entering safepoint region: Cleanup
[119.503s][info ][safepoint    ] Leaving safepoint region
[119.503s][info ][safepoint    ] Total time for which application threads were stopped: 0.0000828 seconds, Stopping threads took: 0.0000227 seconds
[120.503s][info ][safepoint    ] Application time: 1.0000817 seconds
[120.503s][info ][safepoint    ] Entering safepoint region: Cleanup
[120.503s][info ][safepoint    ] Leaving safepoint region
[120.503s][info ][safepoint    ] Total time for which application threads were stopped: 0.0000727 seconds, Stopping threads took: 0.0000193 seconds
[121.503s][info ][safepoint    ] Application time: 1.0001487 seconds
[121.503s][info ][safepoint    ] Entering safepoint region: Cleanup
[121.503s][info ][safepoint    ] Leaving safepoint region
[121.503s][info ][safepoint    ] Total time for which application threads were stopped: 0.0000849 seconds, Stopping threads took: 0.0000182 seconds
[122.503s][info ][safepoint    ] Application time: 1.0000839 seconds
[122.503s][info ][safepoint    ] Entering safepoint region: Cleanup
[122.504s][info ][safepoint    ] Leaving safepoint region
[122.504s][info ][safepoint    ] Total time for which application threads were stopped: 0.0000830 seconds, Stopping threads took: 0.0000166 seconds
[123.504s][info ][safepoint    ] Application time: 1.0000917 seconds
[123.504s][info ][safepoint    ] Entering safepoint region: Cleanup
[123.504s][info ][safepoint    ] Leaving safepoint region
[123.504s][info ][safepoint    ] Total time for which application threads were stopped: 0.0000853 seconds, Stopping threads took: 0.0000215 seconds
[124.504s][info ][safepoint    ] Application time: 1.0000926 seconds
[124.504s][info ][safepoint    ] Entering safepoint region: Cleanup
[124.504s][info ][safepoint    ] Leaving safepoint region
[124.504s][info ][safepoint    ] Total time for which application threads were stopped: 0.0000724 seconds, Stopping threads took: 0.0000173 seconds
[125.504s][info ][safepoint    ] Application time: 1.0001301 seconds
[125.504s][info ][safepoint    ] Entering safepoint region: Cleanup
[125.504s][info ][safepoint    ] Leaving safepoint region
[125.504s][info ][safepoint    ] Total time for which application threads were stopped: 0.0003062 seconds, Stopping threads took: 0.0001667 seconds
[126.505s][info ][safepoint    ] Application time: 1.0003275 seconds
[126.505s][info ][safepoint    ] Entering safepoint region: Cleanup
[126.505s][info ][safepoint    ] Leaving safepoint region
[126.505s][info ][safepoint    ] Total time for which application threads were stopped: 0.0000923 seconds, Stopping threads took: 0.0000381 seconds
[127.505s][info ][safepoint    ] Application time: 1.0000946 seconds
[127.505s][info ][safepoint    ] Entering safepoint region: Cleanup
[127.505s][info ][safepoint    ] Leaving safepoint region
[127.505s][info ][safepoint    ] Total time for which application threads were stopped: 0.0000696 seconds, Stopping threads took: 0.0000174 seconds
[128.505s][info ][safepoint    ] Application time: 1.0001054 seconds
[128.505s][info ][safepoint    ] Entering safepoint region: Cleanup
[128.505s][info ][safepoint    ] Leaving safepoint region
[128.505s][info ][safepoint    ] Total time for which application threads were stopped: 0.0000682 seconds, Stopping threads took: 0.0000166 seconds
[129.505s][info ][safepoint    ] Application time: 1.0001175 seconds
[129.506s][info ][safepoint    ] Entering safepoint region: Cleanup
[129.506s][info ][safepoint    ] Leaving safepoint region
[129.506s][info ][safepoint    ] Total time for which application threads were stopped: 0.0000888 seconds, Stopping threads took: 0.0000346 seconds
[130.506s][info ][safepoint    ] Application time: 1.0000950 seconds
[130.506s][info ][safepoint    ] Entering safepoint region: Cleanup
[130.506s][info ][safepoint    ] Leaving safepoint region
[130.506s][info ][safepoint    ] Total time for which application threads were stopped: 0.0000965 seconds, Stopping threads took: 0.0000162 seconds
[131.506s][info ][safepoint    ] Application time: 1.0000926 seconds
[131.506s][info ][safepoint    ] Entering safepoint region: Cleanup
[131.506s][info ][safepoint    ] Leaving safepoint region
[131.506s][info ][safepoint    ] Total time for which application threads were stopped: 0.0000959 seconds, Stopping threads took: 0.0000408 seconds
[132.506s][info ][safepoint    ] Application time: 1.0001000 seconds
[132.506s][info ][safepoint    ] Entering safepoint region: Cleanup
[132.506s][info ][safepoint    ] Leaving safepoint region
[132.506s][info ][safepoint    ] Total time for which application threads were stopped: 0.0000738 seconds, Stopping threads took: 0.0000173 seconds
[133.506s][info ][safepoint    ] Application time: 1.0000987 seconds
[133.506s][info ][safepoint    ] Entering safepoint region: Cleanup
[133.506s][info ][safepoint    ] Leaving safepoint region
[133.507s][info ][safepoint    ] Total time for which application threads were stopped: 0.0000759 seconds, Stopping threads took: 0.0000182 seconds
[134.507s][info ][safepoint    ] Application time: 1.0000954 seconds
[134.507s][info ][safepoint    ] Entering safepoint region: Cleanup
[134.507s][info ][safepoint    ] Leaving safepoint region
[134.507s][info ][safepoint    ] Total time for which application threads were stopped: 0.0000846 seconds, Stopping threads took: 0.0000168 seconds
[135.507s][info ][safepoint    ] Application time: 1.0000961 seconds
[135.507s][info ][safepoint    ] Entering safepoint region: Cleanup
[135.507s][info ][safepoint    ] Leaving safepoint region
[135.507s][info ][safepoint    ] Total time for which application threads were stopped: 0.0000736 seconds, Stopping threads took: 0.0000178 seconds
[136.507s][info ][safepoint    ] Application time: 1.0000923 seconds
[136.507s][info ][safepoint    ] Entering safepoint region: Cleanup
[136.507s][info ][safepoint    ] Leaving safepoint region
[136.507s][info ][safepoint    ] Total time for which application threads were stopped: 0.0000754 seconds, Stopping threads took: 0.0000209 seconds
[137.507s][info ][safepoint    ] Application time: 1.0000869 seconds
[137.507s][info ][safepoint    ] Entering safepoint region: Cleanup
[137.507s][info ][safepoint    ] Leaving safepoint region
[137.507s][info ][safepoint    ] Total time for which application threads were stopped: 0.0000916 seconds, Stopping threads took: 0.0000371 seconds
[138.507s][info ][safepoint    ] Application time: 1.0001004 seconds
[138.508s][info ][safepoint    ] Entering safepoint region: Cleanup
[138.508s][info ][safepoint    ] Leaving safepoint region
[138.508s][info ][safepoint    ] Total time for which application threads were stopped: 0.0000942 seconds, Stopping threads took: 0.0000211 seconds
[139.508s][info ][safepoint    ] Application time: 1.0000956 seconds
[139.508s][info ][safepoint    ] Entering safepoint region: Cleanup
[139.508s][info ][safepoint    ] Leaving safepoint region
[139.508s][info ][safepoint    ] Total time for which application threads were stopped: 0.0000818 seconds, Stopping threads took: 0.0000252 seconds
[140.508s][info ][safepoint    ] Application time: 1.0000969 seconds
[140.508s][info ][safepoint    ] Entering safepoint region: Cleanup
[140.508s][info ][safepoint    ] Leaving safepoint region
[140.508s][info ][safepoint    ] Total time for which application threads were stopped: 0.0000878 seconds, Stopping threads took: 0.0000175 seconds
[141.509s][info ][safepoint    ] Application time: 1.0006071 seconds
[141.509s][info ][safepoint    ] Entering safepoint region: Cleanup
[141.509s][info ][safepoint    ] Leaving safepoint region
[141.509s][info ][safepoint    ] Total time for which application threads were stopped: 0.0000733 seconds, Stopping threads took: 0.0000180 seconds
[142.509s][info ][safepoint    ] Application time: 1.0000964 seconds
[142.509s][info ][safepoint    ] Entering safepoint region: Cleanup
[142.509s][info ][safepoint    ] Leaving safepoint region
[142.509s][info ][safepoint    ] Total time for which application threads were stopped: 0.0000817 seconds, Stopping threads took: 0.0000160 seconds
[143.509s][info ][safepoint    ] Application time: 1.0000635 seconds
[143.509s][info ][safepoint    ] Entering safepoint region: Cleanup
[143.509s][info ][safepoint    ] Leaving safepoint region
[143.509s][info ][safepoint    ] Total time for which application threads were stopped: 0.0001462 seconds, Stopping threads took: 0.0000177 seconds
[144.510s][info ][safepoint    ] Application time: 1.0002593 seconds
[144.510s][info ][safepoint    ] Entering safepoint region: Cleanup
[144.510s][info ][safepoint    ] Leaving safepoint region
[144.510s][info ][safepoint    ] Total time for which application threads were stopped: 0.0000697 seconds, Stopping threads took: 0.0000160 seconds
[145.510s][info ][safepoint    ] Application time: 1.0000889 seconds
[145.510s][info ][safepoint    ] Entering safepoint region: Cleanup
[145.510s][info ][safepoint    ] Leaving safepoint region
[145.510s][info ][safepoint    ] Total time for which application threads were stopped: 0.0000750 seconds, Stopping threads took: 0.0000201 seconds
[146.510s][info ][safepoint    ] Application time: 1.0001050 seconds
[146.510s][info ][safepoint    ] Entering safepoint region: Cleanup
[146.510s][info ][safepoint    ] Leaving safepoint region
[146.510s][info ][safepoint    ] Total time for which application threads were stopped: 0.0000678 seconds, Stopping threads took: 0.0000165 seconds
[147.510s][info ][safepoint    ] Application time: 1.0001023 seconds
[147.510s][info ][safepoint    ] Entering safepoint region: Cleanup
[147.510s][info ][safepoint    ] Leaving safepoint region
[147.510s][info ][safepoint    ] Total time for which application threads were stopped: 0.0000919 seconds, Stopping threads took: 0.0000329 seconds
[147.682s][info ][safepoint    ] Application time: 0.1720269 seconds
[147.682s][info ][safepoint    ] Entering safepoint region: RevokeBias
[147.682s][info ][safepoint    ] Leaving safepoint region
[147.682s][info ][safepoint    ] Total time for which application threads were stopped: 0.0000829 seconds, Stopping threads took: 0.0000153 seconds
[148.683s][info ][safepoint    ] Application time: 1.0001064 seconds
[148.683s][info ][safepoint    ] Entering safepoint region: Cleanup
[148.683s][info ][safepoint    ] Leaving safepoint region
[148.683s][info ][safepoint    ] Total time for which application threads were stopped: 0.0001000 seconds, Stopping threads took: 0.0000167 seconds
[149.683s][info ][safepoint    ] Application time: 1.0000930 seconds
[149.683s][info ][safepoint    ] Entering safepoint region: Cleanup
[149.683s][info ][safepoint    ] Leaving safepoint region
[149.683s][info ][safepoint    ] Total time for which application threads were stopped: 0.0000682 seconds, Stopping threads took: 0.0000166 seconds
[150.683s][info ][safepoint    ] Application time: 1.0001031 seconds
[150.683s][info ][safepoint    ] Entering safepoint region: Cleanup
[150.683s][info ][safepoint    ] Leaving safepoint region
[150.683s][info ][safepoint    ] Total time for which application threads were stopped: 0.0000777 seconds, Stopping threads took: 0.0000227 seconds
[151.683s][info ][safepoint    ] Application time: 1.0000972 seconds
[151.683s][info ][safepoint    ] Entering safepoint region: Cleanup
[151.683s][info ][safepoint    ] Leaving safepoint region
[151.683s][info ][safepoint    ] Total time for which application threads were stopped: 0.0001782 seconds, Stopping threads took: 0.0000696 seconds
[152.684s][info ][safepoint    ] Application time: 1.0000922 seconds
[152.684s][info ][safepoint    ] Entering safepoint region: Cleanup
[152.684s][info ][safepoint    ] Leaving safepoint region
[152.684s][info ][safepoint    ] Total time for which application threads were stopped: 0.0000837 seconds, Stopping threads took: 0.0000170 seconds
[153.684s][info ][safepoint    ] Application time: 1.0001002 seconds
[153.684s][info ][safepoint    ] Entering safepoint region: Cleanup
[153.684s][info ][safepoint    ] Leaving safepoint region
[153.684s][info ][safepoint    ] Total time for which application threads were stopped: 0.0000698 seconds, Stopping threads took: 0.0000182 seconds
[154.684s][info ][safepoint    ] Application time: 1.0001124 seconds
[154.684s][info ][safepoint    ] Entering safepoint region: Cleanup
[154.684s][info ][safepoint    ] Leaving safepoint region
[154.684s][info ][safepoint    ] Total time for which application threads were stopped: 0.0000680 seconds, Stopping threads took: 0.0000170 seconds
[155.684s][info ][safepoint    ] Application time: 1.0001211 seconds
[155.684s][info ][safepoint    ] Entering safepoint region: Cleanup
[155.684s][info ][safepoint    ] Leaving safepoint region
[155.684s][info ][safepoint    ] Total time for which application threads were stopped: 0.0000703 seconds, Stopping threads took: 0.0000173 seconds
[156.685s][info ][safepoint    ] Application time: 1.0000952 seconds
[156.685s][info ][safepoint    ] Entering safepoint region: Cleanup
[156.685s][info ][safepoint    ] Leaving safepoint region
[156.685s][info ][safepoint    ] Total time for which application threads were stopped: 0.0000704 seconds, Stopping threads took: 0.0000173 seconds
[157.685s][info ][safepoint    ] Application time: 1.0000989 seconds
[157.685s][info ][safepoint    ] Entering safepoint region: Cleanup
[157.685s][info ][safepoint    ] Leaving safepoint region
[157.685s][info ][safepoint    ] Total time for which application threads were stopped: 0.0000917 seconds, Stopping threads took: 0.0000351 seconds
[158.685s][info ][safepoint    ] Application time: 1.0000636 seconds
[158.685s][info ][safepoint    ] Entering safepoint region: Cleanup
[158.685s][info ][safepoint    ] Leaving safepoint region
[158.685s][info ][safepoint    ] Total time for which application threads were stopped: 0.0001081 seconds, Stopping threads took: 0.0000171 seconds
[159.685s][info ][safepoint    ] Application time: 1.0000958 seconds
[159.685s][info ][safepoint    ] Entering safepoint region: Cleanup
[159.685s][info ][safepoint    ] Leaving safepoint region
[159.685s][info ][safepoint    ] Total time for which application threads were stopped: 0.0000756 seconds, Stopping threads took: 0.0000200 seconds
[160.685s][info ][safepoint    ] Application time: 1.0000963 seconds
[160.685s][info ][safepoint    ] Entering safepoint region: Cleanup
[160.686s][info ][safepoint    ] Leaving safepoint region
[160.686s][info ][safepoint    ] Total time for which application threads were stopped: 0.0000694 seconds, Stopping threads took: 0.0000178 seconds
[161.686s][info ][safepoint    ] Application time: 1.0000838 seconds
[161.686s][info ][safepoint    ] Entering safepoint region: Cleanup
[161.686s][info ][safepoint    ] Leaving safepoint region
[161.686s][info ][safepoint    ] Total time for which application threads were stopped: 0.0000780 seconds, Stopping threads took: 0.0000260 seconds
[162.686s][info ][safepoint    ] Application time: 1.0000869 seconds
[162.686s][info ][safepoint    ] Entering safepoint region: Cleanup
[162.686s][info ][safepoint    ] Leaving safepoint region
[162.686s][info ][safepoint    ] Total time for which application threads were stopped: 0.0000693 seconds, Stopping threads took: 0.0000167 seconds
[163.686s][info ][safepoint    ] Application time: 1.0000917 seconds
[163.686s][info ][safepoint    ] Entering safepoint region: Cleanup
[163.686s][info ][safepoint    ] Leaving safepoint region
[163.686s][info ][safepoint    ] Total time for which application threads were stopped: 0.0000797 seconds, Stopping threads took: 0.0000258 seconds
[164.686s][info ][safepoint    ] Application time: 1.0000877 seconds
[164.686s][info ][safepoint    ] Entering safepoint region: Cleanup
[164.686s][info ][safepoint    ] Leaving safepoint region
[164.686s][info ][safepoint    ] Total time for which application threads were stopped: 0.0000728 seconds, Stopping threads took: 0.0000207 seconds
[165.686s][info ][safepoint    ] Application time: 1.0000948 seconds
[165.687s][info ][safepoint    ] Entering safepoint region: Cleanup
[165.687s][info ][safepoint    ] Leaving safepoint region
[165.687s][info ][safepoint    ] Total time for which application threads were stopped: 0.0000846 seconds, Stopping threads took: 0.0000164 seconds
[166.687s][info ][safepoint    ] Application time: 1.0000929 seconds
[166.687s][info ][safepoint    ] Entering safepoint region: Cleanup
[166.687s][info ][safepoint    ] Leaving safepoint region
[166.687s][info ][safepoint    ] Total time for which application threads were stopped: 0.0000722 seconds, Stopping threads took: 0.0000191 seconds
[167.687s][info ][safepoint    ] Application time: 1.0000913 seconds
[167.687s][info ][safepoint    ] Entering safepoint region: Cleanup
[167.687s][info ][safepoint    ] Leaving safepoint region
[167.687s][info ][safepoint    ] Total time for which application threads were stopped: 0.0000682 seconds, Stopping threads took: 0.0000164 seconds
[168.687s][info ][safepoint    ] Application time: 1.0000846 seconds
[168.687s][info ][safepoint    ] Entering safepoint region: Cleanup
[168.687s][info ][safepoint    ] Leaving safepoint region
[168.687s][info ][safepoint    ] Total time for which application threads were stopped: 0.0000725 seconds, Stopping threads took: 0.0000175 seconds
[169.687s][info ][safepoint    ] Application time: 1.0000893 seconds
[169.687s][info ][safepoint    ] Entering safepoint region: Cleanup
[169.687s][info ][safepoint    ] Leaving safepoint region
[169.687s][info ][safepoint    ] Total time for which application threads were stopped: 0.0000821 seconds, Stopping threads took: 0.0000167 seconds
[170.688s][info ][safepoint    ] Application time: 1.0000967 seconds
[170.688s][info ][safepoint    ] Entering safepoint region: Cleanup
[170.688s][info ][safepoint    ] Leaving safepoint region
[170.688s][info ][safepoint    ] Total time for which application threads were stopped: 0.0000728 seconds, Stopping threads took: 0.0000163 seconds
[171.688s][info ][safepoint    ] Application time: 1.0000991 seconds
[171.688s][info ][safepoint    ] Entering safepoint region: Cleanup
[171.688s][info ][safepoint    ] Leaving safepoint region
[171.688s][info ][safepoint    ] Total time for which application threads were stopped: 0.0000706 seconds, Stopping threads took: 0.0000178 seconds
[172.688s][info ][safepoint    ] Application time: 1.0000411 seconds
[172.688s][info ][safepoint    ] Entering safepoint region: Cleanup
[172.688s][info ][safepoint    ] Leaving safepoint region
[172.688s][info ][safepoint    ] Total time for which application threads were stopped: 0.0000708 seconds, Stopping threads took: 0.0000190 seconds
[173.688s][info ][safepoint    ] Application time: 1.0000963 seconds
[173.688s][info ][safepoint    ] Entering safepoint region: Cleanup
[173.688s][info ][safepoint    ] Leaving safepoint region
[173.688s][info ][safepoint    ] Total time for which application threads were stopped: 0.0000728 seconds, Stopping threads took: 0.0000189 seconds
[174.688s][info ][safepoint    ] Application time: 1.0001265 seconds
[174.688s][info ][safepoint    ] Entering safepoint region: Cleanup
[174.688s][info ][safepoint    ] Leaving safepoint region
[174.688s][info ][safepoint    ] Total time for which application threads were stopped: 0.0000730 seconds, Stopping threads took: 0.0000177 seconds
[175.689s][info ][safepoint    ] Application time: 1.0000903 seconds
[175.689s][info ][safepoint    ] Entering safepoint region: Cleanup
[175.689s][info ][safepoint    ] Leaving safepoint region
[175.689s][info ][safepoint    ] Total time for which application threads were stopped: 0.0000697 seconds, Stopping threads took: 0.0000169 seconds
[176.689s][info ][safepoint    ] Application time: 1.0001068 seconds
[176.689s][info ][safepoint    ] Entering safepoint region: Cleanup
[176.689s][info ][safepoint    ] Leaving safepoint region
[176.689s][info ][safepoint    ] Total time for which application threads were stopped: 0.0000684 seconds, Stopping threads took: 0.0000170 seconds
[177.689s][info ][safepoint    ] Application time: 1.0000897 seconds
[177.689s][info ][safepoint    ] Entering safepoint region: Cleanup
[177.689s][info ][safepoint    ] Leaving safepoint region
[177.689s][info ][safepoint    ] Total time for which application threads were stopped: 0.0000870 seconds, Stopping threads took: 0.0000167 seconds
[178.689s][info ][safepoint    ] Application time: 1.0000914 seconds
[178.689s][info ][safepoint    ] Entering safepoint region: Cleanup
[178.689s][info ][safepoint    ] Leaving safepoint region
[178.689s][info ][safepoint    ] Total time for which application threads were stopped: 0.0000837 seconds, Stopping threads took: 0.0000164 seconds
[179.689s][info ][safepoint    ] Application time: 1.0000907 seconds
[179.689s][info ][safepoint    ] Entering safepoint region: Cleanup
[179.690s][info ][safepoint    ] Leaving safepoint region
[179.690s][info ][safepoint    ] Total time for which application threads were stopped: 0.0000764 seconds, Stopping threads took: 0.0000181 seconds
[180.690s][info ][safepoint    ] Application time: 1.0000928 seconds
[180.690s][info ][safepoint    ] Entering safepoint region: Cleanup
[180.690s][info ][safepoint    ] Leaving safepoint region
[180.690s][info ][safepoint    ] Total time for which application threads were stopped: 0.0000700 seconds, Stopping threads took: 0.0000168 seconds
[181.690s][info ][safepoint    ] Application time: 1.0000909 seconds
[181.690s][info ][safepoint    ] Entering safepoint region: Cleanup
[181.690s][info ][safepoint    ] Leaving safepoint region
[181.690s][info ][safepoint    ] Total time for which application threads were stopped: 0.0000806 seconds, Stopping threads took: 0.0000293 seconds
[182.690s][info ][safepoint    ] Application time: 1.0000945 seconds
[182.690s][info ][safepoint    ] Entering safepoint region: Cleanup
[182.690s][info ][safepoint    ] Leaving safepoint region
[182.690s][info ][safepoint    ] Total time for which application threads were stopped: 0.0000692 seconds, Stopping threads took: 0.0000172 seconds
[183.690s][info ][safepoint    ] Application time: 1.0000983 seconds
[183.690s][info ][safepoint    ] Entering safepoint region: Cleanup
[183.690s][info ][safepoint    ] Leaving safepoint region
[183.690s][info ][safepoint    ] Total time for which application threads were stopped: 0.0000657 seconds, Stopping threads took: 0.0000164 seconds
[184.690s][info ][safepoint    ] Application time: 1.0001000 seconds
[184.691s][info ][safepoint    ] Entering safepoint region: Cleanup
[184.691s][info ][safepoint    ] Leaving safepoint region
[184.691s][info ][safepoint    ] Total time for which application threads were stopped: 0.0000688 seconds, Stopping threads took: 0.0000172 seconds
[185.691s][info ][safepoint    ] Application time: 1.0000889 seconds
[185.691s][info ][safepoint    ] Entering safepoint region: Cleanup
[185.691s][info ][safepoint    ] Leaving safepoint region
[185.691s][info ][safepoint    ] Total time for which application threads were stopped: 0.0000712 seconds, Stopping threads took: 0.0000177 seconds
[186.691s][info ][safepoint    ] Application time: 1.0001061 seconds
[186.691s][info ][safepoint    ] Entering safepoint region: Cleanup
[186.691s][info ][safepoint    ] Leaving safepoint region
[186.691s][info ][safepoint    ] Total time for which application threads were stopped: 0.0000775 seconds, Stopping threads took: 0.0000183 seconds
[187.691s][info ][safepoint    ] Application time: 1.0000875 seconds
[187.691s][info ][safepoint    ] Entering safepoint region: Cleanup
[187.691s][info ][safepoint    ] Leaving safepoint region
[187.691s][info ][safepoint    ] Total time for which application threads were stopped: 0.0000728 seconds, Stopping threads took: 0.0000174 seconds
[188.691s][info ][safepoint    ] Application time: 1.0001015 seconds
[188.691s][info ][safepoint    ] Entering safepoint region: Cleanup
[188.691s][info ][safepoint    ] Leaving safepoint region
[188.691s][info ][safepoint    ] Total time for which application threads were stopped: 0.0001027 seconds, Stopping threads took: 0.0000485 seconds
[189.692s][info ][safepoint    ] Application time: 1.0000883 seconds
[189.692s][info ][safepoint    ] Entering safepoint region: Cleanup
[189.692s][info ][safepoint    ] Leaving safepoint region
[189.692s][info ][safepoint    ] Total time for which application threads were stopped: 0.0000822 seconds, Stopping threads took: 0.0000165 seconds
[190.692s][info ][safepoint    ] Application time: 1.0000930 seconds
[190.692s][info ][safepoint    ] Entering safepoint region: Cleanup
[190.692s][info ][safepoint    ] Leaving safepoint region
[190.692s][info ][safepoint    ] Total time for which application threads were stopped: 0.0001629 seconds, Stopping threads took: 0.0000242 seconds
[191.692s][info ][safepoint    ] Application time: 1.0001010 seconds
[191.692s][info ][safepoint    ] Entering safepoint region: Cleanup
[191.692s][info ][safepoint    ] Leaving safepoint region
[191.692s][info ][safepoint    ] Total time for which application threads were stopped: 0.0000826 seconds, Stopping threads took: 0.0000168 seconds
[192.692s][info ][safepoint    ] Application time: 1.0000811 seconds
[192.692s][info ][safepoint    ] Entering safepoint region: Cleanup
[192.692s][info ][safepoint    ] Leaving safepoint region
[192.692s][info ][safepoint    ] Total time for which application threads were stopped: 0.0000724 seconds, Stopping threads took: 0.0000165 seconds
[193.693s][info ][safepoint    ] Application time: 1.0000670 seconds
[193.693s][info ][safepoint    ] Entering safepoint region: Cleanup
[193.693s][info ][safepoint    ] Leaving safepoint region
[193.693s][info ][safepoint    ] Total time for which application threads were stopped: 0.0000698 seconds, Stopping threads took: 0.0000173 seconds
[194.693s][info ][safepoint    ] Application time: 1.0000912 seconds
[194.693s][info ][safepoint    ] Entering safepoint region: Cleanup
[194.693s][info ][safepoint    ] Leaving safepoint region
[194.693s][info ][safepoint    ] Total time for which application threads were stopped: 0.0000744 seconds, Stopping threads took: 0.0000173 seconds
[195.693s][info ][safepoint    ] Application time: 1.0000842 seconds
[195.693s][info ][safepoint    ] Entering safepoint region: Cleanup
[195.693s][info ][safepoint    ] Leaving safepoint region
[195.693s][info ][safepoint    ] Total time for which application threads were stopped: 0.0000822 seconds, Stopping threads took: 0.0000311 seconds
[196.693s][info ][safepoint    ] Application time: 1.0001120 seconds
[196.693s][info ][safepoint    ] Entering safepoint region: Cleanup
[196.693s][info ][safepoint    ] Leaving safepoint region
[196.693s][info ][safepoint    ] Total time for which application threads were stopped: 0.0000669 seconds, Stopping threads took: 0.0000164 seconds
[197.693s][info ][safepoint    ] Application time: 1.0000850 seconds
[197.693s][info ][safepoint    ] Entering safepoint region: Cleanup
[197.693s][info ][safepoint    ] Leaving safepoint region
[197.693s][info ][safepoint    ] Total time for which application threads were stopped: 0.0000838 seconds, Stopping threads took: 0.0000177 seconds
[198.694s][info ][safepoint    ] Application time: 1.0000945 seconds
[198.694s][info ][safepoint    ] Entering safepoint region: Cleanup
[198.694s][info ][safepoint    ] Leaving safepoint region
[198.694s][info ][safepoint    ] Total time for which application threads were stopped: 0.0000815 seconds, Stopping threads took: 0.0000167 seconds
[199.694s][info ][safepoint    ] Application time: 1.0001026 seconds
[199.694s][info ][safepoint    ] Entering safepoint region: Cleanup
[199.694s][info ][safepoint    ] Leaving safepoint region
[199.694s][info ][safepoint    ] Total time for which application threads were stopped: 0.0000708 seconds, Stopping threads took: 0.0000167 seconds
[200.694s][info ][safepoint    ] Application time: 1.0000894 seconds
[200.694s][info ][safepoint    ] Entering safepoint region: Cleanup
[200.694s][info ][safepoint    ] Leaving safepoint region
[200.694s][info ][safepoint    ] Total time for which application threads were stopped: 0.0000708 seconds, Stopping threads took: 0.0000178 seconds
[201.694s][info ][safepoint    ] Application time: 1.0000922 seconds
[201.694s][info ][safepoint    ] Entering safepoint region: Cleanup
[201.694s][info ][safepoint    ] Leaving safepoint region
[201.694s][info ][safepoint    ] Total time for which application threads were stopped: 0.0000698 seconds, Stopping threads took: 0.0000163 seconds
[202.694s][info ][safepoint    ] Application time: 1.0000957 seconds
[202.695s][info ][safepoint    ] Entering safepoint region: Cleanup
[202.695s][info ][safepoint    ] Leaving safepoint region
[202.695s][info ][safepoint    ] Total time for which application threads were stopped: 0.0000711 seconds, Stopping threads took: 0.0000169 seconds
[203.695s][info ][safepoint    ] Application time: 1.0000565 seconds
[203.695s][info ][safepoint    ] Entering safepoint region: Cleanup
[203.695s][info ][safepoint    ] Leaving safepoint region
[203.695s][info ][safepoint    ] Total time for which application threads were stopped: 0.0000883 seconds, Stopping threads took: 0.0000164 seconds
[204.695s][info ][safepoint    ] Application time: 1.0000930 seconds
[204.695s][info ][safepoint    ] Entering safepoint region: Cleanup
[204.695s][info ][safepoint    ] Leaving safepoint region
[204.695s][info ][safepoint    ] Total time for which application threads were stopped: 0.0000875 seconds, Stopping threads took: 0.0000177 seconds
[205.695s][info ][safepoint    ] Application time: 1.0000873 seconds
[205.695s][info ][safepoint    ] Entering safepoint region: Cleanup
[205.695s][info ][safepoint    ] Leaving safepoint region
[205.695s][info ][safepoint    ] Total time for which application threads were stopped: 0.0000670 seconds, Stopping threads took: 0.0000163 seconds
[206.695s][info ][safepoint    ] Application time: 1.0000823 seconds
[206.695s][info ][safepoint    ] Entering safepoint region: Cleanup
[206.695s][info ][safepoint    ] Leaving safepoint region
[206.695s][info ][safepoint    ] Total time for which application threads were stopped: 0.0000705 seconds, Stopping threads took: 0.0000175 seconds
[207.682s][info ][safepoint    ] Application time: 0.9868842 seconds
[207.682s][info ][safepoint    ] Entering safepoint region: RevokeBias
[207.683s][info ][safepoint    ] Leaving safepoint region
[207.683s][info ][safepoint    ] Total time for which application threads were stopped: 0.0004660 seconds, Stopping threads took: 0.0000159 seconds
[208.683s][info ][safepoint    ] Application time: 1.0001100 seconds
[208.683s][info ][safepoint    ] Entering safepoint region: Cleanup
[208.683s][info ][safepoint    ] Leaving safepoint region
[208.683s][info ][safepoint    ] Total time for which application threads were stopped: 0.0000734 seconds, Stopping threads took: 0.0000174 seconds
[209.683s][info ][safepoint    ] Application time: 1.0000936 seconds
[209.683s][info ][safepoint    ] Entering safepoint region: Cleanup
[209.683s][info ][safepoint    ] Leaving safepoint region
[209.683s][info ][safepoint    ] Total time for which application threads were stopped: 0.0000944 seconds, Stopping threads took: 0.0000375 seconds
[210.683s][info ][safepoint    ] Application time: 1.0000891 seconds
[210.683s][info ][safepoint    ] Entering safepoint region: Cleanup
[210.683s][info ][safepoint    ] Leaving safepoint region
[210.683s][info ][safepoint    ] Total time for which application threads were stopped: 0.0001034 seconds, Stopping threads took: 0.0000437 seconds
[211.684s][info ][safepoint    ] Application time: 1.0000989 seconds
[211.684s][info ][safepoint    ] Entering safepoint region: Cleanup
[211.684s][info ][safepoint    ] Leaving safepoint region
[211.684s][info ][safepoint    ] Total time for which application threads were stopped: 0.0001221 seconds, Stopping threads took: 0.0000419 seconds
[212.684s][info ][safepoint    ] Application time: 1.0000968 seconds
[212.684s][info ][safepoint    ] Entering safepoint region: Cleanup
[212.684s][info ][safepoint    ] Leaving safepoint region
[212.684s][info ][safepoint    ] Total time for which application threads were stopped: 0.0000686 seconds, Stopping threads took: 0.0000160 seconds
[213.684s][info ][safepoint    ] Application time: 1.0000926 seconds
[213.684s][info ][safepoint    ] Entering safepoint region: Cleanup
[213.684s][info ][safepoint    ] Leaving safepoint region
[213.684s][info ][safepoint    ] Total time for which application threads were stopped: 0.0000667 seconds, Stopping threads took: 0.0000162 seconds
[214.684s][info ][safepoint    ] Application time: 1.0001121 seconds
[214.684s][info ][safepoint    ] Entering safepoint region: Cleanup
[214.684s][info ][safepoint    ] Leaving safepoint region
[214.684s][info ][safepoint    ] Total time for which application threads were stopped: 0.0000789 seconds, Stopping threads took: 0.0000239 seconds
[215.684s][info ][safepoint    ] Application time: 1.0000957 seconds
[215.685s][info ][safepoint    ] Entering safepoint region: Cleanup
[215.685s][info ][safepoint    ] Leaving safepoint region
[215.685s][info ][safepoint    ] Total time for which application threads were stopped: 0.0000695 seconds, Stopping threads took: 0.0000167 seconds
[216.685s][info ][safepoint    ] Application time: 1.0001342 seconds
[216.685s][info ][safepoint    ] Entering safepoint region: Cleanup
[216.685s][info ][safepoint    ] Leaving safepoint region
[216.685s][info ][safepoint    ] Total time for which application threads were stopped: 0.0000733 seconds, Stopping threads took: 0.0000184 seconds
[217.691s][info ][safepoint    ] Application time: 1.0058646 seconds
[217.691s][info ][safepoint    ] Entering safepoint region: Cleanup
[217.691s][info ][safepoint    ] Leaving safepoint region
[217.691s][info ][safepoint    ] Total time for which application threads were stopped: 0.0000691 seconds, Stopping threads took: 0.0000170 seconds
[218.691s][info ][safepoint    ] Application time: 1.0000927 seconds
[218.691s][info ][safepoint    ] Entering safepoint region: Cleanup
[218.691s][info ][safepoint    ] Leaving safepoint region
[218.691s][info ][safepoint    ] Total time for which application threads were stopped: 0.0001220 seconds, Stopping threads took: 0.0000480 seconds
[219.691s][info ][safepoint    ] Application time: 1.0000958 seconds
[219.691s][info ][safepoint    ] Entering safepoint region: Cleanup
[219.691s][info ][safepoint    ] Leaving safepoint region
[219.691s][info ][safepoint    ] Total time for which application threads were stopped: 0.0000881 seconds, Stopping threads took: 0.0000199 seconds
[220.691s][info ][safepoint    ] Application time: 1.0000894 seconds
[220.692s][info ][safepoint    ] Entering safepoint region: Cleanup
[220.692s][info ][safepoint    ] Leaving safepoint region
[220.692s][info ][safepoint    ] Total time for which application threads were stopped: 0.0000689 seconds, Stopping threads took: 0.0000176 seconds
[221.692s][info ][safepoint    ] Application time: 1.0000964 seconds
[221.692s][info ][safepoint    ] Entering safepoint region: Cleanup
[221.692s][info ][safepoint    ] Leaving safepoint region
[221.692s][info ][safepoint    ] Total time for which application threads were stopped: 0.0000720 seconds, Stopping threads took: 0.0000184 seconds
[222.692s][info ][safepoint    ] Application time: 1.0000848 seconds
[222.692s][info ][safepoint    ] Entering safepoint region: Cleanup
[222.692s][info ][safepoint    ] Leaving safepoint region
[222.692s][info ][safepoint    ] Total time for which application threads were stopped: 0.0000893 seconds, Stopping threads took: 0.0000164 seconds
[223.692s][info ][safepoint    ] Application time: 1.0001110 seconds
[223.692s][info ][safepoint    ] Entering safepoint region: Cleanup
[223.692s][info ][safepoint    ] Leaving safepoint region
[223.692s][info ][safepoint    ] Total time for which application threads were stopped: 0.0000824 seconds, Stopping threads took: 0.0000305 seconds
[224.692s][info ][safepoint    ] Application time: 1.0001494 seconds
[224.692s][info ][safepoint    ] Entering safepoint region: Cleanup
[224.693s][info ][safepoint    ] Leaving safepoint region
[224.693s][info ][safepoint    ] Total time for which application threads were stopped: 0.0001096 seconds, Stopping threads took: 0.0000413 seconds
[225.693s][info ][safepoint    ] Application time: 1.0000992 seconds
[225.693s][info ][safepoint    ] Entering safepoint region: Cleanup
[225.693s][info ][safepoint    ] Leaving safepoint region
[225.693s][info ][safepoint    ] Total time for which application threads were stopped: 0.0000709 seconds, Stopping threads took: 0.0000188 seconds
[226.693s][info ][safepoint    ] Application time: 1.0000930 seconds
[226.693s][info ][safepoint    ] Entering safepoint region: Cleanup
[226.693s][info ][safepoint    ] Leaving safepoint region
[226.693s][info ][safepoint    ] Total time for which application threads were stopped: 0.0000820 seconds, Stopping threads took: 0.0000330 seconds
[227.693s][info ][safepoint    ] Application time: 1.0000883 seconds
[227.693s][info ][safepoint    ] Entering safepoint region: Cleanup
[227.693s][info ][safepoint    ] Leaving safepoint region
[227.693s][info ][safepoint    ] Total time for which application threads were stopped: 0.0000660 seconds, Stopping threads took: 0.0000158 seconds
[228.693s][info ][safepoint    ] Application time: 1.0000930 seconds
[228.693s][info ][safepoint    ] Entering safepoint region: Cleanup
[228.693s][info ][safepoint    ] Leaving safepoint region
[228.693s][info ][safepoint    ] Total time for which application threads were stopped: 0.0000699 seconds, Stopping threads took: 0.0000156 seconds
[229.693s][info ][safepoint    ] Application time: 1.0001261 seconds
[229.694s][info ][safepoint    ] Entering safepoint region: Cleanup
[229.694s][info ][safepoint    ] Leaving safepoint region
[229.694s][info ][safepoint    ] Total time for which application threads were stopped: 0.0000665 seconds, Stopping threads took: 0.0000160 seconds
[230.694s][info ][safepoint    ] Application time: 1.0001042 seconds
[230.694s][info ][safepoint    ] Entering safepoint region: Cleanup
[230.694s][info ][safepoint    ] Leaving safepoint region
[230.694s][info ][safepoint    ] Total time for which application threads were stopped: 0.0000878 seconds, Stopping threads took: 0.0000205 seconds
[231.694s][info ][safepoint    ] Application time: 1.0001072 seconds
[231.694s][info ][safepoint    ] Entering safepoint region: Cleanup
[231.694s][info ][safepoint    ] Leaving safepoint region
[231.694s][info ][safepoint    ] Total time for which application threads were stopped: 0.0000669 seconds, Stopping threads took: 0.0000166 seconds
[232.694s][info ][safepoint    ] Application time: 1.0000929 seconds
[232.694s][info ][safepoint    ] Entering safepoint region: Cleanup
[232.694s][info ][safepoint    ] Leaving safepoint region
[232.694s][info ][safepoint    ] Total time for which application threads were stopped: 0.0002112 seconds, Stopping threads took: 0.0000163 seconds
[233.695s][info ][safepoint    ] Application time: 1.0001375 seconds
[233.695s][info ][safepoint    ] Entering safepoint region: Cleanup
[233.695s][info ][safepoint    ] Leaving safepoint region
[233.695s][info ][safepoint    ] Total time for which application threads were stopped: 0.0000685 seconds, Stopping threads took: 0.0000162 seconds
[234.695s][info ][safepoint    ] Application time: 1.0000832 seconds
[234.695s][info ][safepoint    ] Entering safepoint region: Cleanup
[234.695s][info ][safepoint    ] Leaving safepoint region
[234.695s][info ][safepoint    ] Total time for which application threads were stopped: 0.0004387 seconds, Stopping threads took: 0.0000251 seconds
[235.695s][info ][safepoint    ] Application time: 1.0001035 seconds
[235.695s][info ][safepoint    ] Entering safepoint region: Cleanup
[235.695s][info ][safepoint    ] Leaving safepoint region
[235.695s][info ][safepoint    ] Total time for which application threads were stopped: 0.0000727 seconds, Stopping threads took: 0.0000168 seconds
[236.696s][info ][safepoint    ] Application time: 1.0000936 seconds
[236.696s][info ][safepoint    ] Entering safepoint region: Cleanup
[236.696s][info ][safepoint    ] Leaving safepoint region
[236.696s][info ][safepoint    ] Total time for which application threads were stopped: 0.0000763 seconds, Stopping threads took: 0.0000158 seconds
[237.696s][info ][safepoint    ] Application time: 1.0000887 seconds
[237.696s][info ][safepoint    ] Entering safepoint region: Cleanup
[237.696s][info ][safepoint    ] Leaving safepoint region
[237.696s][info ][safepoint    ] Total time for which application threads were stopped: 0.0000709 seconds, Stopping threads took: 0.0000184 seconds
[238.696s][info ][safepoint    ] Application time: 1.0000881 seconds
[238.696s][info ][safepoint    ] Entering safepoint region: Cleanup
[238.696s][info ][safepoint    ] Leaving safepoint region
[238.696s][info ][safepoint    ] Total time for which application threads were stopped: 0.0000748 seconds, Stopping threads took: 0.0000168 seconds
[239.696s][info ][safepoint    ] Application time: 1.0000773 seconds
[239.696s][info ][safepoint    ] Entering safepoint region: Cleanup
[239.696s][info ][safepoint    ] Leaving safepoint region
[239.696s][info ][safepoint    ] Total time for which application threads were stopped: 0.0000838 seconds, Stopping threads took: 0.0000169 seconds
[240.696s][info ][safepoint    ] Application time: 1.0000936 seconds
[240.696s][info ][safepoint    ] Entering safepoint region: Cleanup
[240.697s][info ][safepoint    ] Leaving safepoint region
[240.697s][info ][safepoint    ] Total time for which application threads were stopped: 0.0000693 seconds, Stopping threads took: 0.0000170 seconds
[241.697s][info ][safepoint    ] Application time: 1.0001040 seconds
[241.697s][info ][safepoint    ] Entering safepoint region: Cleanup
[241.697s][info ][safepoint    ] Leaving safepoint region
[241.697s][info ][safepoint    ] Total time for which application threads were stopped: 0.0000915 seconds, Stopping threads took: 0.0000215 seconds
[242.697s][info ][safepoint    ] Application time: 1.0001213 seconds
[242.697s][info ][safepoint    ] Entering safepoint region: Cleanup
[242.697s][info ][safepoint    ] Leaving safepoint region
[242.697s][info ][safepoint    ] Total time for which application threads were stopped: 0.0001049 seconds, Stopping threads took: 0.0000252 seconds
[243.701s][info ][safepoint    ] Application time: 1.0039191 seconds
[243.701s][info ][safepoint    ] Entering safepoint region: Cleanup
[243.701s][info ][safepoint    ] Leaving safepoint region
[243.701s][info ][safepoint    ] Total time for which application threads were stopped: 0.0000720 seconds, Stopping threads took: 0.0000171 seconds
[244.701s][info ][safepoint    ] Application time: 1.0000949 seconds
[244.701s][info ][safepoint    ] Entering safepoint region: Cleanup
[244.701s][info ][safepoint    ] Leaving safepoint region
[244.701s][info ][safepoint    ] Total time for which application threads were stopped: 0.0000692 seconds, Stopping threads took: 0.0000175 seconds
[245.702s][info ][safepoint    ] Application time: 1.0000954 seconds
[245.702s][info ][safepoint    ] Entering safepoint region: Cleanup
[245.702s][info ][safepoint    ] Leaving safepoint region
[245.702s][info ][safepoint    ] Total time for which application threads were stopped: 0.0000706 seconds, Stopping threads took: 0.0000179 seconds
[246.702s][info ][safepoint    ] Application time: 1.0000843 seconds
[246.702s][info ][safepoint    ] Entering safepoint region: Cleanup
[246.702s][info ][safepoint    ] Leaving safepoint region
[246.702s][info ][safepoint    ] Total time for which application threads were stopped: 0.0000670 seconds, Stopping threads took: 0.0000164 seconds
[247.702s][info ][safepoint    ] Application time: 1.0000868 seconds
[247.702s][info ][safepoint    ] Entering safepoint region: Cleanup
[247.702s][info ][safepoint    ] Leaving safepoint region
[247.702s][info ][safepoint    ] Total time for which application threads were stopped: 0.0000869 seconds, Stopping threads took: 0.0000174 seconds
[248.702s][info ][safepoint    ] Application time: 1.0000950 seconds
[248.702s][info ][safepoint    ] Entering safepoint region: Cleanup
[248.702s][info ][safepoint    ] Leaving safepoint region
[248.702s][info ][safepoint    ] Total time for which application threads were stopped: 0.0000948 seconds, Stopping threads took: 0.0000420 seconds
[249.702s][info ][safepoint    ] Application time: 1.0001240 seconds
[249.703s][info ][safepoint    ] Entering safepoint region: Cleanup
[249.703s][info ][safepoint    ] Leaving safepoint region
[249.703s][info ][safepoint    ] Total time for which application threads were stopped: 0.0000914 seconds, Stopping threads took: 0.0000223 seconds
[250.706s][info ][safepoint    ] Application time: 1.0031175 seconds
[250.706s][info ][safepoint    ] Entering safepoint region: Cleanup
[250.706s][info ][safepoint    ] Leaving safepoint region
[250.706s][info ][safepoint    ] Total time for which application threads were stopped: 0.0000715 seconds, Stopping threads took: 0.0000170 seconds
[251.706s][info ][safepoint    ] Application time: 1.0000908 seconds
[251.706s][info ][safepoint    ] Entering safepoint region: Cleanup
[251.706s][info ][safepoint    ] Leaving safepoint region
[251.706s][info ][safepoint    ] Total time for which application threads were stopped: 0.0000727 seconds, Stopping threads took: 0.0000169 seconds
[252.706s][info ][safepoint    ] Application time: 1.0001137 seconds
[252.706s][info ][safepoint    ] Entering safepoint region: Cleanup
[252.706s][info ][safepoint    ] Leaving safepoint region
[252.706s][info ][safepoint    ] Total time for which application threads were stopped: 0.0000908 seconds, Stopping threads took: 0.0000225 seconds
[253.707s][info ][safepoint    ] Application time: 1.0004400 seconds
[253.707s][info ][safepoint    ] Entering safepoint region: Cleanup
[253.707s][info ][safepoint    ] Leaving safepoint region
[253.707s][info ][safepoint    ] Total time for which application threads were stopped: 0.0000754 seconds, Stopping threads took: 0.0000177 seconds
[254.707s][info ][safepoint    ] Application time: 1.0000791 seconds
[254.709s][info ][safepoint    ] Entering safepoint region: Cleanup
[254.710s][info ][safepoint    ] Leaving safepoint region
[254.710s][info ][safepoint    ] Total time for which application threads were stopped: 0.0025999 seconds, Stopping threads took: 0.0025359 seconds
[255.710s][info ][safepoint    ] Application time: 1.0000941 seconds
[255.710s][info ][safepoint    ] Entering safepoint region: Cleanup
[255.710s][info ][safepoint    ] Leaving safepoint region
[255.710s][info ][safepoint    ] Total time for which application threads were stopped: 0.0000715 seconds, Stopping threads took: 0.0000184 seconds
[256.710s][info ][safepoint    ] Application time: 1.0000995 seconds
[256.710s][info ][safepoint    ] Entering safepoint region: Cleanup
[256.710s][info ][safepoint    ] Leaving safepoint region
[256.710s][info ][safepoint    ] Total time for which application threads were stopped: 0.0000990 seconds, Stopping threads took: 0.0000179 seconds
[257.710s][info ][safepoint    ] Application time: 1.0000979 seconds
[257.710s][info ][safepoint    ] Entering safepoint region: Cleanup
[257.710s][info ][safepoint    ] Leaving safepoint region
[257.710s][info ][safepoint    ] Total time for which application threads were stopped: 0.0000892 seconds, Stopping threads took: 0.0000215 seconds
[258.710s][info ][safepoint    ] Application time: 1.0001304 seconds
[258.710s][info ][safepoint    ] Entering safepoint region: Cleanup
[258.710s][info ][safepoint    ] Leaving safepoint region
[258.711s][info ][safepoint    ] Total time for which application threads were stopped: 0.0000881 seconds, Stopping threads took: 0.0000188 seconds
[259.711s][info ][safepoint    ] Application time: 1.0001051 seconds
[259.711s][info ][safepoint    ] Entering safepoint region: Cleanup
[259.711s][info ][safepoint    ] Leaving safepoint region
[259.711s][info ][safepoint    ] Total time for which application threads were stopped: 0.0001269 seconds, Stopping threads took: 0.0000239 seconds
[260.711s][info ][safepoint    ] Application time: 1.0000993 seconds
[260.711s][info ][safepoint    ] Entering safepoint region: Cleanup
[260.711s][info ][safepoint    ] Leaving safepoint region
[260.711s][info ][safepoint    ] Total time for which application threads were stopped: 0.0001707 seconds, Stopping threads took: 0.0000214 seconds
[261.711s][info ][safepoint    ] Application time: 1.0001285 seconds
[261.711s][info ][safepoint    ] Entering safepoint region: Cleanup
[261.711s][info ][safepoint    ] Leaving safepoint region
[261.711s][info ][safepoint    ] Total time for which application threads were stopped: 0.0000633 seconds, Stopping threads took: 0.0000163 seconds
[262.711s][info ][safepoint    ] Application time: 1.0001159 seconds
[262.712s][info ][safepoint    ] Entering safepoint region: Cleanup
[262.712s][info ][safepoint    ] Leaving safepoint region
[262.712s][info ][safepoint    ] Total time for which application threads were stopped: 0.0001486 seconds, Stopping threads took: 0.0000900 seconds
[263.712s][info ][safepoint    ] Application time: 1.0001178 seconds
[263.712s][info ][safepoint    ] Entering safepoint region: Cleanup
[263.712s][info ][safepoint    ] Leaving safepoint region
[263.712s][info ][safepoint    ] Total time for which application threads were stopped: 0.0000989 seconds, Stopping threads took: 0.0000169 seconds
[264.712s][info ][safepoint    ] Application time: 1.0001033 seconds
[264.712s][info ][safepoint    ] Entering safepoint region: Cleanup
[264.712s][info ][safepoint    ] Leaving safepoint region
[264.712s][info ][safepoint    ] Total time for which application threads were stopped: 0.0001049 seconds, Stopping threads took: 0.0000363 seconds
[265.712s][info ][safepoint    ] Application time: 1.0001003 seconds
[265.713s][info ][safepoint    ] Entering safepoint region: Cleanup
[265.713s][info ][safepoint    ] Leaving safepoint region
[265.713s][info ][safepoint    ] Total time for which application threads were stopped: 0.0003078 seconds, Stopping threads took: 0.0000794 seconds
[266.713s][info ][safepoint    ] Application time: 1.0001106 seconds
[266.714s][info ][safepoint    ] Entering safepoint region: Cleanup
[266.714s][info ][safepoint    ] Leaving safepoint region
[266.714s][info ][safepoint    ] Total time for which application threads were stopped: 0.0012510 seconds, Stopping threads took: 0.0011397 seconds
[267.682s][info ][safepoint    ] Application time: 0.9680681 seconds
[267.682s][info ][safepoint    ] Entering safepoint region: RevokeBias
[267.686s][info ][safepoint    ] Leaving safepoint region
[267.686s][info ][safepoint    ] Total time for which application threads were stopped: 0.0036014 seconds, Stopping threads took: 0.0000185 seconds
[314.691s][info ][safepoint    ] Application time: 47.0046568 seconds
[314.691s][info ][safepoint    ] Entering safepoint region: Cleanup
[314.691s][info ][safepoint    ] Leaving safepoint region
[314.691s][info ][safepoint    ] Total time for which application threads were stopped: 0.0001524 seconds, Stopping threads took: 0.0000400 seconds
[327.682s][info ][safepoint    ] Application time: 12.9915292 seconds
[327.682s][info ][safepoint    ] Entering safepoint region: RevokeBias
[327.683s][info ][safepoint    ] Leaving safepoint region
[327.683s][info ][safepoint    ] Total time for which application threads were stopped: 0.0001436 seconds, Stopping threads took: 0.0000597 seconds
[372.695s][info ][safepoint    ] Application time: 45.0124860 seconds
[372.695s][info ][safepoint    ] Entering safepoint region: Cleanup
[372.695s][info ][safepoint    ] Leaving safepoint region
[372.695s][info ][safepoint    ] Total time for which application threads were stopped: 0.0000860 seconds, Stopping threads took: 0.0000324 seconds
[387.682s][info ][safepoint    ] Application time: 14.9871254 seconds
[387.682s][info ][safepoint    ] Entering safepoint region: RevokeBias
[387.682s][info ][safepoint    ] Leaving safepoint region
[387.682s][info ][safepoint    ] Total time for which application threads were stopped: 0.0000924 seconds, Stopping threads took: 0.0000272 seconds
[434.155s][info ][safepoint    ] Application time: 46.4729662 seconds
[434.155s][info ][safepoint    ] Entering safepoint region: RevokeBias
[434.156s][info ][safepoint    ] Leaving safepoint region
[434.156s][info ][safepoint    ] Total time for which application threads were stopped: 0.0001571 seconds, Stopping threads took: 0.0000560 seconds
[434.165s][info ][safepoint    ] Application time: 0.0093481 seconds
[434.165s][info ][safepoint    ] Entering safepoint region: RevokeBias
[434.165s][info ][safepoint    ] Leaving safepoint region
[434.165s][info ][safepoint    ] Total time for which application threads were stopped: 0.0002988 seconds, Stopping threads took: 0.0001401 seconds
[434.177s][info ][safepoint    ] Application time: 0.0114664 seconds
[434.177s][info ][safepoint    ] Entering safepoint region: RevokeBias
[434.177s][info ][safepoint    ] Leaving safepoint region
[434.177s][info ][safepoint    ] Total time for which application threads were stopped: 0.0001313 seconds, Stopping threads took: 0.0000463 seconds
[434.189s][info ][safepoint    ] Application time: 0.0120739 seconds
[434.189s][info ][safepoint    ] Entering safepoint region: RevokeBias
[434.189s][info ][safepoint    ] Leaving safepoint region
[434.189s][info ][safepoint    ] Total time for which application threads were stopped: 0.0001333 seconds, Stopping threads took: 0.0000545 seconds
[434.190s][info ][safepoint    ] Application time: 0.0005038 seconds
[434.190s][info ][safepoint    ] Entering safepoint region: RevokeBias
[434.190s][info ][safepoint    ] Leaving safepoint region
[434.190s][info ][safepoint    ] Total time for which application threads were stopped: 0.0000950 seconds, Stopping threads took: 0.0000495 seconds
[434.190s][info ][safepoint    ] Application time: 0.0000942 seconds
[434.190s][info ][safepoint    ] Entering safepoint region: RevokeBias
[434.190s][info ][safepoint    ] Leaving safepoint region
[434.190s][info ][safepoint    ] Total time for which application threads were stopped: 0.0000689 seconds, Stopping threads took: 0.0000425 seconds
[434.190s][info ][safepoint    ] Application time: 0.0002753 seconds
[434.190s][info ][safepoint    ] Entering safepoint region: RevokeBias
[434.190s][info ][safepoint    ] Leaving safepoint region
[434.190s][info ][safepoint    ] Total time for which application threads were stopped: 0.0000482 seconds, Stopping threads took: 0.0000274 seconds
[434.191s][info ][safepoint    ] Application time: 0.0004114 seconds
[434.191s][info ][safepoint    ] Entering safepoint region: RevokeBias
[434.191s][info ][safepoint    ] Leaving safepoint region
[434.191s][info ][safepoint    ] Total time for which application threads were stopped: 0.0000490 seconds, Stopping threads took: 0.0000228 seconds
[434.192s][info ][safepoint    ] Application time: 0.0008877 seconds
[434.192s][info ][safepoint    ] Entering safepoint region: RevokeBias
[434.192s][info ][safepoint    ] Leaving safepoint region
[434.192s][info ][safepoint    ] Total time for which application threads were stopped: 0.0000406 seconds, Stopping threads took: 0.0000079 seconds
[434.193s][info ][safepoint    ] Application time: 0.0014832 seconds
[434.193s][info ][safepoint    ] Entering safepoint region: RevokeBias
[434.193s][info ][safepoint    ] Leaving safepoint region
[434.193s][info ][safepoint    ] Total time for which application threads were stopped: 0.0000375 seconds, Stopping threads took: 0.0000079 seconds
[434.194s][info ][gc,heap,exit ] Heap
[434.194s][info ][gc,heap,exit ]  par new generation   total 270976K, used 183732K [0x0000000700000000, 0x0000000712600000, 0x0000000714cc0000)
[434.194s][info ][gc,heap,exit ]   eden space 240896K,  74% used [0x0000000700000000, 0x000000070af91930, 0x000000070eb40000)
[434.194s][info ][gc,heap,exit ]   from space 30080K,  13% used [0x000000070eb40000, 0x000000070ef1ba80, 0x00000007108a0000)
[434.194s][info ][gc,heap,exit ]   to   space 30080K,   0% used [0x00000007108a0000, 0x00000007108a0000, 0x0000000712600000)
[434.194s][info ][gc,heap,exit ]  concurrent mark-sweep generation total 602112K, used 266155K [0x0000000714cc0000, 0x00000007398c0000, 0x0000000800000000)
[434.194s][info ][gc,heap,exit ]  Metaspace       used 56736K, capacity 60113K, committed 60340K, reserved 1101824K
[434.194s][info ][gc,heap,exit ]   class space    used 7567K, capacity 9109K, committed 9124K, reserved 1048576K
[434.194s][info ][safepoint    ] Application time: 0.0006332 seconds
[434.194s][info ][safepoint    ] Entering safepoint region: Halt
